192.168.1.7 - - [17/Mar/2014:21:12:57 +0530] "GET /remote-healthcare/healthcare/mapping/chatroom/112 HTTP/1.1" 200 131
192.168.1.7 - - [17/Mar/2014:21:13:02 +0530] "GET /remote-healthcare/healthcare/mapping/chatroom/112 HTTP/1.1" 200 131
192.168.1.7 - - [17/Mar/2014:21:13:07 +0530] "GET /remote-healthcare/healthcare/mapping/chatroom/112 HTTP/1.1" 200 131
192.168.1.7 - - [17/Mar/2014:21:13:12 +0530] "GET /remote-healthcare/healthcare/mapping/chatroom/112 HTTP/1.1" 200 131
192.168.1.7 - - [17/Mar/2014:21:13:17 +0530] "GET /remote-healthcare/healthcare/mapping/chatroom/112 HTTP/1.1" 200 131
192.168.1.7 - - [17/Mar/2014:21:13:22 +0530] "GET /remote-healthcare/healthcare/mapping/chatroom/112 HTTP/1.1" 200 131
192.168.1.7 - - [17/Mar/2014:21:13:27 +0530] "GET /remote-healthcare/healthcare/mapping/chatroom/112 HTTP/1.1" 200 131
192.168.1.7 - - [17/Mar/2014:21:13:32 +0530] "GET /remote-healthcare/healthcare/mapping/chatroom/112 HTTP/1.1" 200 131
192.168.1.7 - - [17/Mar/2014:21:13:37 +0530] "GET /remote-healthcare/healthcare/mapping/chatroom/112 HTTP/1.1" 200 131
192.168.1.7 - - [17/Mar/2014:21:13:42 +0530] "GET /remote-healthcare/healthcare/mapping/chatroom/112 HTTP/1.1" 200 131
192.168.1.7 - - [17/Mar/2014:21:13:48 +0530] "GET /remote-healthcare/healthcare/mapping/chatroom/112 HTTP/1.1" 200 131
192.168.1.7 - - [17/Mar/2014:21:13:53 +0530] "GET /remote-healthcare/healthcare/mapping/chatroom/112 HTTP/1.1" 200 131
192.168.1.7 - - [17/Mar/2014:21:13:58 +0530] "GET /remote-healthcare/healthcare/mapping/chatroom/112 HTTP/1.1" 200 131
192.168.1.7 - - [17/Mar/2014:21:14:03 +0530] "GET /remote-healthcare/healthcare/mapping/chatroom/112 HTTP/1.1" 200 131
192.168.1.7 - - [17/Mar/2014:21:14:08 +0530] "GET /remote-healthcare/healthcare/mapping/chatroom/112 HTTP/1.1" 200 131
192.168.1.7 - - [17/Mar/2014:21:14:13 +0530] "GET /remote-healthcare/healthcare/mapping/chatroom/112 HTTP/1.1" 200 131
192.168.1.7 - - [17/Mar/2014:21:14:18 +0530] "GET /remote-healthcare/healthcare/mapping/chatroom/112 HTTP/1.1" 200 131
192.168.1.7 - - [17/Mar/2014:21:14:23 +0530] "GET /remote-healthcare/healthcare/mapping/chatroom/112 HTTP/1.1" 200 131
192.168.1.7 - - [17/Mar/2014:21:14:28 +0530] "GET /remote-healthcare/healthcare/mapping/chatroom/112 HTTP/1.1" 200 131
192.168.1.7 - - [17/Mar/2014:21:14:33 +0530] "GET /remote-healthcare/healthcare/mapping/chatroom/112 HTTP/1.1" 200 131
192.168.1.7 - - [17/Mar/2014:21:14:38 +0530] "GET /remote-healthcare/healthcare/mapping/chatroom/112 HTTP/1.1" 200 131
192.168.1.7 - - [17/Mar/2014:21:14:43 +0530] "GET /remote-healthcare/healthcare/mapping/chatroom/112 HTTP/1.1" 200 131
192.168.1.7 - - [17/Mar/2014:21:14:48 +0530] "GET /remote-healthcare/healthcare/mapping/chatroom/112 HTTP/1.1" 200 131
192.168.1.7 - - [17/Mar/2014:21:14:53 +0530] "GET /remote-healthcare/healthcare/mapping/chatroom/112 HTTP/1.1" 200 131
192.168.1.7 - - [17/Mar/2014:21:14:58 +0530] "GET /remote-healthcare/healthcare/mapping/chatroom/112 HTTP/1.1" 200 131
192.168.1.7 - - [17/Mar/2014:21:15:03 +0530] "GET /remote-healthcare/healthcare/mapping/chatroom/112 HTTP/1.1" 200 131
192.168.1.7 - - [17/Mar/2014:21:15:09 +0530] "GET /remote-healthcare/healthcare/mapping/chatroom/112 HTTP/1.1" 200 131
192.168.1.7 - - [17/Mar/2014:21:15:14 +0530] "GET /remote-healthcare/healthcare/mapping/chatroom/112 HTTP/1.1" 200 131
192.168.1.7 - - [17/Mar/2014:21:15:19 +0530] "GET /remote-healthcare/healthcare/mapping/chatroom/112 HTTP/1.1" 200 131
192.168.1.7 - - [17/Mar/2014:21:15:24 +0530] "GET /remote-healthcare/healthcare/mapping/chatroom/112 HTTP/1.1" 200 131
192.168.1.7 - - [17/Mar/2014:21:15:29 +0530] "GET /remote-healthcare/healthcare/mapping/chatroom/112 HTTP/1.1" 200 131
192.168.1.7 - - [17/Mar/2014:21:15:34 +0530] "GET /remote-healthcare/healthcare/mapping/chatroom/112 HTTP/1.1" 200 131
192.168.1.7 - - [17/Mar/2014:21:15:39 +0530] "GET /remote-healthcare/healthcare/mapping/chatroom/112 HTTP/1.1" 200 131
192.168.1.7 - - [17/Mar/2014:21:15:44 +0530] "GET /remote-healthcare/healthcare/mapping/chatroom/112 HTTP/1.1" 200 131
192.168.1.7 - - [17/Mar/2014:21:15:49 +0530] "GET /remote-healthcare/healthcare/mapping/chatroom/112 HTTP/1.1" 200 131
192.168.1.7 - - [17/Mar/2014:21:15:54 +0530] "GET /remote-healthcare/healthcare/mapping/chatroom/112 HTTP/1.1" 200 131
192.168.1.9 - - [17/Mar/2014:21:15:59 +0530] "GET /remote-healthcare/healthcare/mapping/docrequestcheck HTTP/1.1" 200 -
192.168.1.7 - - [17/Mar/2014:21:15:59 +0530] "GET /remote-healthcare/healthcare/mapping/chatroom/112 HTTP/1.1" 200 131
192.168.1.9 - - [17/Mar/2014:21:16:04 +0530] "GET /remote-healthcare/healthcare/mapping/docrequestcheck HTTP/1.1" 200 -
192.168.1.7 - - [17/Mar/2014:21:16:04 +0530] "GET /remote-healthcare/healthcare/mapping/chatroom/112 HTTP/1.1" 200 131
192.168.1.9 - - [17/Mar/2014:21:21:12 +0530] "GET /remote-healthcare/healthcare/mapping/docrequestcheck HTTP/1.1" 200 -
192.168.1.7 - - [17/Mar/2014:21:21:12 +0530] "GET /remote-healthcare/healthcare/mapping/chatroom/112 HTTP/1.1" 200 131
192.168.1.9 - - [17/Mar/2014:21:21:17 +0530] "GET /remote-healthcare/healthcare/mapping/docrequestcheck HTTP/1.1" 200 -
192.168.1.7 - - [17/Mar/2014:21:21:17 +0530] "GET /remote-healthcare/healthcare/mapping/chatroom/112 HTTP/1.1" 200 131
192.168.1.9 - - [17/Mar/2014:21:21:21 +0530] "GET /ApnaAspatalDoctorWebClient/ApnaAspatalDoctorHome.html HTTP/1.1" 304 -
192.168.1.7 - - [17/Mar/2014:21:21:22 +0530] "GET /remote-healthcare/healthcare/mapping/chatroom/112 HTTP/1.1" 200 131
192.168.1.9 - - [17/Mar/2014:21:21:26 +0530] "GET /remote-healthcare/healthcare/mapping/docrequestcheck HTTP/1.1" 200 -
192.168.1.9 - - [17/Mar/2014:21:21:34 +0530] "GET /remote-healthcare/healthcare/mapping/docrequestcheck HTTP/1.1" 200 -
192.168.1.7 - - [17/Mar/2014:21:21:34 +0530] "GET /ApnaAspatalBoothWebClient/ApnaAspatalBoothLogin.html HTTP/1.1" 304 -
192.168.1.9 - - [17/Mar/2014:21:21:39 +0530] "GET /remote-healthcare/healthcare/mapping/docrequestcheck HTTP/1.1" 200 -
192.168.1.7 - - [17/Mar/2014:21:21:42 +0530] "GET /remote-healthcare/healthcare/apnaaspatal/boothlogin HTTP/1.1" 200 -
192.168.1.7 - - [17/Mar/2014:21:21:43 +0530] "GET /ApnaAspatalBoothWebClient/ApnaAspatalBoothHome.html HTTP/1.1" 304 -
192.168.1.9 - - [17/Mar/2014:21:21:44 +0530] "GET /remote-healthcare/healthcare/mapping/docrequestcheck HTTP/1.1" 200 -
192.168.1.7 - - [17/Mar/2014:21:21:45 +0530] "GET /ApnaAspatalBoothWebClient/ApnaAspatalPatientRegistration.html HTTP/1.1" 304 -
192.168.1.9 - - [17/Mar/2014:21:21:49 +0530] "GET /remote-healthcare/healthcare/mapping/docrequestcheck HTTP/1.1" 200 -
192.168.1.9 - - [17/Mar/2014:21:21:54 +0530] "GET /remote-healthcare/healthcare/mapping/docrequestcheck HTTP/1.1" 200 -
192.168.1.9 - - [17/Mar/2014:21:22:00 +0530] "GET /remote-healthcare/healthcare/mapping/docrequestcheck HTTP/1.1" 200 -
192.168.1.9 - - [17/Mar/2014:21:22:05 +0530] "GET /remote-healthcare/healthcare/mapping/docrequestcheck HTTP/1.1" 200 -
192.168.1.9 - - [17/Mar/2014:21:22:10 +0530] "GET /remote-healthcare/healthcare/mapping/docrequestcheck HTTP/1.1" 200 -
192.168.1.9 - - [17/Mar/2014:21:22:15 +0530] "GET /remote-healthcare/healthcare/mapping/docrequestcheck HTTP/1.1" 200 -
192.168.1.9 - - [17/Mar/2014:21:22:20 +0530] "GET /remote-healthcare/healthcare/mapping/docrequestcheck HTTP/1.1" 200 -
192.168.1.9 - - [17/Mar/2014:21:22:26 +0530] "GET /remote-healthcare/healthcare/mapping/docrequestcheck HTTP/1.1" 200 -
192.168.1.7 - - [17/Mar/2014:21:22:30 +0530] "POST /remote-healthcare/healthcare/patientaddress/addressanddetail/save HTTP/1.1" 200 111
192.168.1.9 - - [17/Mar/2014:21:22:31 +0530] "GET /remote-healthcare/healthcare/mapping/docrequestcheck HTTP/1.1" 200 -
192.168.1.7 - - [17/Mar/2014:21:22:32 +0530] "GET /ApnaAspatalBoothWebClient/ApnaAspatalPrimaryQuestions.html HTTP/1.1" 304 -
192.168.1.9 - - [17/Mar/2014:21:22:36 +0530] "GET /remote-healthcare/healthcare/mapping/docrequestcheck HTTP/1.1" 200 -
192.168.1.7 - - [17/Mar/2014:21:22:39 +0530] "POST /remote-healthcare/healthcare/doctorfaq/save HTTP/1.1" 200 111
192.168.1.7 - - [17/Mar/2014:21:22:39 +0530] "GET /ApnaAspatalBoothWebClient/ApnaAspatalPrimaryTestParameters.html HTTP/1.1" 200 13882
192.168.1.9 - - [17/Mar/2014:21:22:41 +0530] "GET /remote-healthcare/healthcare/mapping/docrequestcheck HTTP/1.1" 200 -
192.168.1.9 - - [17/Mar/2014:21:22:46 +0530] "GET /remote-healthcare/healthcare/mapping/docrequestcheck HTTP/1.1" 200 -
192.168.1.7 - - [17/Mar/2014:21:22:48 +0530] "GET /remote-healthcare/healthcare/mapping/chatroom/null HTTP/1.1" 400 968
192.168.1.7 - - [17/Mar/2014:21:22:51 +0530] "POST /remote-healthcare/healthcare/sendtodoctor/webhealthdetal HTTP/1.1" 200 193
192.168.1.9 - - [17/Mar/2014:21:22:52 +0530] "GET /remote-healthcare/healthcare/mapping/docrequestcheck HTTP/1.1" 200 294
192.168.1.7 - - [17/Mar/2014:21:22:53 +0530] "GET /remote-healthcare/healthcare/mapping/chatroom/113 HTTP/1.1" 200 82
192.168.1.9 - - [17/Mar/2014:21:22:57 +0530] "GET /remote-healthcare/healthcare/mapping/attended/458 HTTP/1.1" 200 773
192.168.1.9 - - [17/Mar/2014:21:22:58 +0530] "GET /ApnaAspatalDoctorWebClient/ApnaAspatalPatientHealthDetail.html HTTP/1.1" 304 -
192.168.1.7 - - [17/Mar/2014:21:22:58 +0530] "GET /remote-healthcare/healthcare/mapping/chatroom/113 HTTP/1.1" 200 82
192.168.1.7 - - [17/Mar/2014:21:23:03 +0530] "GET /remote-healthcare/healthcare/mapping/chatroom/113 HTTP/1.1" 200 82
192.168.1.7 - - [17/Mar/2014:21:23:08 +0530] "GET /remote-healthcare/healthcare/mapping/chatroom/113 HTTP/1.1" 200 82
192.168.1.7 - - [17/Mar/2014:21:23:13 +0530] "GET /remote-healthcare/healthcare/mapping/chatroom/113 HTTP/1.1" 200 82
192.168.1.7 - - [17/Mar/2014:21:23:19 +0530] "GET /remote-healthcare/healthcare/mapping/chatroom/113 HTTP/1.1" 200 82
192.168.1.9 - - [17/Mar/2014:21:23:19 +0530] "GET /remote-healthcare/healthcare/mapping/attended/chat/113 HTTP/1.1" 200 132
192.168.1.7 - - [17/Mar/2014:21:23:24 +0530] "GET /remote-healthcare/healthcare/mapping/chatroom/113 HTTP/1.1" 200 132
192.168.1.7 - - [17/Mar/2014:21:23:29 +0530] "GET /remote-healthcare/healthcare/mapping/chatroom/113 HTTP/1.1" 200 132
192.168.1.7 - - [17/Mar/2014:21:23:34 +0530] "GET /remote-healthcare/healthcare/mapping/chatroom/113 HTTP/1.1" 200 132
192.168.1.7 - - [17/Mar/2014:21:23:39 +0530] "GET /remote-healthcare/healthcare/mapping/chatroom/113 HTTP/1.1" 200 132
192.168.1.7 - - [17/Mar/2014:21:23:44 +0530] "GET /remote-healthcare/healthcare/mapping/chatroom/113 HTTP/1.1" 200 132
192.168.1.7 - - [17/Mar/2014:21:23:49 +0530] "GET /remote-healthcare/healthcare/mapping/chatroom/113 HTTP/1.1" 200 132
192.168.1.7 - - [17/Mar/2014:21:23:54 +0530] "GET /remote-healthcare/healthcare/mapping/chatroom/113 HTTP/1.1" 200 132
192.168.1.7 - - [17/Mar/2014:21:23:59 +0530] "GET /remote-healthcare/healthcare/mapping/chatroom/113 HTTP/1.1" 200 132
192.168.1.7 - - [17/Mar/2014:21:24:04 +0530] "GET /remote-healthcare/healthcare/mapping/chatroom/113 HTTP/1.1" 200 132
192.168.1.7 - - [17/Mar/2014:21:24:09 +0530] "GET /remote-healthcare/healthcare/mapping/chatroom/113 HTTP/1.1" 200 132
192.168.1.7 - - [17/Mar/2014:21:24:14 +0530] "GET /remote-healthcare/healthcare/mapping/chatroom/113 HTTP/1.1" 200 132
192.168.1.7 - - [17/Mar/2014:21:24:19 +0530] "GET /remote-healthcare/healthcare/mapping/chatroom/113 HTTP/1.1" 200 132
192.168.1.7 - - [17/Mar/2014:21:24:24 +0530] "GET /remote-healthcare/healthcare/mapping/chatroom/113 HTTP/1.1" 200 132
192.168.1.7 - - [17/Mar/2014:21:24:30 +0530] "GET /remote-healthcare/healthcare/mapping/chatroom/113 HTTP/1.1" 200 132
192.168.1.7 - - [17/Mar/2014:21:24:35 +0530] "GET /remote-healthcare/healthcare/mapping/chatroom/113 HTTP/1.1" 200 132
192.168.1.7 - - [17/Mar/2014:21:24:40 +0530] "GET /remote-healthcare/healthcare/mapping/chatroom/113 HTTP/1.1" 200 132
192.168.1.7 - - [17/Mar/2014:21:24:45 +0530] "GET /remote-healthcare/healthcare/mapping/chatroom/113 HTTP/1.1" 200 132
192.168.1.7 - - [17/Mar/2014:21:24:50 +0530] "GET /remote-healthcare/healthcare/mapping/chatroom/113 HTTP/1.1" 200 132
192.168.1.9 - - [17/Mar/2014:21:27:05 +0530] "GET /remote-healthcare/healthcare/mapping/docrequestcheck HTTP/1.1" 200 -
192.168.1.9 - - [17/Mar/2014:21:27:10 +0530] "GET /remote-healthcare/healthcare/mapping/docrequestcheck HTTP/1.1" 200 -
192.168.1.9 - - [17/Mar/2014:21:27:15 +0530] "GET /remote-healthcare/healthcare/mapping/docrequestcheck HTTP/1.1" 200 -
192.168.1.9 - - [17/Mar/2014:21:27:21 +0530] "GET /remote-healthcare/healthcare/mapping/docrequestcheck HTTP/1.1" 200 -
192.168.1.9 - - [17/Mar/2014:21:27:26 +0530] "GET /remote-healthcare/healthcare/mapping/docrequestcheck HTTP/1.1" 200 -
192.168.1.9 - - [17/Mar/2014:21:27:32 +0530] "GET /remote-healthcare/healthcare/mapping/docrequestcheck HTTP/1.1" 200 -
192.168.1.9 - - [17/Mar/2014:21:27:37 +0530] "GET /remote-healthcare/healthcare/mapping/docrequestcheck HTTP/1.1" 200 -
192.168.1.9 - - [17/Mar/2014:21:27:42 +0530] "GET /remote-healthcare/healthcare/mapping/docrequestcheck HTTP/1.1" 200 -
192.168.1.7 - - [17/Mar/2014:21:27:44 +0530] "POST /remote-healthcare/healthcare/patientaddress/addressanddetail/save HTTP/1.1" 200 111
192.168.1.7 - - [17/Mar/2014:21:27:45 +0530] "GET /ApnaAspatalBoothWebClient/ApnaAspatalPrimaryQuestions.html HTTP/1.1" 304 -
192.168.1.9 - - [17/Mar/2014:21:27:47 +0530] "GET /remote-healthcare/healthcare/mapping/docrequestcheck HTTP/1.1" 200 -
192.168.1.9 - - [17/Mar/2014:21:27:52 +0530] "GET /remote-healthcare/healthcare/mapping/docrequestcheck HTTP/1.1" 200 -
192.168.1.7 - - [17/Mar/2014:21:27:55 +0530] "POST /remote-healthcare/healthcare/doctorfaq/save HTTP/1.1" 200 111
192.168.1.7 - - [17/Mar/2014:21:27:55 +0530] "GET /ApnaAspatalBoothWebClient/ApnaAspatalPrimaryTestParameters.html HTTP/1.1" 200 13949
192.168.1.9 - - [17/Mar/2014:21:27:57 +0530] "GET /remote-healthcare/healthcare/mapping/docrequestcheck HTTP/1.1" 200 -
192.168.1.7 - - [17/Mar/2014:21:28:00 +0530] "GET /remote-healthcare/healthcare/mapping/chatroom/null HTTP/1.1" 400 968
192.168.1.9 - - [17/Mar/2014:21:28:02 +0530] "GET /remote-healthcare/healthcare/mapping/docrequestcheck HTTP/1.1" 200 -
192.168.1.7 - - [17/Mar/2014:21:28:05 +0530] "GET /remote-healthcare/healthcare/mapping/chatroom/null HTTP/1.1" 400 968
192.168.1.7 - - [17/Mar/2014:21:28:07 +0530] "POST /remote-healthcare/healthcare/sendtodoctor/webhealthdetal HTTP/1.1" 200 193
192.168.1.9 - - [17/Mar/2014:21:28:07 +0530] "GET /remote-healthcare/healthcare/mapping/docrequestcheck HTTP/1.1" 200 294
192.168.1.7 - - [17/Mar/2014:21:28:10 +0530] "GET /remote-healthcare/healthcare/mapping/chatroom/114 HTTP/1.1" 200 82
192.168.1.9 - - [17/Mar/2014:21:28:12 +0530] "GET /remote-healthcare/healthcare/mapping/attended/459 HTTP/1.1" 200 800
192.168.1.9 - - [17/Mar/2014:21:28:12 +0530] "GET /ApnaAspatalDoctorWebClient/ApnaAspatalPatientHealthDetail.html HTTP/1.1" 304 -
192.168.1.7 - - [17/Mar/2014:21:28:16 +0530] "GET /remote-healthcare/healthcare/mapping/chatroom/114 HTTP/1.1" 200 82
192.168.1.7 - - [17/Mar/2014:21:28:21 +0530] "GET /remote-healthcare/healthcare/mapping/chatroom/114 HTTP/1.1" 200 82
192.168.1.7 - - [17/Mar/2014:21:28:26 +0530] "GET /remote-healthcare/healthcare/mapping/chatroom/114 HTTP/1.1" 200 82
192.168.1.9 - - [17/Mar/2014:21:28:27 +0530] "GET /remote-healthcare/healthcare/mapping/attended/chat/114 HTTP/1.1" 200 132
192.168.1.7 - - [17/Mar/2014:21:28:31 +0530] "GET /remote-healthcare/healthcare/mapping/chatroom/114 HTTP/1.1" 200 132
192.168.1.7 - - [17/Mar/2014:21:28:36 +0530] "GET /remote-healthcare/healthcare/mapping/chatroom/114 HTTP/1.1" 200 132
192.168.1.7 - - [17/Mar/2014:21:28:41 +0530] "GET /remote-healthcare/healthcare/mapping/chatroom/114 HTTP/1.1" 200 132
192.168.1.7 - - [17/Mar/2014:21:28:46 +0530] "GET /remote-healthcare/healthcare/mapping/chatroom/114 HTTP/1.1" 200 132
192.168.1.7 - - [17/Mar/2014:21:28:51 +0530] "GET /remote-healthcare/healthcare/mapping/chatroom/114 HTTP/1.1" 200 132
192.168.1.7 - - [17/Mar/2014:21:28:56 +0530] "GET /remote-healthcare/healthcare/mapping/chatroom/114 HTTP/1.1" 200 132
192.168.1.7 - - [17/Mar/2014:21:29:01 +0530] "GET /remote-healthcare/healthcare/mapping/chatroom/114 HTTP/1.1" 200 132
192.168.1.7 - - [17/Mar/2014:21:29:06 +0530] "GET /remote-healthcare/healthcare/mapping/chatroom/114 HTTP/1.1" 200 132
192.168.1.7 - - [17/Mar/2014:21:29:11 +0530] "GET /remote-healthcare/healthcare/mapping/chatroom/114 HTTP/1.1" 200 132
192.168.1.7 - - [17/Mar/2014:21:29:16 +0530] "GET /remote-healthcare/healthcare/mapping/chatroom/114 HTTP/1.1" 200 132
192.168.1.7 - - [17/Mar/2014:21:29:21 +0530] "GET /remote-healthcare/healthcare/mapping/chatroom/114 HTTP/1.1" 200 132
192.168.1.7 - - [17/Mar/2014:21:29:27 +0530] "GET /remote-healthcare/healthcare/mapping/chatroom/114 HTTP/1.1" 200 132
192.168.1.7 - - [17/Mar/2014:21:29:32 +0530] "GET /remote-healthcare/healthcare/mapping/chatroom/114 HTTP/1.1" 200 132
192.168.1.7 - - [17/Mar/2014:21:29:37 +0530] "GET /remote-healthcare/healthcare/mapping/chatroom/114 HTTP/1.1" 200 132
192.168.1.7 - - [17/Mar/2014:21:29:42 +0530] "GET /remote-healthcare/healthcare/mapping/chatroom/114 HTTP/1.1" 200 132
192.168.1.7 - - [17/Mar/2014:21:29:47 +0530] "GET /remote-healthcare/healthcare/mapping/chatroom/114 HTTP/1.1" 200 132
192.168.1.7 - - [17/Mar/2014:21:29:52 +0530] "GET /remote-healthcare/healthcare/mapping/chatroom/114 HTTP/1.1" 200 132
192.168.1.7 - - [17/Mar/2014:21:29:57 +0530] "GET /remote-healthcare/healthcare/mapping/chatroom/114 HTTP/1.1" 200 132
192.168.1.7 - - [17/Mar/2014:21:34:25 +0530] "GET /ApnaAspatalBoothWebClient/ApnaAspatalPrimaryQuestions.html HTTP/1.1" 200 47694
192.168.1.7 - - [17/Mar/2014:21:34:25 +0530] "GET /ApnaAspatalBoothWebClient/js/jquery-2.0.3.min.js HTTP/1.1" 200 250978
192.168.1.7 - - [17/Mar/2014:21:34:26 +0530] "GET /ApnaAspatalBoothWebClient/apnaaspatal.jpg HTTP/1.1" 200 39731
192.168.1.9 - - [17/Mar/2014:21:34:26 +0530] "GET /remote-healthcare/healthcare/mapping/docrequestcheck HTTP/1.1" 200 -
192.168.1.7 - - [17/Mar/2014:21:34:26 +0530] "GET /favicon.ico HTTP/1.1" 200 21630
192.168.1.7 - - [17/Mar/2014:21:34:31 +0530] "GET /ApnaAspatalBoothWebClient/ApnaAspatalPatientRegistration.html HTTP/1.1" 200 9732
192.168.1.9 - - [17/Mar/2014:21:34:31 +0530] "GET /remote-healthcare/healthcare/mapping/docrequestcheck HTTP/1.1" 200 -
192.168.1.9 - - [17/Mar/2014:21:34:36 +0530] "GET /remote-healthcare/healthcare/mapping/docrequestcheck HTTP/1.1" 200 -
192.168.1.9 - - [17/Mar/2014:21:34:42 +0530] "GET /remote-healthcare/healthcare/mapping/docrequestcheck HTTP/1.1" 200 -
192.168.1.9 - - [17/Mar/2014:21:34:48 +0530] "GET /remote-healthcare/healthcare/mapping/docrequestcheck HTTP/1.1" 200 -
192.168.1.9 - - [17/Mar/2014:21:34:53 +0530] "GET /remote-healthcare/healthcare/mapping/docrequestcheck HTTP/1.1" 200 -
192.168.1.7 - - [17/Mar/2014:21:34:53 +0530] "POST /remote-healthcare/healthcare/patientaddress/addressanddetail/save HTTP/1.1" 200 111
192.168.1.9 - - [17/Mar/2014:21:34:58 +0530] "GET /remote-healthcare/healthcare/mapping/docrequestcheck HTTP/1.1" 200 -
192.168.1.9 - - [17/Mar/2014:21:35:03 +0530] "GET /remote-healthcare/healthcare/mapping/docrequestcheck HTTP/1.1" 200 -
192.168.1.7 - - [17/Mar/2014:21:35:05 +0530] "POST /remote-healthcare/healthcare/doctorfaq/save HTTP/1.1" 200 111
192.168.1.7 - - [17/Mar/2014:21:35:05 +0530] "GET /ApnaAspatalBoothWebClient/ApnaAspatalPrimaryTestParameters.html HTTP/1.1" 200 13953
192.168.1.9 - - [17/Mar/2014:21:35:08 +0530] "GET /remote-healthcare/healthcare/mapping/docrequestcheck HTTP/1.1" 200 -
192.168.1.9 - - [17/Mar/2014:21:35:14 +0530] "GET /remote-healthcare/healthcare/mapping/docrequestcheck HTTP/1.1" 200 -
192.168.1.7 - - [17/Mar/2014:21:35:15 +0530] "GET /remote-healthcare/healthcare/mapping/chatroom/null HTTP/1.1" 400 968
192.168.1.9 - - [17/Mar/2014:21:35:19 +0530] "GET /remote-healthcare/healthcare/mapping/docrequestcheck HTTP/1.1" 200 -
192.168.1.7 - - [17/Mar/2014:21:35:21 +0530] "GET /remote-healthcare/healthcare/mapping/chatroom/null HTTP/1.1" 400 968
192.168.1.9 - - [17/Mar/2014:21:35:24 +0530] "GET /remote-healthcare/healthcare/mapping/docrequestcheck HTTP/1.1" 200 -
192.168.1.7 - - [17/Mar/2014:21:35:26 +0530] "GET /remote-healthcare/healthcare/mapping/chatroom/null HTTP/1.1" 400 968
192.168.1.9 - - [17/Mar/2014:21:35:29 +0530] "GET /remote-healthcare/healthcare/mapping/docrequestcheck HTTP/1.1" 200 -
192.168.1.7 - - [17/Mar/2014:21:35:30 +0530] "POST /remote-healthcare/healthcare/sendtodoctor/webhealthdetal HTTP/1.1" 200 193
192.168.1.7 - - [17/Mar/2014:21:35:31 +0530] "GET /remote-healthcare/healthcare/mapping/chatroom/115 HTTP/1.1" 200 82
192.168.1.9 - - [17/Mar/2014:21:35:34 +0530] "GET /remote-healthcare/healthcare/mapping/docrequestcheck HTTP/1.1" 200 294
192.168.1.9 - - [17/Mar/2014:21:35:40 +0530] "GET /remote-healthcare/healthcare/mapping/attended/460 HTTP/1.1" 200 778
192.168.1.9 - - [17/Mar/2014:21:35:40 +0530] "GET /ApnaAspatalDoctorWebClient/ApnaAspatalPatientHealthDetail.html HTTP/1.1" 304 -
192.168.1.7 - - [17/Mar/2014:21:35:41 +0530] "GET /remote-healthcare/healthcare/mapping/chatroom/115 HTTP/1.1" 200 82
192.168.1.7 - - [17/Mar/2014:21:35:50 +0530] "GET /remote-healthcare/healthcare/mapping/chatroom/115 HTTP/1.1" 200 82
192.168.1.7 - - [17/Mar/2014:21:35:58 +0530] "GET /remote-healthcare/healthcare/mapping/chatroom/115 HTTP/1.1" 200 82
192.168.1.7 - - [17/Mar/2014:21:36:08 +0530] "GET /remote-healthcare/healthcare/mapping/chatroom/115 HTTP/1.1" 200 82
192.168.1.9 - - [17/Mar/2014:21:36:12 +0530] "GET /remote-healthcare/healthcare/mapping/attended/chat/115 HTTP/1.1" 200 131
192.168.1.7 - - [17/Mar/2014:21:36:18 +0530] "GET /remote-healthcare/healthcare/mapping/chatroom/115 HTTP/1.1" 200 131
192.168.1.7 - - [17/Mar/2014:21:36:28 +0530] "GET /remote-healthcare/healthcare/mapping/chatroom/115 HTTP/1.1" 200 131
192.168.1.7 - - [17/Mar/2014:21:36:37 +0530] "GET /remote-healthcare/healthcare/mapping/chatroom/115 HTTP/1.1" 200 131
192.168.1.7 - - [17/Mar/2014:21:36:44 +0530] "GET /remote-healthcare/healthcare/mapping/chatroom/115 HTTP/1.1" 200 131
192.168.1.7 - - [17/Mar/2014:21:37:08 +0530] "GET /remote-healthcare/healthcare/mapping/chatroom/115 HTTP/1.1" 200 131
192.168.1.7 - - [17/Mar/2014:21:37:14 +0530] "GET /remote-healthcare/healthcare/mapping/chatroom/115 HTTP/1.1" 200 131
192.168.1.7 - - [17/Mar/2014:21:37:22 +0530] "GET /remote-healthcare/healthcare/mapping/chatroom/115 HTTP/1.1" 200 131
192.168.1.7 - - [17/Mar/2014:21:37:42 +0530] "GET /remote-healthcare/healthcare/mapping/chatroom/115 HTTP/1.1" 200 131
192.168.1.7 - - [17/Mar/2014:21:37:50 +0530] "GET /remote-healthcare/healthcare/mapping/chatroom/115 HTTP/1.1" 200 131
192.168.1.7 - - [17/Mar/2014:21:38:27 +0530] "GET /remote-healthcare/healthcare/mapping/chatroom/115 HTTP/1.1" 200 131
192.168.1.7 - - [17/Mar/2014:21:39:32 +0530] "GET /ApnaAspatalBoothWebClient/ApnaAspatalPrimaryTestParameters. HTTP/1.1" 404 1069
192.168.1.7 - - [17/Mar/2014:21:39:43 +0530] "GET /ApnaAspatalBoothWebClient/ApnaAspatalBoothHome.html HTTP/1.1" 200 1654
192.168.1.7 - - [17/Mar/2014:21:39:44 +0530] "GET /ApnaAspatalBoothWebClient/Remotecare.jpg HTTP/1.1" 200 7443
192.168.1.7 - - [17/Mar/2014:21:39:44 +0530] "GET /ApnaAspatalBoothWebClient/down-arrow-icon.jpg HTTP/1.1" 200 104195
192.168.1.7 - - [17/Mar/2014:21:39:46 +0530] "GET /ApnaAspatalBoothWebClient/ApnaAspatalBoothLogin.html HTTP/1.1" 200 3786
192.168.1.7 - - [17/Mar/2014:21:39:46 +0530] "GET /ApnaAspatalBoothWebClient/Login.jpg HTTP/1.1" 200 34712
192.168.1.9 - - [17/Mar/2014:21:40:16 +0530] "GET /ApnaAspatalDoctorWebClient/ApnaAspatalDoctorHome.html HTTP/1.1" 304 -
192.168.1.9 - - [17/Mar/2014:21:40:21 +0530] "GET /remote-healthcare/healthcare/mapping/docrequestcheck HTTP/1.1" 200 -
192.168.1.7 - - [17/Mar/2014:21:40:24 +0530] "GET /ApnaAspatalBoothWebClient/ApnaAspatalBoothLogin.html HTTP/1.1" 200 3786
192.168.1.9 - - [17/Mar/2014:21:40:27 +0530] "GET /remote-healthcare/healthcare/mapping/docrequestcheck HTTP/1.1" 200 -
192.168.1.7 - - [17/Mar/2014:21:40:27 +0530] "GET /ApnaAspatalBoothWebClient/js/jquery-2.0.3.min.js HTTP/1.1" 200 250978
192.168.1.7 - - [17/Mar/2014:21:40:27 +0530] "GET /ApnaAspatalBoothWebClient/apnaaspatal.jpg HTTP/1.1" 200 39731
192.168.1.7 - - [17/Mar/2014:21:40:29 +0530] "GET /ApnaAspatalBoothWebClient/Login.jpg HTTP/1.1" 200 34712
192.168.1.7 - - [17/Mar/2014:21:40:30 +0530] "GET /favicon.ico HTTP/1.1" 200 21630
192.168.1.9 - - [17/Mar/2014:21:40:32 +0530] "GET /remote-healthcare/healthcare/mapping/docrequestcheck HTTP/1.1" 200 -
192.168.1.9 - - [17/Mar/2014:21:40:37 +0530] "GET /remote-healthcare/healthcare/mapping/docrequestcheck HTTP/1.1" 200 -
192.168.1.9 - - [17/Mar/2014:21:40:42 +0530] "GET /remote-healthcare/healthcare/mapping/docrequestcheck HTTP/1.1" 200 -
192.168.1.9 - - [17/Mar/2014:21:40:47 +0530] "GET /remote-healthcare/healthcare/mapping/docrequestcheck HTTP/1.1" 200 -
192.168.1.9 - - [17/Mar/2014:21:40:52 +0530] "GET /remote-healthcare/healthcare/mapping/docrequestcheck HTTP/1.1" 200 -
192.168.1.9 - - [17/Mar/2014:21:40:57 +0530] "GET /remote-healthcare/healthcare/mapping/docrequestcheck HTTP/1.1" 200 -
192.168.1.7 - - [17/Mar/2014:21:41:00 +0530] "GET /remote-healthcare/healthcare/apnaaspatal/boothlogin HTTP/1.1" 401 1061
192.168.1.7 - - [17/Mar/2014:21:41:00 +0530] "GET /remote-healthcare/healthcare/apnaaspatal/boothlogin HTTP/1.1" 200 -
192.168.1.7 - - [17/Mar/2014:21:41:00 +0530] "GET /ApnaAspatalBoothWebClient/ApnaAspatalBoothHome.html HTTP/1.1" 200 1654
192.168.1.7 - - [17/Mar/2014:21:41:01 +0530] "GET /ApnaAspatalBoothWebClient/Remotecare.jpg HTTP/1.1" 200 7443
192.168.1.7 - - [17/Mar/2014:21:41:01 +0530] "GET /ApnaAspatalBoothWebClient/down-arrow-icon.jpg HTTP/1.1" 200 104195
192.168.1.9 - - [17/Mar/2014:21:41:02 +0530] "GET /remote-healthcare/healthcare/mapping/docrequestcheck HTTP/1.1" 200 -
192.168.1.7 - - [17/Mar/2014:21:41:04 +0530] "GET /ApnaAspatalBoothWebClient/ApnaAspatalPatientRegistration.html HTTP/1.1" 200 9732
192.168.1.9 - - [17/Mar/2014:21:41:07 +0530] "GET /remote-healthcare/healthcare/mapping/docrequestcheck HTTP/1.1" 200 -
192.168.1.9 - - [17/Mar/2014:21:41:12 +0530] "GET /remote-healthcare/healthcare/mapping/docrequestcheck HTTP/1.1" 200 -
192.168.1.9 - - [17/Mar/2014:21:41:17 +0530] "GET /remote-healthcare/healthcare/mapping/docrequestcheck HTTP/1.1" 200 -
192.168.1.9 - - [17/Mar/2014:21:41:22 +0530] "GET /remote-healthcare/healthcare/mapping/docrequestcheck HTTP/1.1" 200 -
192.168.1.9 - - [17/Mar/2014:21:41:28 +0530] "GET /remote-healthcare/healthcare/mapping/docrequestcheck HTTP/1.1" 200 -
192.168.1.7 - - [17/Mar/2014:21:41:29 +0530] "POST /remote-healthcare/healthcare/patientaddress/addressanddetail/save HTTP/1.1" 200 111
192.168.1.7 - - [17/Mar/2014:21:41:31 +0530] "GET /ApnaAspatalBoothWebClient/ApnaAspatalPrimaryQuestions.html HTTP/1.1" 200 47694
192.168.1.9 - - [17/Mar/2014:21:41:33 +0530] "GET /remote-healthcare/healthcare/mapping/docrequestcheck HTTP/1.1" 200 -
192.168.1.9 - - [17/Mar/2014:21:41:38 +0530] "GET /remote-healthcare/healthcare/mapping/docrequestcheck HTTP/1.1" 200 -
192.168.1.7 - - [17/Mar/2014:21:41:39 +0530] "POST /remote-healthcare/healthcare/doctorfaq/save HTTP/1.1" 200 111
192.168.1.7 - - [17/Mar/2014:21:41:40 +0530] "GET /ApnaAspatalBoothWebClient/ApnaAspatalPrimaryTestParameters.html HTTP/1.1" 200 13953
192.168.1.9 - - [17/Mar/2014:21:41:43 +0530] "GET /remote-healthcare/healthcare/mapping/docrequestcheck HTTP/1.1" 200 -
192.168.1.9 - - [17/Mar/2014:21:41:48 +0530] "GET /remote-healthcare/healthcare/mapping/docrequestcheck HTTP/1.1" 200 -
192.168.1.9 - - [17/Mar/2014:21:41:53 +0530] "GET /remote-healthcare/healthcare/mapping/docrequestcheck HTTP/1.1" 200 -
192.168.1.7 - - [17/Mar/2014:21:41:56 +0530] "GET /remote-healthcare/healthcare/mapping/chatroom/null HTTP/1.1" 400 968
192.168.1.9 - - [17/Mar/2014:21:41:58 +0530] "GET /remote-healthcare/healthcare/mapping/docrequestcheck HTTP/1.1" 200 -
192.168.1.7 - - [17/Mar/2014:21:42:00 +0530] "POST /remote-healthcare/healthcare/sendtodoctor/webhealthdetal HTTP/1.1" 200 193
192.168.1.7 - - [17/Mar/2014:21:42:03 +0530] "GET /remote-healthcare/healthcare/mapping/chatroom/116 HTTP/1.1" 200 82
192.168.1.9 - - [17/Mar/2014:21:42:03 +0530] "GET /remote-healthcare/healthcare/mapping/docrequestcheck HTTP/1.1" 200 294
192.168.1.9 - - [17/Mar/2014:21:42:09 +0530] "GET /remote-healthcare/healthcare/mapping/attended/461 HTTP/1.1" 200 770
192.168.1.9 - - [17/Mar/2014:21:42:09 +0530] "GET /ApnaAspatalDoctorWebClient/ApnaAspatalPatientHealthDetail.html HTTP/1.1" 304 -
192.168.1.7 - - [17/Mar/2014:21:42:16 +0530] "GET /remote-healthcare/healthcare/mapping/chatroom/116 HTTP/1.1" 200 82
192.168.1.7 - - [17/Mar/2014:21:42:24 +0530] "GET /remote-healthcare/healthcare/mapping/chatroom/116 HTTP/1.1" 200 82
192.168.1.7 - - [17/Mar/2014:21:42:34 +0530] "GET /remote-healthcare/healthcare/mapping/chatroom/116 HTTP/1.1" 200 82
192.168.1.9 - - [17/Mar/2014:21:42:39 +0530] "GET /remote-healthcare/healthcare/mapping/attended/chat/116 HTTP/1.1" 200 132
192.168.1.7 - - [17/Mar/2014:21:42:47 +0530] "GET /remote-healthcare/healthcare/mapping/chatroom/116 HTTP/1.1" 200 132
192.168.1.7 - - [17/Mar/2014:21:42:55 +0530] "GET /remote-healthcare/healthcare/mapping/chatroom/116 HTTP/1.1" 200 132
192.168.1.7 - - [17/Mar/2014:21:43:06 +0530] "GET /remote-healthcare/healthcare/mapping/chatroom/116 HTTP/1.1" 200 132
192.168.1.7 - - [17/Mar/2014:21:43:15 +0530] "GET /remote-healthcare/healthcare/mapping/chatroom/116 HTTP/1.1" 200 132
192.168.1.7 - - [17/Mar/2014:21:43:25 +0530] "GET /remote-healthcare/healthcare/mapping/chatroom/116 HTTP/1.1" 200 132
192.168.1.7 - - [17/Mar/2014:21:44:07 +0530] "GET /ApnaAspatalBoothWebClient/ApnaAspatalPrimaryTestParameters.htm HTTP/1.1" 404 1075
192.168.1.9 - - [17/Mar/2014:21:46:20 +0530] "GET /ApnaAspatalDoctorWebClient/ApnaAspatalDoctorHome.html HTTP/1.1" 304 -
192.168.1.7 - - [17/Mar/2014:21:46:22 +0530] "GET /ApnaAspatalBoothWebClient/ApnaAspatalBoothLogin.html HTTP/1.1" 304 -
192.168.1.9 - - [17/Mar/2014:21:46:26 +0530] "GET /remote-healthcare/healthcare/mapping/docrequestcheck HTTP/1.1" 200 -
192.168.1.9 - - [17/Mar/2014:21:46:32 +0530] "GET /remote-healthcare/healthcare/mapping/docrequestcheck HTTP/1.1" 200 -
192.168.1.9 - - [17/Mar/2014:21:46:37 +0530] "GET /remote-healthcare/healthcare/mapping/docrequestcheck HTTP/1.1" 200 -
192.168.1.9 - - [17/Mar/2014:21:46:46 +0530] "GET /remote-healthcare/healthcare/mapping/docrequestcheck HTTP/1.1" 200 -
192.168.1.9 - - [17/Mar/2014:21:46:51 +0530] "GET /remote-healthcare/healthcare/mapping/docrequestcheck HTTP/1.1" 200 -
192.168.1.9 - - [17/Mar/2014:21:46:58 +0530] "GET /remote-healthcare/healthcare/mapping/docrequestcheck HTTP/1.1" 200 -
192.168.1.7 - - [17/Mar/2014:21:47:03 +0530] "POST /remote-healthcare/healthcare/patientaddress/addressanddetail/save HTTP/1.1" 200 111
192.168.1.9 - - [17/Mar/2014:21:47:04 +0530] "GET /remote-healthcare/healthcare/mapping/docrequestcheck HTTP/1.1" 200 -
192.168.1.7 - - [17/Mar/2014:21:47:05 +0530] "GET /ApnaAspatalBoothWebClient/ApnaAspatalPrimaryQuestions.html HTTP/1.1" 304 -
192.168.1.9 - - [17/Mar/2014:21:47:10 +0530] "GET /remote-healthcare/healthcare/mapping/docrequestcheck HTTP/1.1" 200 -
192.168.1.9 - - [17/Mar/2014:21:47:15 +0530] "GET /remote-healthcare/healthcare/mapping/docrequestcheck HTTP/1.1" 200 -
192.168.1.7 - - [17/Mar/2014:21:47:18 +0530] "POST /remote-healthcare/healthcare/doctorfaq/save HTTP/1.1" 200 111
192.168.1.7 - - [17/Mar/2014:21:47:18 +0530] "GET /ApnaAspatalBoothWebClient/ApnaAspatalPrimaryTestParameters.html HTTP/1.1" 200 13949
192.168.1.7 - - [17/Mar/2014:21:47:24 +0530] "GET /remote-healthcare/healthcare/mapping/chatroom/null HTTP/1.1" 400 968
192.168.1.9 - - [17/Mar/2014:21:47:25 +0530] "GET /remote-healthcare/healthcare/mapping/docrequestcheck HTTP/1.1" 200 -
192.168.1.7 - - [17/Mar/2014:21:47:29 +0530] "GET /remote-healthcare/healthcare/mapping/chatroom/null HTTP/1.1" 400 968
192.168.1.9 - - [17/Mar/2014:21:47:30 +0530] "GET /remote-healthcare/healthcare/mapping/docrequestcheck HTTP/1.1" 200 -
192.168.1.7 - - [17/Mar/2014:21:47:31 +0530] "POST /remote-healthcare/healthcare/sendtodoctor/webhealthdetal HTTP/1.1" 200 193
192.168.1.7 - - [17/Mar/2014:21:47:36 +0530] "GET /remote-healthcare/healthcare/mapping/chatroom/117 HTTP/1.1" 200 82
192.168.1.9 - - [17/Mar/2014:21:47:36 +0530] "GET /remote-healthcare/healthcare/mapping/docrequestcheck HTTP/1.1" 200 294
192.168.1.9 - - [17/Mar/2014:21:47:39 +0530] "GET /remote-healthcare/healthcare/mapping/attended/462 HTTP/1.1" 200 778
192.168.1.9 - - [17/Mar/2014:21:47:39 +0530] "GET /ApnaAspatalDoctorWebClient/ApnaAspatalPatientHealthDetail.html HTTP/1.1" 304 -
192.168.1.7 - - [17/Mar/2014:21:47:41 +0530] "GET /remote-healthcare/healthcare/mapping/chatroom/117 HTTP/1.1" 200 82
192.168.1.7 - - [17/Mar/2014:21:47:46 +0530] "GET /remote-healthcare/healthcare/mapping/chatroom/117 HTTP/1.1" 200 82
192.168.1.7 - - [17/Mar/2014:21:47:51 +0530] "GET /remote-healthcare/healthcare/mapping/chatroom/117 HTTP/1.1" 200 82
192.168.1.7 - - [17/Mar/2014:21:47:58 +0530] "GET /remote-healthcare/healthcare/mapping/chatroom/117 HTTP/1.1" 200 82
192.168.1.7 - - [17/Mar/2014:21:48:03 +0530] "GET /remote-healthcare/healthcare/mapping/chatroom/117 HTTP/1.1" 200 82
192.168.1.7 - - [17/Mar/2014:21:48:08 +0530] "GET /remote-healthcare/healthcare/mapping/chatroom/117 HTTP/1.1" 200 82
192.168.1.7 - - [17/Mar/2014:21:48:13 +0530] "GET /remote-healthcare/healthcare/mapping/chatroom/117 HTTP/1.1" 200 82
192.168.1.9 - - [17/Mar/2014:21:48:14 +0530] "GET /remote-healthcare/healthcare/mapping/attended/chat/117 HTTP/1.1" 200 132
192.168.1.7 - - [17/Mar/2014:21:48:18 +0530] "GET /remote-healthcare/healthcare/mapping/chatroom/117 HTTP/1.1" 200 132
192.168.1.7 - - [17/Mar/2014:21:48:23 +0530] "GET /remote-healthcare/healthcare/mapping/chatroom/117 HTTP/1.1" 200 132
192.168.1.7 - - [17/Mar/2014:21:48:29 +0530] "GET /remote-healthcare/healthcare/mapping/chatroom/117 HTTP/1.1" 200 132
192.168.1.7 - - [17/Mar/2014:21:48:34 +0530] "GET /remote-healthcare/healthcare/mapping/chatroom/117 HTTP/1.1" 200 132
192.168.1.7 - - [17/Mar/2014:21:48:39 +0530] "GET /remote-healthcare/healthcare/mapping/chatroom/117 HTTP/1.1" 200 132
192.168.1.7 - - [17/Mar/2014:21:48:44 +0530] "GET /remote-healthcare/healthcare/mapping/chatroom/117 HTTP/1.1" 200 132
192.168.1.7 - - [17/Mar/2014:21:48:49 +0530] "GET /remote-healthcare/healthcare/mapping/chatroom/117 HTTP/1.1" 200 132
192.168.1.7 - - [17/Mar/2014:21:48:54 +0530] "GET /remote-healthcare/healthcare/mapping/chatroom/117 HTTP/1.1" 200 132
192.168.1.7 - - [17/Mar/2014:21:48:59 +0530] "GET /remote-healthcare/healthcare/mapping/chatroom/117 HTTP/1.1" 200 132
192.168.1.7 - - [17/Mar/2014:21:49:04 +0530] "GET /remote-healthcare/healthcare/mapping/chatroom/117 HTTP/1.1" 200 132
192.168.1.7 - - [17/Mar/2014:21:49:09 +0530] "GET /remote-healthcare/healthcare/mapping/chatroom/117 HTTP/1.1" 200 132
192.168.1.7 - - [17/Mar/2014:21:49:14 +0530] "GET /remote-healthcare/healthcare/mapping/chatroom/117 HTTP/1.1" 200 132
192.168.1.7 - - [17/Mar/2014:21:49:19 +0530] "GET /remote-healthcare/healthcare/mapping/chatroom/117 HTTP/1.1" 200 132
192.168.1.7 - - [17/Mar/2014:21:49:24 +0530] "GET /remote-healthcare/healthcare/mapping/chatroom/117 HTTP/1.1" 200 132
192.168.1.7 - - [17/Mar/2014:21:49:29 +0530] "GET /remote-healthcare/healthcare/mapping/chatroom/117 HTTP/1.1" 200 132
192.168.1.7 - - [17/Mar/2014:21:49:34 +0530] "GET /remote-healthcare/healthcare/mapping/chatroom/117 HTTP/1.1" 200 132
192.168.1.7 - - [17/Mar/2014:21:49:40 +0530] "GET /remote-healthcare/healthcare/mapping/chatroom/117 HTTP/1.1" 200 132
192.168.1.7 - - [17/Mar/2014:21:49:45 +0530] "GET /remote-healthcare/healthcare/mapping/chatroom/117 HTTP/1.1" 200 132
192.168.1.7 - - [17/Mar/2014:21:49:50 +0530] "GET /remote-healthcare/healthcare/mapping/chatroom/117 HTTP/1.1" 200 132
192.168.1.7 - - [17/Mar/2014:21:49:55 +0530] "GET /remote-healthcare/healthcare/mapping/chatroom/117 HTTP/1.1" 200 132
192.168.1.7 - - [17/Mar/2014:21:50:00 +0530] "GET /remote-healthcare/healthcare/mapping/chatroom/117 HTTP/1.1" 200 132
192.168.1.7 - - [17/Mar/2014:21:50:05 +0530] "GET /remote-healthcare/healthcare/mapping/chatroom/117 HTTP/1.1" 200 132
192.168.1.7 - - [17/Mar/2014:21:50:10 +0530] "GET /remote-healthcare/healthcare/mapping/chatroom/117 HTTP/1.1" 200 132
192.168.1.7 - - [17/Mar/2014:21:50:15 +0530] "GET /remote-healthcare/healthcare/mapping/chatroom/117 HTTP/1.1" 200 132
192.168.1.7 - - [17/Mar/2014:21:50:20 +0530] "GET /remote-healthcare/healthcare/mapping/chatroom/117 HTTP/1.1" 200 132
192.168.1.7 - - [17/Mar/2014:21:50:25 +0530] "GET /remote-healthcare/healthcare/mapping/chatroom/117 HTTP/1.1" 200 132
192.168.1.7 - - [17/Mar/2014:21:50:30 +0530] "GET /remote-healthcare/healthcare/mapping/chatroom/117 HTTP/1.1" 200 132
192.168.1.7 - - [17/Mar/2014:21:50:35 +0530] "GET /remote-healthcare/healthcare/mapping/chatroom/117 HTTP/1.1" 200 132
192.168.1.7 - - [17/Mar/2014:21:50:41 +0530] "GET /remote-healthcare/healthcare/mapping/chatroom/117 HTTP/1.1" 200 132
192.168.1.7 - - [17/Mar/2014:21:50:46 +0530] "GET /remote-healthcare/healthcare/mapping/chatroom/117 HTTP/1.1" 200 132
192.168.1.7 - - [17/Mar/2014:21:50:51 +0530] "GET /remote-healthcare/healthcare/mapping/chatroom/117 HTTP/1.1" 200 132
192.168.1.7 - - [17/Mar/2014:21:50:56 +0530] "GET /remote-healthcare/healthcare/mapping/chatroom/117 HTTP/1.1" 200 132
192.168.1.7 - - [17/Mar/2014:21:55:29 +0530] "GET /remote-healthcare/healthcare/mapping/chatroom/117 HTTP/1.1" 200 132
192.168.1.9 - - [17/Mar/2014:21:55:31 +0530] "GET /ApnaAspatalDoctorWebClient/ApnaAspatalDoctorHome.html HTTP/1.1" 304 -
192.168.1.7 - - [17/Mar/2014:21:55:34 +0530] "GET /remote-healthcare/healthcare/mapping/chatroom/117 HTTP/1.1" 200 132
192.168.1.9 - - [17/Mar/2014:21:55:37 +0530] "GET /remote-healthcare/healthcare/mapping/docrequestcheck HTTP/1.1" 200 -
192.168.1.7 - - [17/Mar/2014:21:55:39 +0530] "GET /remote-healthcare/healthcare/mapping/chatroom/117 HTTP/1.1" 200 132
192.168.1.9 - - [17/Mar/2014:21:55:43 +0530] "GET /remote-healthcare/healthcare/mapping/docrequestcheck HTTP/1.1" 200 -
192.168.1.9 - - [17/Mar/2014:21:55:48 +0530] "GET /remote-healthcare/healthcare/mapping/docrequestcheck HTTP/1.1" 200 -
192.168.1.9 - - [17/Mar/2014:21:55:53 +0530] "GET /remote-healthcare/healthcare/mapping/docrequestcheck HTTP/1.1" 200 -
192.168.1.7 - - [17/Mar/2014:21:55:54 +0530] "POST /remote-healthcare/healthcare/patientaddress/addressanddetail/save HTTP/1.1" 200 111
192.168.1.7 - - [17/Mar/2014:21:55:55 +0530] "GET /ApnaAspatalBoothWebClient/ApnaAspatalPrimaryQuestions.html HTTP/1.1" 304 -
192.168.1.9 - - [17/Mar/2014:21:55:58 +0530] "GET /remote-healthcare/healthcare/mapping/docrequestcheck HTTP/1.1" 200 -
192.168.1.9 - - [17/Mar/2014:21:56:03 +0530] "GET /remote-healthcare/healthcare/mapping/docrequestcheck HTTP/1.1" 200 -
192.168.1.9 - - [17/Mar/2014:21:56:09 +0530] "GET /remote-healthcare/healthcare/mapping/docrequestcheck HTTP/1.1" 200 -
192.168.1.7 - - [17/Mar/2014:21:56:12 +0530] "POST /remote-healthcare/healthcare/doctorfaq/save HTTP/1.1" 200 111
192.168.1.7 - - [17/Mar/2014:21:56:12 +0530] "GET /ApnaAspatalBoothWebClient/ApnaAspatalPrimaryTestParameters.html HTTP/1.1" 200 13951
192.168.1.9 - - [17/Mar/2014:21:56:14 +0530] "GET /remote-healthcare/healthcare/mapping/docrequestcheck HTTP/1.1" 200 -
192.168.1.9 - - [17/Mar/2014:21:56:19 +0530] "GET /remote-healthcare/healthcare/mapping/docrequestcheck HTTP/1.1" 200 -
192.168.1.9 - - [17/Mar/2014:21:56:24 +0530] "GET /remote-healthcare/healthcare/mapping/docrequestcheck HTTP/1.1" 200 -
192.168.1.7 - - [17/Mar/2014:21:56:24 +0530] "GET /remote-healthcare/healthcare/mapping/chatroom/null HTTP/1.1" 400 968
192.168.1.9 - - [17/Mar/2014:21:56:29 +0530] "GET /remote-healthcare/healthcare/mapping/docrequestcheck HTTP/1.1" 200 -
192.168.1.7 - - [17/Mar/2014:21:56:30 +0530] "GET /remote-healthcare/healthcare/mapping/chatroom/null HTTP/1.1" 400 968
192.168.1.7 - - [17/Mar/2014:21:56:32 +0530] "POST /remote-healthcare/healthcare/sendtodoctor/webhealthdetal HTTP/1.1" 200 193
192.168.1.9 - - [17/Mar/2014:21:56:34 +0530] "GET /remote-healthcare/healthcare/mapping/docrequestcheck HTTP/1.1" 200 294
192.168.1.7 - - [17/Mar/2014:21:56:36 +0530] "GET /remote-healthcare/healthcare/mapping/chatroom/118 HTTP/1.1" 200 82
192.168.1.9 - - [17/Mar/2014:21:56:38 +0530] "GET /remote-healthcare/healthcare/mapping/attended/463 HTTP/1.1" 200 776
192.168.1.9 - - [17/Mar/2014:21:56:38 +0530] "GET /ApnaAspatalDoctorWebClient/ApnaAspatalPatientHealthDetail.html HTTP/1.1" 304 -
192.168.1.7 - - [17/Mar/2014:21:56:41 +0530] "GET /remote-healthcare/healthcare/mapping/chatroom/118 HTTP/1.1" 200 82
192.168.1.7 - - [17/Mar/2014:21:56:46 +0530] "GET /remote-healthcare/healthcare/mapping/chatroom/118 HTTP/1.1" 200 82
192.168.1.7 - - [17/Mar/2014:21:56:51 +0530] "GET /remote-healthcare/healthcare/mapping/chatroom/118 HTTP/1.1" 200 82
192.168.1.9 - - [17/Mar/2014:21:56:55 +0530] "GET /remote-healthcare/healthcare/mapping/attended/chat/118 HTTP/1.1" 200 131
192.168.1.7 - - [17/Mar/2014:21:56:56 +0530] "GET /remote-healthcare/healthcare/mapping/chatroom/118 HTTP/1.1" 200 131
192.168.1.7 - - [17/Mar/2014:21:57:11 +0530] "GET /remote-healthcare/healthcare/mapping/chatroom/118 HTTP/1.1" 200 131
192.168.1.7 - - [17/Mar/2014:21:57:28 +0530] "GET /remote-healthcare/healthcare/mapping/chatroom/118 HTTP/1.1" 200 131
192.168.1.7 - - [17/Mar/2014:21:57:37 +0530] "GET /remote-healthcare/healthcare/mapping/chatroom/118 HTTP/1.1" 200 131
192.168.1.7 - - [17/Mar/2014:21:58:42 +0530] "GET /remote-healthcare/healthcare/mapping/chatroom/118 HTTP/1.1" 200 131
192.168.1.7 - - [17/Mar/2014:21:58:58 +0530] "GET /remote-healthcare/healthcare/mapping/chatroom/118 HTTP/1.1" 200 131
192.168.1.7 - - [17/Mar/2014:21:59:10 +0530] "GET /remote-healthcare/healthcare/mapping/chatroom/118 HTTP/1.1" 200 131
192.168.1.7 - - [17/Mar/2014:21:59:19 +0530] "GET /remote-healthcare/healthcare/mapping/chatroom/118 HTTP/1.1" 200 131
192.168.1.7 - - [17/Mar/2014:22:00:46 +0530] "GET /remote-healthcare/healthcare/mapping/chatroom/118 HTTP/1.1" 200 131
192.168.1.7 - - [17/Mar/2014:22:00:57 +0530] "GET /remote-healthcare/healthcare/mapping/chatroom/118 HTTP/1.1" 200 131
192.168.1.7 - - [17/Mar/2014:22:01:06 +0530] "GET /ApnaAspatalBoothWebClient/ApnaAspatalPrimaryTestParameters. HTTP/1.1" 404 1069
192.168.1.7 - - [17/Mar/2014:22:03:14 +0530] "GET /ApnaAspatalBoothWebClient/ApnaAspatalPrimaryTestParameters.htlm HTTP/1.1" 404 1077
192.168.1.7 - - [17/Mar/2014:22:03:19 +0530] "GET /ApnaAspatalBoothWebClient/ApnaAspatalPrimaryTestParameters.html HTTP/1.1" 304 -
192.168.1.7 - - [17/Mar/2014:22:03:25 +0530] "GET /remote-healthcare/healthcare/mapping/chatroom/null HTTP/1.1" 400 968
192.168.1.9 - - [17/Mar/2014:23:00:10 +0530] "GET /ApnaAspatalDoctorWebClient/ApnaAspatalDoctorHome.html HTTP/1.1" 304 -
192.168.1.9 - - [17/Mar/2014:23:00:16 +0530] "GET /remote-healthcare/healthcare/mapping/docrequestcheck HTTP/1.1" 401 1061
192.168.1.9 - - [17/Mar/2014:23:00:17 +0530] "GET /remote-healthcare/healthcare/mapping/docrequestcheck HTTP/1.1" 200 -
192.168.1.9 - - [17/Mar/2014:23:00:22 +0530] "GET /remote-healthcare/healthcare/mapping/docrequestcheck HTTP/1.1" 200 -
192.168.1.9 - - [17/Mar/2014:23:00:27 +0530] "GET /remote-healthcare/healthcare/mapping/docrequestcheck HTTP/1.1" 200 -
192.168.1.9 - - [17/Mar/2014:23:00:32 +0530] "GET /remote-healthcare/healthcare/mapping/docrequestcheck HTTP/1.1" 200 -
192.168.1.7 - - [17/Mar/2014:23:00:34 +0530] "POST /remote-healthcare/healthcare/patientaddress/addressanddetail/save HTTP/1.1" 401 1061
192.168.1.7 - - [17/Mar/2014:23:00:36 +0530] "POST /remote-healthcare/healthcare/patientaddress/addressanddetail/save HTTP/1.1" 200 111
192.168.1.9 - - [17/Mar/2014:23:00:37 +0530] "GET /remote-healthcare/healthcare/mapping/docrequestcheck HTTP/1.1" 200 -
192.168.1.7 - - [17/Mar/2014:23:00:37 +0530] "GET /ApnaAspatalBoothWebClient/ApnaAspatalPrimaryQuestions.html HTTP/1.1" 304 -
192.168.1.9 - - [17/Mar/2014:23:00:42 +0530] "GET /remote-healthcare/healthcare/mapping/docrequestcheck HTTP/1.1" 200 -
192.168.1.9 - - [17/Mar/2014:23:00:48 +0530] "GET /remote-healthcare/healthcare/mapping/docrequestcheck HTTP/1.1" 200 -
192.168.1.7 - - [17/Mar/2014:23:00:53 +0530] "POST /remote-healthcare/healthcare/doctorfaq/save HTTP/1.1" 200 111
192.168.1.7 - - [17/Mar/2014:23:00:53 +0530] "GET /ApnaAspatalBoothWebClient/ApnaAspatalPrimaryTestParameters.html HTTP/1.1" 200 14386
192.168.1.9 - - [17/Mar/2014:23:00:53 +0530] "GET /remote-healthcare/healthcare/mapping/docrequestcheck HTTP/1.1" 200 -
192.168.1.9 - - [17/Mar/2014:23:00:58 +0530] "GET /remote-healthcare/healthcare/mapping/docrequestcheck HTTP/1.1" 200 -
192.168.1.9 - - [17/Mar/2014:23:01:03 +0530] "GET /remote-healthcare/healthcare/mapping/docrequestcheck HTTP/1.1" 200 -
192.168.1.9 - - [17/Mar/2014:23:01:08 +0530] "GET /remote-healthcare/healthcare/mapping/docrequestcheck HTTP/1.1" 200 -
192.168.1.9 - - [17/Mar/2014:23:01:13 +0530] "GET /remote-healthcare/healthcare/mapping/docrequestcheck HTTP/1.1" 200 -
192.168.1.9 - - [17/Mar/2014:23:01:18 +0530] "GET /remote-healthcare/healthcare/mapping/docrequestcheck HTTP/1.1" 200 -
192.168.1.9 - - [17/Mar/2014:23:01:23 +0530] "GET /remote-healthcare/healthcare/mapping/docrequestcheck HTTP/1.1" 200 -
192.168.1.9 - - [17/Mar/2014:23:01:28 +0530] "GET /remote-healthcare/healthcare/mapping/docrequestcheck HTTP/1.1" 200 -
192.168.1.9 - - [17/Mar/2014:23:01:33 +0530] "GET /remote-healthcare/healthcare/mapping/docrequestcheck HTTP/1.1" 200 -
192.168.1.9 - - [17/Mar/2014:23:01:38 +0530] "GET /remote-healthcare/healthcare/mapping/docrequestcheck HTTP/1.1" 200 -
192.168.1.9 - - [17/Mar/2014:23:01:43 +0530] "GET /remote-healthcare/healthcare/mapping/docrequestcheck HTTP/1.1" 200 -
192.168.1.9 - - [17/Mar/2014:23:01:48 +0530] "GET /remote-healthcare/healthcare/mapping/docrequestcheck HTTP/1.1" 200 -
192.168.1.9 - - [17/Mar/2014:23:01:53 +0530] "GET /remote-healthcare/healthcare/mapping/docrequestcheck HTTP/1.1" 200 -
192.168.1.9 - - [17/Mar/2014:23:01:58 +0530] "GET /remote-healthcare/healthcare/mapping/docrequestcheck HTTP/1.1" 200 -
192.168.1.9 - - [17/Mar/2014:23:02:03 +0530] "GET /remote-healthcare/healthcare/mapping/docrequestcheck HTTP/1.1" 200 -
192.168.1.9 - - [17/Mar/2014:23:02:08 +0530] "GET /remote-healthcare/healthcare/mapping/docrequestcheck HTTP/1.1" 200 -
192.168.1.7 - - [17/Mar/2014:23:02:08 +0530] "GET /ApnaAspatalBoothWebClient/ApnaAspatalBoothLogin.html HTTP/1.1" 304 -
192.168.1.7 - - [17/Mar/2014:23:02:10 +0530] "GET /ApnaAspatalBoothWebClient/js/jquery-2.0.3.min.js HTTP/1.1" 304 -
192.168.1.9 - - [17/Mar/2014:23:02:13 +0530] "GET /remote-healthcare/healthcare/mapping/docrequestcheck HTTP/1.1" 200 -
192.168.1.7 - - [17/Mar/2014:23:02:19 +0530] "GET /remote-healthcare/healthcare/apnaaspatal/boothlogin HTTP/1.1" 200 -
192.168.1.9 - - [17/Mar/2014:23:02:19 +0530] "GET /remote-healthcare/healthcare/mapping/docrequestcheck HTTP/1.1" 200 -
192.168.1.7 - - [17/Mar/2014:23:02:19 +0530] "GET /ApnaAspatalBoothWebClient/ApnaAspatalBoothHome.html HTTP/1.1" 304 -
192.168.1.9 - - [17/Mar/2014:23:02:24 +0530] "GET /remote-healthcare/healthcare/mapping/docrequestcheck HTTP/1.1" 200 -
192.168.1.7 - - [17/Mar/2014:23:02:26 +0530] "GET /ApnaAspatalBoothWebClient/ApnaAspatalPatientRegistration.html HTTP/1.1" 304 -
192.168.1.9 - - [17/Mar/2014:23:02:29 +0530] "GET /remote-healthcare/healthcare/mapping/docrequestcheck HTTP/1.1" 200 -
192.168.1.9 - - [17/Mar/2014:23:02:34 +0530] "GET /remote-healthcare/healthcare/mapping/docrequestcheck HTTP/1.1" 200 -
192.168.1.9 - - [17/Mar/2014:23:02:39 +0530] "GET /remote-healthcare/healthcare/mapping/docrequestcheck HTTP/1.1" 200 -
192.168.1.9 - - [17/Mar/2014:23:02:44 +0530] "GET /remote-healthcare/healthcare/mapping/docrequestcheck HTTP/1.1" 200 -
192.168.1.7 - - [17/Mar/2014:23:02:45 +0530] "POST /remote-healthcare/healthcare/patientaddress/addressanddetail/save HTTP/1.1" 200 111
192.168.1.9 - - [17/Mar/2014:23:02:49 +0530] "GET /remote-healthcare/healthcare/mapping/docrequestcheck HTTP/1.1" 200 -
192.168.1.9 - - [17/Mar/2014:23:02:54 +0530] "GET /remote-healthcare/healthcare/mapping/docrequestcheck HTTP/1.1" 200 -
192.168.1.7 - - [17/Mar/2014:23:02:55 +0530] "POST /remote-healthcare/healthcare/doctorfaq/save HTTP/1.1" 200 111
192.168.1.9 - - [17/Mar/2014:23:02:59 +0530] "GET /remote-healthcare/healthcare/mapping/docrequestcheck HTTP/1.1" 200 -
192.168.1.9 - - [17/Mar/2014:23:03:04 +0530] "GET /remote-healthcare/healthcare/mapping/docrequestcheck HTTP/1.1" 200 -
192.168.1.9 - - [17/Mar/2014:23:03:09 +0530] "GET /remote-healthcare/healthcare/mapping/docrequestcheck HTTP/1.1" 200 -
192.168.1.9 - - [17/Mar/2014:23:03:14 +0530] "GET /remote-healthcare/healthcare/mapping/docrequestcheck HTTP/1.1" 200 -
192.168.1.9 - - [17/Mar/2014:23:03:19 +0530] "GET /remote-healthcare/healthcare/mapping/docrequestcheck HTTP/1.1" 200 -
192.168.1.9 - - [17/Mar/2014:23:03:24 +0530] "GET /remote-healthcare/healthcare/mapping/docrequestcheck HTTP/1.1" 200 -
192.168.1.9 - - [17/Mar/2014:23:03:29 +0530] "GET /remote-healthcare/healthcare/mapping/docrequestcheck HTTP/1.1" 200 -
192.168.1.9 - - [17/Mar/2014:23:03:34 +0530] "GET /remote-healthcare/healthcare/mapping/docrequestcheck HTTP/1.1" 200 -
192.168.1.9 - - [17/Mar/2014:23:03:40 +0530] "GET /remote-healthcare/healthcare/mapping/docrequestcheck HTTP/1.1" 200 -
192.168.1.9 - - [17/Mar/2014:23:03:45 +0530] "GET /remote-healthcare/healthcare/mapping/docrequestcheck HTTP/1.1" 200 -
192.168.1.9 - - [17/Mar/2014:23:03:50 +0530] "GET /remote-healthcare/healthcare/mapping/docrequestcheck HTTP/1.1" 200 -
192.168.1.9 - - [17/Mar/2014:23:03:55 +0530] "GET /remote-healthcare/healthcare/mapping/docrequestcheck HTTP/1.1" 200 -
192.168.1.9 - - [17/Mar/2014:23:04:00 +0530] "GET /remote-healthcare/healthcare/mapping/docrequestcheck HTTP/1.1" 200 -
192.168.1.9 - - [17/Mar/2014:23:04:05 +0530] "GET /remote-healthcare/healthcare/mapping/docrequestcheck HTTP/1.1" 200 -
