192.168.1.5 - - [17/Mar/2014:00:46:31 +0530] "GET /remote-healthcare/healthcare/mapping/chatroom/109 HTTP/1.1" 200 82
192.168.1.5 - - [17/Mar/2014:00:46:36 +0530] "GET /remote-healthcare/healthcare/mapping/chatroom/109 HTTP/1.1" 200 82
192.168.1.5 - - [17/Mar/2014:00:46:41 +0530] "GET /remote-healthcare/healthcare/mapping/chatroom/109 HTTP/1.1" 200 82
192.168.1.5 - - [17/Mar/2014:00:46:46 +0530] "GET /remote-healthcare/healthcare/mapping/chatroom/109 HTTP/1.1" 200 82
192.168.1.5 - - [17/Mar/2014:00:46:51 +0530] "GET /remote-healthcare/healthcare/mapping/chatroom/109 HTTP/1.1" 200 82
192.168.1.5 - - [17/Mar/2014:00:46:56 +0530] "GET /remote-healthcare/healthcare/mapping/chatroom/109 HTTP/1.1" 200 82
192.168.1.5 - - [17/Mar/2014:00:47:01 +0530] "GET /remote-healthcare/healthcare/mapping/chatroom/109 HTTP/1.1" 200 82
192.168.1.5 - - [17/Mar/2014:00:47:06 +0530] "GET /remote-healthcare/healthcare/mapping/chatroom/109 HTTP/1.1" 200 82
192.168.1.5 - - [17/Mar/2014:00:47:11 +0530] "GET /remote-healthcare/healthcare/mapping/chatroom/109 HTTP/1.1" 200 82
192.168.1.5 - - [17/Mar/2014:00:47:16 +0530] "GET /remote-healthcare/healthcare/mapping/chatroom/109 HTTP/1.1" 200 82
192.168.1.5 - - [17/Mar/2014:00:47:21 +0530] "GET /remote-healthcare/healthcare/mapping/chatroom/109 HTTP/1.1" 200 82
192.168.1.5 - - [17/Mar/2014:00:47:26 +0530] "GET /remote-healthcare/healthcare/mapping/chatroom/109 HTTP/1.1" 200 82
192.168.1.5 - - [17/Mar/2014:00:47:31 +0530] "GET /remote-healthcare/healthcare/mapping/chatroom/109 HTTP/1.1" 200 82
192.168.1.5 - - [17/Mar/2014:00:47:36 +0530] "GET /remote-healthcare/healthcare/mapping/chatroom/109 HTTP/1.1" 200 82
192.168.1.5 - - [17/Mar/2014:00:47:41 +0530] "GET /remote-healthcare/healthcare/mapping/chatroom/109 HTTP/1.1" 200 82
192.168.1.5 - - [17/Mar/2014:00:47:47 +0530] "GET /remote-healthcare/healthcare/mapping/chatroom/109 HTTP/1.1" 200 82
192.168.1.5 - - [17/Mar/2014:00:47:52 +0530] "GET /remote-healthcare/healthcare/mapping/chatroom/109 HTTP/1.1" 200 82
192.168.1.5 - - [17/Mar/2014:00:47:57 +0530] "GET /remote-healthcare/healthcare/mapping/chatroom/109 HTTP/1.1" 200 82
192.168.1.5 - - [17/Mar/2014:00:48:02 +0530] "GET /remote-healthcare/healthcare/mapping/chatroom/109 HTTP/1.1" 200 82
192.168.1.5 - - [17/Mar/2014:00:50:01 +0530] "GET /remote-healthcare/healthcare/mapping/chatroom/109 HTTP/1.1" 200 82
192.168.1.5 - - [17/Mar/2014:00:50:07 +0530] "GET /remote-healthcare/healthcare/mapping/chatroom/109 HTTP/1.1" 200 82
192.168.1.10 - - [17/Mar/2014:00:50:08 +0530] "GET /remote-healthcare/healthcare/mapping/docrequestcheck HTTP/1.1" 200 -
192.168.1.10 - - [17/Mar/2014:00:50:13 +0530] "GET /remote-healthcare/healthcare/mapping/docrequestcheck HTTP/1.1" 200 -
192.168.1.10 - - [17/Mar/2014:00:50:17 +0530] "GET /ApnaAspatalDoctorWebClient/ApnaAspatalDoctorHome.html HTTP/1.1" 304 -
192.168.1.5 - - [17/Mar/2014:00:50:21 +0530] "POST /remote-healthcare/healthcare/patientaddress/addressanddetail/save HTTP/1.1" 200 111
192.168.1.10 - - [17/Mar/2014:00:50:22 +0530] "GET /remote-healthcare/healthcare/mapping/docrequestcheck HTTP/1.1" 200 -
192.168.1.10 - - [17/Mar/2014:00:50:27 +0530] "GET /remote-healthcare/healthcare/mapping/docrequestcheck HTTP/1.1" 200 -
192.168.1.10 - - [17/Mar/2014:00:50:32 +0530] "GET /remote-healthcare/healthcare/mapping/docrequestcheck HTTP/1.1" 200 -
192.168.1.5 - - [17/Mar/2014:00:50:35 +0530] "POST /remote-healthcare/healthcare/doctorfaq/save HTTP/1.1" 200 111
192.168.1.5 - - [17/Mar/2014:00:50:35 +0530] "GET /ApnaAspatalBoothWebClient/ApnaAspatalPrimaryTestParameters.html HTTP/1.1" 200 14125
192.168.1.10 - - [17/Mar/2014:00:50:37 +0530] "GET /remote-healthcare/healthcare/mapping/docrequestcheck HTTP/1.1" 200 -
192.168.1.5 - - [17/Mar/2014:00:50:41 +0530] "GET /remote-healthcare/healthcare/mapping/chatroom/null HTTP/1.1" 400 968
192.168.1.10 - - [17/Mar/2014:00:50:42 +0530] "GET /remote-healthcare/healthcare/mapping/docrequestcheck HTTP/1.1" 200 -
192.168.1.5 - - [17/Mar/2014:00:50:46 +0530] "GET /remote-healthcare/healthcare/mapping/chatroom/null HTTP/1.1" 400 968
192.168.1.10 - - [17/Mar/2014:00:50:47 +0530] "GET /remote-healthcare/healthcare/mapping/docrequestcheck HTTP/1.1" 200 -
192.168.1.5 - - [17/Mar/2014:00:50:51 +0530] "GET /remote-healthcare/healthcare/mapping/chatroom/null HTTP/1.1" 400 968
192.168.1.10 - - [17/Mar/2014:00:50:52 +0530] "GET /remote-healthcare/healthcare/mapping/docrequestcheck HTTP/1.1" 200 -
192.168.1.5 - - [17/Mar/2014:00:50:56 +0530] "POST /remote-healthcare/healthcare/sendtodoctor/webhealthdetal HTTP/1.1" 200 193
192.168.1.10 - - [17/Mar/2014:00:50:58 +0530] "GET /remote-healthcare/healthcare/mapping/docrequestcheck HTTP/1.1" 200 294
192.168.1.5 - - [17/Mar/2014:00:50:58 +0530] "GET /remote-healthcare/healthcare/mapping/chatroom/110 HTTP/1.1" 200 82
192.168.1.10 - - [17/Mar/2014:00:51:03 +0530] "GET /remote-healthcare/healthcare/mapping/attended/452 HTTP/1.1" 200 765
192.168.1.10 - - [17/Mar/2014:00:51:03 +0530] "GET /ApnaAspatalDoctorWebClient/ApnaAspatalPatientHealthDetail.html HTTP/1.1" 304 -
192.168.1.5 - - [17/Mar/2014:00:51:03 +0530] "GET /remote-healthcare/healthcare/mapping/chatroom/110 HTTP/1.1" 200 82
192.168.1.5 - - [17/Mar/2014:00:51:08 +0530] "GET /remote-healthcare/healthcare/mapping/chatroom/110 HTTP/1.1" 200 82
192.168.1.5 - - [17/Mar/2014:00:51:14 +0530] "GET /remote-healthcare/healthcare/mapping/chatroom/110 HTTP/1.1" 200 82
192.168.1.5 - - [17/Mar/2014:00:51:19 +0530] "GET /remote-healthcare/healthcare/mapping/chatroom/110 HTTP/1.1" 200 82
192.168.1.5 - - [17/Mar/2014:00:51:24 +0530] "GET /remote-healthcare/healthcare/mapping/chatroom/110 HTTP/1.1" 200 82
192.168.1.10 - - [17/Mar/2014:00:51:25 +0530] "GET /remote-healthcare/healthcare/mapping/attended/chat/110 HTTP/1.1" 200 132
192.168.1.5 - - [17/Mar/2014:00:51:29 +0530] "GET /remote-healthcare/healthcare/mapping/chatroom/110 HTTP/1.1" 200 132
192.168.1.5 - - [17/Mar/2014:00:51:34 +0530] "GET /remote-healthcare/healthcare/mapping/chatroom/110 HTTP/1.1" 200 132
192.168.1.5 - - [17/Mar/2014:00:51:39 +0530] "GET /remote-healthcare/healthcare/mapping/chatroom/110 HTTP/1.1" 200 132
192.168.1.5 - - [17/Mar/2014:00:51:44 +0530] "GET /remote-healthcare/healthcare/mapping/chatroom/110 HTTP/1.1" 200 132
192.168.1.5 - - [17/Mar/2014:00:51:49 +0530] "GET /remote-healthcare/healthcare/mapping/chatroom/110 HTTP/1.1" 200 132
192.168.1.5 - - [17/Mar/2014:00:51:54 +0530] "GET /remote-healthcare/healthcare/mapping/chatroom/110 HTTP/1.1" 200 132
192.168.1.5 - - [17/Mar/2014:00:51:59 +0530] "GET /remote-healthcare/healthcare/mapping/chatroom/110 HTTP/1.1" 200 132
192.168.1.5 - - [17/Mar/2014:00:52:04 +0530] "GET /remote-healthcare/healthcare/mapping/chatroom/110 HTTP/1.1" 200 132
192.168.1.5 - - [17/Mar/2014:00:52:09 +0530] "GET /remote-healthcare/healthcare/mapping/chatroom/110 HTTP/1.1" 200 132
192.168.1.5 - - [17/Mar/2014:00:52:14 +0530] "GET /remote-healthcare/healthcare/mapping/chatroom/110 HTTP/1.1" 200 132
192.168.1.5 - - [17/Mar/2014:00:52:19 +0530] "GET /remote-healthcare/healthcare/mapping/chatroom/110 HTTP/1.1" 200 132
192.168.1.5 - - [17/Mar/2014:00:52:24 +0530] "GET /remote-healthcare/healthcare/mapping/chatroom/110 HTTP/1.1" 200 132
192.168.1.5 - - [17/Mar/2014:00:52:29 +0530] "GET /remote-healthcare/healthcare/mapping/chatroom/110 HTTP/1.1" 200 132
192.168.1.5 - - [17/Mar/2014:00:52:34 +0530] "GET /remote-healthcare/healthcare/mapping/chatroom/110 HTTP/1.1" 200 132
192.168.1.5 - - [17/Mar/2014:00:52:40 +0530] "GET /remote-healthcare/healthcare/mapping/chatroom/110 HTTP/1.1" 200 132
192.168.1.5 - - [17/Mar/2014:00:52:45 +0530] "GET /remote-healthcare/healthcare/mapping/chatroom/110 HTTP/1.1" 200 132
192.168.1.5 - - [17/Mar/2014:00:52:50 +0530] "GET /remote-healthcare/healthcare/mapping/chatroom/110 HTTP/1.1" 200 132
192.168.1.5 - - [17/Mar/2014:00:52:55 +0530] "GET /remote-healthcare/healthcare/mapping/chatroom/110 HTTP/1.1" 200 132
192.168.1.5 - - [17/Mar/2014:00:53:00 +0530] "GET /remote-healthcare/healthcare/mapping/chatroom/110 HTTP/1.1" 200 132
192.168.1.5 - - [17/Mar/2014:00:53:05 +0530] "GET /remote-healthcare/healthcare/mapping/chatroom/110 HTTP/1.1" 200 132
192.168.1.5 - - [17/Mar/2014:00:53:10 +0530] "GET /remote-healthcare/healthcare/mapping/chatroom/110 HTTP/1.1" 200 132
192.168.1.5 - - [17/Mar/2014:00:53:15 +0530] "GET /remote-healthcare/healthcare/mapping/chatroom/110 HTTP/1.1" 200 132
192.168.1.5 - - [17/Mar/2014:00:53:20 +0530] "GET /remote-healthcare/healthcare/mapping/chatroom/110 HTTP/1.1" 200 132
192.168.1.5 - - [17/Mar/2014:00:53:25 +0530] "GET /remote-healthcare/healthcare/mapping/chatroom/110 HTTP/1.1" 200 132
192.168.1.5 - - [17/Mar/2014:00:53:30 +0530] "GET /remote-healthcare/healthcare/mapping/chatroom/110 HTTP/1.1" 200 132
192.168.1.5 - - [17/Mar/2014:00:53:35 +0530] "GET /remote-healthcare/healthcare/mapping/chatroom/110 HTTP/1.1" 200 132
192.168.1.5 - - [17/Mar/2014:00:53:40 +0530] "GET /remote-healthcare/healthcare/mapping/chatroom/110 HTTP/1.1" 200 132
192.168.1.5 - - [17/Mar/2014:00:53:45 +0530] "GET /remote-healthcare/healthcare/mapping/chatroom/110 HTTP/1.1" 200 132
192.168.1.5 - - [17/Mar/2014:00:53:50 +0530] "GET /remote-healthcare/healthcare/mapping/chatroom/110 HTTP/1.1" 200 132
192.168.1.5 - - [17/Mar/2014:00:53:55 +0530] "GET /remote-healthcare/healthcare/mapping/chatroom/110 HTTP/1.1" 200 132
192.168.1.5 - - [17/Mar/2014:00:54:00 +0530] "GET /remote-healthcare/healthcare/mapping/chatroom/110 HTTP/1.1" 200 132
192.168.1.5 - - [17/Mar/2014:00:54:05 +0530] "GET /remote-healthcare/healthcare/mapping/chatroom/110 HTTP/1.1" 200 132
192.168.1.5 - - [17/Mar/2014:00:54:10 +0530] "GET /remote-healthcare/healthcare/mapping/chatroom/110 HTTP/1.1" 200 132
192.168.1.5 - - [17/Mar/2014:00:54:15 +0530] "GET /remote-healthcare/healthcare/mapping/chatroom/110 HTTP/1.1" 200 132
192.168.1.5 - - [17/Mar/2014:00:54:20 +0530] "GET /remote-healthcare/healthcare/mapping/chatroom/110 HTTP/1.1" 200 132
192.168.1.5 - - [17/Mar/2014:00:54:26 +0530] "GET /remote-healthcare/healthcare/mapping/chatroom/110 HTTP/1.1" 200 132
192.168.1.5 - - [17/Mar/2014:00:54:31 +0530] "GET /remote-healthcare/healthcare/mapping/chatroom/110 HTTP/1.1" 200 132
192.168.1.5 - - [17/Mar/2014:00:54:36 +0530] "GET /remote-healthcare/healthcare/mapping/chatroom/110 HTTP/1.1" 200 132
192.168.1.5 - - [17/Mar/2014:00:54:41 +0530] "GET /remote-healthcare/healthcare/mapping/chatroom/110 HTTP/1.1" 200 132
192.168.1.5 - - [17/Mar/2014:00:54:46 +0530] "GET /remote-healthcare/healthcare/mapping/chatroom/110 HTTP/1.1" 200 132
192.168.1.5 - - [17/Mar/2014:00:54:51 +0530] "GET /remote-healthcare/healthcare/mapping/chatroom/110 HTTP/1.1" 200 132
192.168.1.5 - - [17/Mar/2014:00:54:56 +0530] "GET /remote-healthcare/healthcare/mapping/chatroom/110 HTTP/1.1" 200 132
192.168.1.5 - - [17/Mar/2014:00:55:01 +0530] "GET /remote-healthcare/healthcare/mapping/chatroom/110 HTTP/1.1" 200 132
192.168.1.5 - - [17/Mar/2014:00:55:06 +0530] "GET /remote-healthcare/healthcare/mapping/chatroom/110 HTTP/1.1" 200 132
192.168.1.5 - - [17/Mar/2014:00:55:11 +0530] "GET /remote-healthcare/healthcare/mapping/chatroom/110 HTTP/1.1" 200 132
192.168.1.5 - - [17/Mar/2014:00:55:16 +0530] "GET /remote-healthcare/healthcare/mapping/chatroom/110 HTTP/1.1" 200 132
192.168.1.5 - - [17/Mar/2014:00:55:21 +0530] "GET /remote-healthcare/healthcare/mapping/chatroom/110 HTTP/1.1" 200 132
192.168.1.5 - - [17/Mar/2014:00:55:26 +0530] "GET /remote-healthcare/healthcare/mapping/chatroom/110 HTTP/1.1" 200 132
192.168.1.5 - - [17/Mar/2014:00:55:31 +0530] "GET /remote-healthcare/healthcare/mapping/chatroom/110 HTTP/1.1" 200 132
192.168.1.5 - - [17/Mar/2014:00:55:36 +0530] "GET /remote-healthcare/healthcare/mapping/chatroom/110 HTTP/1.1" 200 132
192.168.1.5 - - [17/Mar/2014:00:55:41 +0530] "GET /remote-healthcare/healthcare/mapping/chatroom/110 HTTP/1.1" 200 132
192.168.1.5 - - [17/Mar/2014:00:55:46 +0530] "GET /remote-healthcare/healthcare/mapping/chatroom/110 HTTP/1.1" 200 132
192.168.1.5 - - [17/Mar/2014:00:55:51 +0530] "GET /remote-healthcare/healthcare/mapping/chatroom/110 HTTP/1.1" 200 132
192.168.1.5 - - [17/Mar/2014:00:55:56 +0530] "GET /remote-healthcare/healthcare/mapping/chatroom/110 HTTP/1.1" 200 132
192.168.1.5 - - [17/Mar/2014:00:56:01 +0530] "GET /remote-healthcare/healthcare/mapping/chatroom/110 HTTP/1.1" 200 132
192.168.1.5 - - [17/Mar/2014:00:56:06 +0530] "GET /remote-healthcare/healthcare/mapping/chatroom/110 HTTP/1.1" 200 132
192.168.1.5 - - [17/Mar/2014:00:56:11 +0530] "GET /remote-healthcare/healthcare/mapping/chatroom/110 HTTP/1.1" 200 132
192.168.1.5 - - [17/Mar/2014:00:56:16 +0530] "GET /remote-healthcare/healthcare/mapping/chatroom/110 HTTP/1.1" 200 132
192.168.1.5 - - [17/Mar/2014:00:56:21 +0530] "GET /remote-healthcare/healthcare/mapping/chatroom/110 HTTP/1.1" 200 132
192.168.1.5 - - [17/Mar/2014:00:56:27 +0530] "GET /remote-healthcare/healthcare/mapping/chatroom/110 HTTP/1.1" 200 132
192.168.1.5 - - [17/Mar/2014:00:56:32 +0530] "GET /remote-healthcare/healthcare/mapping/chatroom/110 HTTP/1.1" 200 132
192.168.1.5 - - [17/Mar/2014:00:56:37 +0530] "GET /remote-healthcare/healthcare/mapping/chatroom/110 HTTP/1.1" 200 132
192.168.1.5 - - [17/Mar/2014:00:56:42 +0530] "GET /remote-healthcare/healthcare/mapping/chatroom/110 HTTP/1.1" 200 132
192.168.1.5 - - [17/Mar/2014:00:56:47 +0530] "GET /remote-healthcare/healthcare/mapping/chatroom/110 HTTP/1.1" 200 132
192.168.1.5 - - [17/Mar/2014:00:56:52 +0530] "GET /remote-healthcare/healthcare/mapping/chatroom/110 HTTP/1.1" 200 132
192.168.1.5 - - [17/Mar/2014:00:56:57 +0530] "GET /remote-healthcare/healthcare/mapping/chatroom/110 HTTP/1.1" 200 132
192.168.1.5 - - [17/Mar/2014:00:57:02 +0530] "GET /remote-healthcare/healthcare/mapping/chatroom/110 HTTP/1.1" 200 132
192.168.1.5 - - [17/Mar/2014:00:57:07 +0530] "GET /remote-healthcare/healthcare/mapping/chatroom/110 HTTP/1.1" 200 132
192.168.1.5 - - [17/Mar/2014:00:57:12 +0530] "GET /remote-healthcare/healthcare/mapping/chatroom/110 HTTP/1.1" 200 132
192.168.1.5 - - [17/Mar/2014:00:57:17 +0530] "GET /remote-healthcare/healthcare/mapping/chatroom/110 HTTP/1.1" 200 132
192.168.1.5 - - [17/Mar/2014:00:57:22 +0530] "GET /remote-healthcare/healthcare/mapping/chatroom/110 HTTP/1.1" 200 132
192.168.1.5 - - [17/Mar/2014:00:57:27 +0530] "GET /remote-healthcare/healthcare/mapping/chatroom/110 HTTP/1.1" 200 132
192.168.1.5 - - [17/Mar/2014:00:57:32 +0530] "GET /remote-healthcare/healthcare/mapping/chatroom/110 HTTP/1.1" 200 132
192.168.1.5 - - [17/Mar/2014:00:57:37 +0530] "GET /remote-healthcare/healthcare/mapping/chatroom/110 HTTP/1.1" 200 132
192.168.1.5 - - [17/Mar/2014:00:57:42 +0530] "GET /remote-healthcare/healthcare/mapping/chatroom/110 HTTP/1.1" 200 132
192.168.1.5 - - [17/Mar/2014:00:57:47 +0530] "GET /remote-healthcare/healthcare/mapping/chatroom/110 HTTP/1.1" 200 132
192.168.1.5 - - [17/Mar/2014:00:57:52 +0530] "GET /remote-healthcare/healthcare/mapping/chatroom/110 HTTP/1.1" 200 132
192.168.1.5 - - [17/Mar/2014:00:57:57 +0530] "GET /remote-healthcare/healthcare/mapping/chatroom/110 HTTP/1.1" 200 132
192.168.1.5 - - [17/Mar/2014:00:58:02 +0530] "GET /remote-healthcare/healthcare/mapping/chatroom/110 HTTP/1.1" 200 132
192.168.1.5 - - [17/Mar/2014:00:58:07 +0530] "GET /remote-healthcare/healthcare/mapping/chatroom/110 HTTP/1.1" 200 132
192.168.1.10 - - [17/Mar/2014:01:00:37 +0530] "GET /ApnaAspatalDoctorWebClient/ApnaAspatalDoctorHome.html HTTP/1.1" 304 -
192.168.1.10 - - [17/Mar/2014:01:00:40 +0530] "GET /ApnaAspatalDoctorWebClient/ApnaAspatalDoctorHome.html HTTP/1.1" 304 -
192.168.1.10 - - [17/Mar/2014:01:00:46 +0530] "GET /remote-healthcare/healthcare/mapping/docrequestcheck HTTP/1.1" 200 -
192.168.1.5 - - [17/Mar/2014:01:00:48 +0530] "POST /remote-healthcare/healthcare/patientaddress/addressanddetail/save HTTP/1.1" 200 111
192.168.1.10 - - [17/Mar/2014:01:00:51 +0530] "GET /remote-healthcare/healthcare/mapping/docrequestcheck HTTP/1.1" 200 -
192.168.1.10 - - [17/Mar/2014:01:00:56 +0530] "GET /remote-healthcare/healthcare/mapping/docrequestcheck HTTP/1.1" 200 -
192.168.1.5 - - [17/Mar/2014:01:00:59 +0530] "POST /remote-healthcare/healthcare/doctorfaq/save HTTP/1.1" 200 111
192.168.1.5 - - [17/Mar/2014:01:00:59 +0530] "GET /ApnaAspatalBoothWebClient/ApnaAspatalPrimaryTestParameters.html HTTP/1.1" 200 14023
192.168.1.10 - - [17/Mar/2014:01:01:01 +0530] "GET /remote-healthcare/healthcare/mapping/docrequestcheck HTTP/1.1" 200 -
192.168.1.10 - - [17/Mar/2014:01:01:06 +0530] "GET /remote-healthcare/healthcare/mapping/docrequestcheck HTTP/1.1" 200 -
192.168.1.5 - - [17/Mar/2014:01:01:09 +0530] "GET /remote-healthcare/healthcare/mapping/chatroom/null HTTP/1.1" 400 968
192.168.1.10 - - [17/Mar/2014:01:01:11 +0530] "GET /remote-healthcare/healthcare/mapping/docrequestcheck HTTP/1.1" 200 -
192.168.1.5 - - [17/Mar/2014:01:01:12 +0530] "POST /remote-healthcare/healthcare/sendtodoctor/webhealthdetal HTTP/1.1" 200 193
192.168.1.5 - - [17/Mar/2014:01:01:16 +0530] "GET /remote-healthcare/healthcare/mapping/chatroom/111 HTTP/1.1" 200 82
192.168.1.10 - - [17/Mar/2014:01:01:16 +0530] "GET /remote-healthcare/healthcare/mapping/docrequestcheck HTTP/1.1" 200 294
192.168.1.5 - - [17/Mar/2014:01:01:21 +0530] "GET /remote-healthcare/healthcare/mapping/chatroom/111 HTTP/1.1" 200 82
192.168.1.5 - - [17/Mar/2014:01:01:26 +0530] "GET /remote-healthcare/healthcare/mapping/chatroom/111 HTTP/1.1" 200 82
192.168.1.5 - - [17/Mar/2014:01:01:31 +0530] "GET /remote-healthcare/healthcare/mapping/chatroom/111 HTTP/1.1" 200 82
192.168.1.10 - - [17/Mar/2014:01:01:36 +0530] "GET /remote-healthcare/healthcare/mapping/attended/453 HTTP/1.1" 200 768
192.168.1.10 - - [17/Mar/2014:01:01:36 +0530] "GET /ApnaAspatalDoctorWebClient/ApnaAspatalPatientHealthDetail.html HTTP/1.1" 304 -
192.168.1.5 - - [17/Mar/2014:01:01:36 +0530] "GET /remote-healthcare/healthcare/mapping/chatroom/111 HTTP/1.1" 200 82
192.168.1.5 - - [17/Mar/2014:01:01:41 +0530] "GET /remote-healthcare/healthcare/mapping/chatroom/111 HTTP/1.1" 200 82
192.168.1.5 - - [17/Mar/2014:01:01:46 +0530] "GET /remote-healthcare/healthcare/mapping/chatroom/111 HTTP/1.1" 200 82
192.168.1.5 - - [17/Mar/2014:01:01:52 +0530] "GET /remote-healthcare/healthcare/mapping/chatroom/111 HTTP/1.1" 200 82
192.168.1.5 - - [17/Mar/2014:01:01:57 +0530] "GET /remote-healthcare/healthcare/mapping/chatroom/111 HTTP/1.1" 200 82
192.168.1.5 - - [17/Mar/2014:01:02:02 +0530] "GET /remote-healthcare/healthcare/mapping/chatroom/111 HTTP/1.1" 200 82
192.168.1.10 - - [17/Mar/2014:01:02:05 +0530] "GET /remote-healthcare/healthcare/mapping/attended/chat/111 HTTP/1.1" 200 131
192.168.1.5 - - [17/Mar/2014:01:02:07 +0530] "GET /remote-healthcare/healthcare/mapping/chatroom/111 HTTP/1.1" 200 131
192.168.1.5 - - [17/Mar/2014:01:02:12 +0530] "GET /remote-healthcare/healthcare/mapping/chatroom/111 HTTP/1.1" 200 131
192.168.1.5 - - [17/Mar/2014:01:02:17 +0530] "GET /remote-healthcare/healthcare/mapping/chatroom/111 HTTP/1.1" 200 131
192.168.1.5 - - [17/Mar/2014:01:02:22 +0530] "GET /remote-healthcare/healthcare/mapping/chatroom/111 HTTP/1.1" 200 131
192.168.1.5 - - [17/Mar/2014:01:02:27 +0530] "GET /remote-healthcare/healthcare/mapping/chatroom/111 HTTP/1.1" 200 131
192.168.1.5 - - [17/Mar/2014:01:02:32 +0530] "GET /remote-healthcare/healthcare/mapping/chatroom/111 HTTP/1.1" 200 131
192.168.1.5 - - [17/Mar/2014:01:02:37 +0530] "GET /remote-healthcare/healthcare/mapping/chatroom/111 HTTP/1.1" 200 131
192.168.1.5 - - [17/Mar/2014:01:02:42 +0530] "GET /remote-healthcare/healthcare/mapping/chatroom/111 HTTP/1.1" 200 131
192.168.1.5 - - [17/Mar/2014:01:02:47 +0530] "GET /remote-healthcare/healthcare/mapping/chatroom/111 HTTP/1.1" 200 131
192.168.1.5 - - [17/Mar/2014:01:02:52 +0530] "GET /remote-healthcare/healthcare/mapping/chatroom/111 HTTP/1.1" 200 131
192.168.1.5 - - [17/Mar/2014:01:02:57 +0530] "GET /remote-healthcare/healthcare/mapping/chatroom/111 HTTP/1.1" 200 131
192.168.1.5 - - [17/Mar/2014:01:03:03 +0530] "GET /remote-healthcare/healthcare/mapping/chatroom/111 HTTP/1.1" 200 131
192.168.1.5 - - [17/Mar/2014:01:03:08 +0530] "GET /remote-healthcare/healthcare/mapping/chatroom/111 HTTP/1.1" 200 131
192.168.1.5 - - [17/Mar/2014:01:03:13 +0530] "GET /remote-healthcare/healthcare/mapping/chatroom/111 HTTP/1.1" 200 131
192.168.1.5 - - [17/Mar/2014:01:03:18 +0530] "GET /remote-healthcare/healthcare/mapping/chatroom/111 HTTP/1.1" 200 131
192.168.1.5 - - [17/Mar/2014:01:03:23 +0530] "GET /remote-healthcare/healthcare/mapping/chatroom/111 HTTP/1.1" 200 131
192.168.1.5 - - [17/Mar/2014:01:03:28 +0530] "GET /remote-healthcare/healthcare/mapping/chatroom/111 HTTP/1.1" 200 131
192.168.1.5 - - [17/Mar/2014:01:03:33 +0530] "GET /remote-healthcare/healthcare/mapping/chatroom/111 HTTP/1.1" 200 131
192.168.1.5 - - [17/Mar/2014:01:03:38 +0530] "GET /remote-healthcare/healthcare/mapping/chatroom/111 HTTP/1.1" 200 131
192.168.1.5 - - [17/Mar/2014:01:03:43 +0530] "GET /remote-healthcare/healthcare/mapping/chatroom/111 HTTP/1.1" 200 131
192.168.1.5 - - [17/Mar/2014:01:03:48 +0530] "GET /remote-healthcare/healthcare/mapping/chatroom/111 HTTP/1.1" 200 131
192.168.1.5 - - [17/Mar/2014:01:03:53 +0530] "GET /remote-healthcare/healthcare/mapping/chatroom/111 HTTP/1.1" 200 131
192.168.1.5 - - [17/Mar/2014:01:03:58 +0530] "GET /remote-healthcare/healthcare/mapping/chatroom/111 HTTP/1.1" 200 131
192.168.1.5 - - [17/Mar/2014:01:04:03 +0530] "GET /remote-healthcare/healthcare/mapping/chatroom/111 HTTP/1.1" 200 131
192.168.1.5 - - [17/Mar/2014:01:04:08 +0530] "GET /remote-healthcare/healthcare/mapping/chatroom/111 HTTP/1.1" 200 131
192.168.1.5 - - [17/Mar/2014:01:04:13 +0530] "GET /remote-healthcare/healthcare/mapping/chatroom/111 HTTP/1.1" 200 131
192.168.1.5 - - [17/Mar/2014:01:04:18 +0530] "GET /remote-healthcare/healthcare/mapping/chatroom/111 HTTP/1.1" 200 131
192.168.1.5 - - [17/Mar/2014:01:04:23 +0530] "GET /remote-healthcare/healthcare/mapping/chatroom/111 HTTP/1.1" 200 131
192.168.1.5 - - [17/Mar/2014:01:04:28 +0530] "GET /remote-healthcare/healthcare/mapping/chatroom/111 HTTP/1.1" 200 131
192.168.1.5 - - [17/Mar/2014:01:04:33 +0530] "GET /remote-healthcare/healthcare/mapping/chatroom/111 HTTP/1.1" 200 131
192.168.1.5 - - [17/Mar/2014:01:04:39 +0530] "GET /remote-healthcare/healthcare/mapping/chatroom/111 HTTP/1.1" 200 131
192.168.1.5 - - [17/Mar/2014:01:04:44 +0530] "GET /remote-healthcare/healthcare/mapping/chatroom/111 HTTP/1.1" 200 131
192.168.1.5 - - [17/Mar/2014:01:04:49 +0530] "GET /remote-healthcare/healthcare/mapping/chatroom/111 HTTP/1.1" 200 131
192.168.1.5 - - [17/Mar/2014:01:04:54 +0530] "GET /remote-healthcare/healthcare/mapping/chatroom/111 HTTP/1.1" 200 131
192.168.1.5 - - [17/Mar/2014:01:04:59 +0530] "GET /remote-healthcare/healthcare/mapping/chatroom/111 HTTP/1.1" 200 131
192.168.1.5 - - [17/Mar/2014:01:05:04 +0530] "GET /remote-healthcare/healthcare/mapping/chatroom/111 HTTP/1.1" 200 131
192.168.1.5 - - [17/Mar/2014:01:05:09 +0530] "GET /remote-healthcare/healthcare/mapping/chatroom/111 HTTP/1.1" 200 131
192.168.1.5 - - [17/Mar/2014:01:05:14 +0530] "GET /remote-healthcare/healthcare/mapping/chatroom/111 HTTP/1.1" 200 131
192.168.1.5 - - [17/Mar/2014:01:05:19 +0530] "GET /remote-healthcare/healthcare/mapping/chatroom/111 HTTP/1.1" 200 131
192.168.1.5 - - [17/Mar/2014:01:05:24 +0530] "GET /remote-healthcare/healthcare/mapping/chatroom/111 HTTP/1.1" 200 131
192.168.1.5 - - [17/Mar/2014:01:05:29 +0530] "GET /remote-healthcare/healthcare/mapping/chatroom/111 HTTP/1.1" 200 131
192.168.1.5 - - [17/Mar/2014:01:05:34 +0530] "GET /remote-healthcare/healthcare/mapping/chatroom/111 HTTP/1.1" 200 131
192.168.1.5 - - [17/Mar/2014:01:05:39 +0530] "GET /remote-healthcare/healthcare/mapping/chatroom/111 HTTP/1.1" 200 131
192.168.1.5 - - [17/Mar/2014:01:05:44 +0530] "GET /remote-healthcare/healthcare/mapping/chatroom/111 HTTP/1.1" 200 131
192.168.1.5 - - [17/Mar/2014:01:05:49 +0530] "GET /remote-healthcare/healthcare/mapping/chatroom/111 HTTP/1.1" 200 131
192.168.1.5 - - [17/Mar/2014:01:05:54 +0530] "GET /remote-healthcare/healthcare/mapping/chatroom/111 HTTP/1.1" 200 131
192.168.1.5 - - [17/Mar/2014:01:05:59 +0530] "GET /remote-healthcare/healthcare/mapping/chatroom/111 HTTP/1.1" 200 131
192.168.1.5 - - [17/Mar/2014:01:06:05 +0530] "GET /remote-healthcare/healthcare/mapping/chatroom/111 HTTP/1.1" 200 131
192.168.1.5 - - [17/Mar/2014:01:06:10 +0530] "GET /remote-healthcare/healthcare/mapping/chatroom/111 HTTP/1.1" 200 131
192.168.1.5 - - [17/Mar/2014:01:06:15 +0530] "GET /remote-healthcare/healthcare/mapping/chatroom/111 HTTP/1.1" 200 131
192.168.1.5 - - [17/Mar/2014:01:06:20 +0530] "GET /remote-healthcare/healthcare/mapping/chatroom/111 HTTP/1.1" 200 131
192.168.1.5 - - [17/Mar/2014:01:06:25 +0530] "GET /remote-healthcare/healthcare/mapping/chatroom/111 HTTP/1.1" 200 131
192.168.1.5 - - [17/Mar/2014:01:06:30 +0530] "GET /remote-healthcare/healthcare/mapping/chatroom/111 HTTP/1.1" 200 131
192.168.1.5 - - [17/Mar/2014:01:06:35 +0530] "GET /remote-healthcare/healthcare/mapping/chatroom/111 HTTP/1.1" 200 131
192.168.1.5 - - [17/Mar/2014:01:06:40 +0530] "GET /remote-healthcare/healthcare/mapping/chatroom/111 HTTP/1.1" 200 131
192.168.1.5 - - [17/Mar/2014:01:06:45 +0530] "GET /remote-healthcare/healthcare/mapping/chatroom/111 HTTP/1.1" 200 131
192.168.1.5 - - [17/Mar/2014:01:06:50 +0530] "GET /remote-healthcare/healthcare/mapping/chatroom/111 HTTP/1.1" 200 131
192.168.1.5 - - [17/Mar/2014:01:06:55 +0530] "GET /remote-healthcare/healthcare/mapping/chatroom/111 HTTP/1.1" 200 131
192.168.1.5 - - [17/Mar/2014:01:07:00 +0530] "GET /remote-healthcare/healthcare/mapping/chatroom/111 HTTP/1.1" 200 131
192.168.1.5 - - [17/Mar/2014:01:07:05 +0530] "GET /remote-healthcare/healthcare/mapping/chatroom/111 HTTP/1.1" 200 131
192.168.1.5 - - [17/Mar/2014:01:07:10 +0530] "GET /remote-healthcare/healthcare/mapping/chatroom/111 HTTP/1.1" 200 131
192.168.1.5 - - [17/Mar/2014:01:07:16 +0530] "GET /remote-healthcare/healthcare/mapping/chatroom/111 HTTP/1.1" 200 131
192.168.1.5 - - [17/Mar/2014:01:07:21 +0530] "GET /remote-healthcare/healthcare/mapping/chatroom/111 HTTP/1.1" 200 131
192.168.1.5 - - [17/Mar/2014:01:07:26 +0530] "GET /remote-healthcare/healthcare/mapping/chatroom/111 HTTP/1.1" 200 131
192.168.1.5 - - [17/Mar/2014:01:07:31 +0530] "GET /remote-healthcare/healthcare/mapping/chatroom/111 HTTP/1.1" 200 131
192.168.1.5 - - [17/Mar/2014:01:07:36 +0530] "GET /remote-healthcare/healthcare/mapping/chatroom/111 HTTP/1.1" 200 131
192.168.1.5 - - [17/Mar/2014:01:07:41 +0530] "GET /remote-healthcare/healthcare/mapping/chatroom/111 HTTP/1.1" 200 131
192.168.1.5 - - [17/Mar/2014:01:07:46 +0530] "GET /remote-healthcare/healthcare/mapping/chatroom/111 HTTP/1.1" 200 131
192.168.1.5 - - [17/Mar/2014:01:07:51 +0530] "GET /remote-healthcare/healthcare/mapping/chatroom/111 HTTP/1.1" 200 131
192.168.1.5 - - [17/Mar/2014:01:07:56 +0530] "GET /remote-healthcare/healthcare/mapping/chatroom/111 HTTP/1.1" 200 131
192.168.1.5 - - [17/Mar/2014:01:08:01 +0530] "GET /remote-healthcare/healthcare/mapping/chatroom/111 HTTP/1.1" 200 131
192.168.1.5 - - [17/Mar/2014:01:08:06 +0530] "GET /remote-healthcare/healthcare/mapping/chatroom/111 HTTP/1.1" 200 131
192.168.1.5 - - [17/Mar/2014:01:08:11 +0530] "GET /remote-healthcare/healthcare/mapping/chatroom/111 HTTP/1.1" 200 131
192.168.1.5 - - [17/Mar/2014:01:08:16 +0530] "GET /remote-healthcare/healthcare/mapping/chatroom/111 HTTP/1.1" 200 131
192.168.1.5 - - [17/Mar/2014:01:08:21 +0530] "GET /remote-healthcare/healthcare/mapping/chatroom/111 HTTP/1.1" 200 131
192.168.1.5 - - [17/Mar/2014:01:08:26 +0530] "GET /remote-healthcare/healthcare/mapping/chatroom/111 HTTP/1.1" 200 131
192.168.1.5 - - [17/Mar/2014:01:08:31 +0530] "GET /remote-healthcare/healthcare/mapping/chatroom/111 HTTP/1.1" 200 131
192.168.1.5 - - [17/Mar/2014:01:08:36 +0530] "GET /remote-healthcare/healthcare/mapping/chatroom/111 HTTP/1.1" 200 131
192.168.1.5 - - [17/Mar/2014:01:08:41 +0530] "GET /remote-healthcare/healthcare/mapping/chatroom/111 HTTP/1.1" 200 131
192.168.1.5 - - [17/Mar/2014:01:08:46 +0530] "GET /remote-healthcare/healthcare/mapping/chatroom/111 HTTP/1.1" 200 131
192.168.1.5 - - [17/Mar/2014:01:08:51 +0530] "GET /remote-healthcare/healthcare/mapping/chatroom/111 HTTP/1.1" 200 131
192.168.1.5 - - [17/Mar/2014:01:08:56 +0530] "GET /remote-healthcare/healthcare/mapping/chatroom/111 HTTP/1.1" 200 131
192.168.1.5 - - [17/Mar/2014:01:09:01 +0530] "GET /remote-healthcare/healthcare/mapping/chatroom/111 HTTP/1.1" 200 131
192.168.1.5 - - [17/Mar/2014:01:09:06 +0530] "GET /remote-healthcare/healthcare/mapping/chatroom/111 HTTP/1.1" 200 131
192.168.1.5 - - [17/Mar/2014:01:09:11 +0530] "GET /remote-healthcare/healthcare/mapping/chatroom/111 HTTP/1.1" 200 131
192.168.1.5 - - [17/Mar/2014:01:09:17 +0530] "GET /remote-healthcare/healthcare/mapping/chatroom/111 HTTP/1.1" 200 131
192.168.1.5 - - [17/Mar/2014:01:09:22 +0530] "GET /remote-healthcare/healthcare/mapping/chatroom/111 HTTP/1.1" 200 131
192.168.1.5 - - [17/Mar/2014:01:09:27 +0530] "GET /remote-healthcare/healthcare/mapping/chatroom/111 HTTP/1.1" 200 131
192.168.1.5 - - [17/Mar/2014:01:09:32 +0530] "GET /remote-healthcare/healthcare/mapping/chatroom/111 HTTP/1.1" 200 131
192.168.1.5 - - [17/Mar/2014:01:09:37 +0530] "GET /remote-healthcare/healthcare/mapping/chatroom/111 HTTP/1.1" 200 131
192.168.1.5 - - [17/Mar/2014:01:09:42 +0530] "GET /remote-healthcare/healthcare/mapping/chatroom/111 HTTP/1.1" 200 131
192.168.1.5 - - [17/Mar/2014:01:09:47 +0530] "GET /remote-healthcare/healthcare/mapping/chatroom/111 HTTP/1.1" 200 131
192.168.1.5 - - [17/Mar/2014:01:09:52 +0530] "GET /remote-healthcare/healthcare/mapping/chatroom/111 HTTP/1.1" 200 131
192.168.1.10 - - [17/Mar/2014:01:11:50 +0530] "GET /ApnaAspatalDoctorWebClient/ApnaAspatalDoctorHome.html HTTP/1.1" 304 -
192.168.1.10 - - [17/Mar/2014:01:11:53 +0530] "GET /remote-healthcare/healthcare/mapping/docrequestcheck HTTP/1.1" 200 -
192.168.1.5 - - [17/Mar/2014:01:11:53 +0530] "GET /remote-healthcare/healthcare/mapping/chatroom/111 HTTP/1.1" 200 131
192.168.1.10 - - [17/Mar/2014:01:11:55 +0530] "GET /remote-healthcare/healthcare/mapping/docrequestcheck HTTP/1.1" 200 -
192.168.1.10 - - [17/Mar/2014:01:12:00 +0530] "GET /remote-healthcare/healthcare/mapping/docrequestcheck HTTP/1.1" 200 -
192.168.1.10 - - [17/Mar/2014:01:12:06 +0530] "GET /remote-healthcare/healthcare/mapping/docrequestcheck HTTP/1.1" 200 -
192.168.1.5 - - [17/Mar/2014:01:12:09 +0530] "POST /remote-healthcare/healthcare/patientaddress/addressanddetail/save HTTP/1.1" 200 109
192.168.1.10 - - [17/Mar/2014:01:12:11 +0530] "GET /remote-healthcare/healthcare/mapping/docrequestcheck HTTP/1.1" 200 -
192.168.1.10 - - [17/Mar/2014:01:12:16 +0530] "GET /remote-healthcare/healthcare/mapping/docrequestcheck HTTP/1.1" 200 -
192.168.1.10 - - [17/Mar/2014:01:12:21 +0530] "GET /remote-healthcare/healthcare/mapping/docrequestcheck HTTP/1.1" 200 -
192.168.1.10 - - [17/Mar/2014:01:12:26 +0530] "GET /remote-healthcare/healthcare/mapping/docrequestcheck HTTP/1.1" 200 -
192.168.1.10 - - [17/Mar/2014:01:12:31 +0530] "GET /remote-healthcare/healthcare/mapping/docrequestcheck HTTP/1.1" 200 -
192.168.1.10 - - [17/Mar/2014:01:12:36 +0530] "GET /remote-healthcare/healthcare/mapping/docrequestcheck HTTP/1.1" 200 -
192.168.1.5 - - [17/Mar/2014:01:12:39 +0530] "POST /remote-healthcare/healthcare/patientaddress/addressanddetail/save HTTP/1.1" 200 109
192.168.1.10 - - [17/Mar/2014:01:12:41 +0530] "GET /remote-healthcare/healthcare/mapping/docrequestcheck HTTP/1.1" 200 -
192.168.1.10 - - [17/Mar/2014:01:12:46 +0530] "GET /remote-healthcare/healthcare/mapping/docrequestcheck HTTP/1.1" 200 -
192.168.1.5 - - [17/Mar/2014:01:12:47 +0530] "GET /ApnaAspatalBoothWebClient/ApnaAspatalPatientRegistration.html HTTP/1.1" 304 -
192.168.1.10 - - [17/Mar/2014:01:12:51 +0530] "GET /remote-healthcare/healthcare/mapping/docrequestcheck HTTP/1.1" 200 -
192.168.1.10 - - [17/Mar/2014:01:12:56 +0530] "GET /remote-healthcare/healthcare/mapping/docrequestcheck HTTP/1.1" 200 -
192.168.1.5 - - [17/Mar/2014:01:12:58 +0530] "POST /remote-healthcare/healthcare/patientaddress/addressanddetail/save HTTP/1.1" 200 109
192.168.1.10 - - [17/Mar/2014:01:13:01 +0530] "GET /remote-healthcare/healthcare/mapping/docrequestcheck HTTP/1.1" 200 -
192.168.1.10 - - [17/Mar/2014:01:13:06 +0530] "GET /remote-healthcare/healthcare/mapping/docrequestcheck HTTP/1.1" 200 -
192.168.1.5 - - [17/Mar/2014:01:13:07 +0530] "GET /ApnaAspatalBoothWebClient/ApnaAspatalBoothLogin.html HTTP/1.1" 304 -
192.168.1.10 - - [17/Mar/2014:01:13:11 +0530] "GET /remote-healthcare/healthcare/mapping/docrequestcheck HTTP/1.1" 200 -
192.168.1.5 - - [17/Mar/2014:01:13:15 +0530] "GET /remote-healthcare/healthcare/apnaaspatal/boothlogin HTTP/1.1" 200 -
192.168.1.10 - - [17/Mar/2014:01:13:16 +0530] "GET /remote-healthcare/healthcare/mapping/docrequestcheck HTTP/1.1" 200 -
192.168.1.10 - - [17/Mar/2014:01:13:21 +0530] "GET /remote-healthcare/healthcare/mapping/docrequestcheck HTTP/1.1" 200 -
192.168.1.10 - - [17/Mar/2014:01:13:27 +0530] "GET /remote-healthcare/healthcare/mapping/docrequestcheck HTTP/1.1" 200 -
192.168.1.10 - - [17/Mar/2014:01:13:32 +0530] "GET /remote-healthcare/healthcare/mapping/docrequestcheck HTTP/1.1" 200 -
192.168.1.10 - - [17/Mar/2014:01:13:37 +0530] "GET /remote-healthcare/healthcare/mapping/docrequestcheck HTTP/1.1" 200 -
192.168.1.5 - - [17/Mar/2014:01:13:38 +0530] "POST /remote-healthcare/healthcare/patientaddress/addressanddetail/save HTTP/1.1" 200 111
192.168.1.10 - - [17/Mar/2014:01:13:42 +0530] "GET /remote-healthcare/healthcare/mapping/docrequestcheck HTTP/1.1" 200 -
192.168.1.10 - - [17/Mar/2014:01:13:47 +0530] "GET /remote-healthcare/healthcare/mapping/docrequestcheck HTTP/1.1" 200 -
192.168.1.10 - - [17/Mar/2014:01:13:52 +0530] "GET /remote-healthcare/healthcare/mapping/docrequestcheck HTTP/1.1" 200 -
192.168.1.5 - - [17/Mar/2014:01:13:52 +0530] "POST /remote-healthcare/healthcare/doctorfaq/save HTTP/1.1" 200 111
192.168.1.5 - - [17/Mar/2014:01:13:52 +0530] "GET /ApnaAspatalBoothWebClient/ApnaAspatalPrimaryTestParameters.html HTTP/1.1" 200 13971
192.168.1.10 - - [17/Mar/2014:01:13:57 +0530] "GET /remote-healthcare/healthcare/mapping/docrequestcheck HTTP/1.1" 200 -
192.168.1.5 - - [17/Mar/2014:01:14:01 +0530] "GET /remote-healthcare/healthcare/mapping/chatroom/null HTTP/1.1" 400 968
192.168.1.10 - - [17/Mar/2014:01:14:02 +0530] "GET /remote-healthcare/healthcare/mapping/docrequestcheck HTTP/1.1" 200 -
192.168.1.5 - - [17/Mar/2014:01:14:05 +0530] "POST /remote-healthcare/healthcare/sendtodoctor/webhealthdetal HTTP/1.1" 424 196
192.168.1.10 - - [17/Mar/2014:01:14:07 +0530] "GET /remote-healthcare/healthcare/mapping/docrequestcheck HTTP/1.1" 200 -
192.168.1.5 - - [17/Mar/2014:01:14:10 +0530] "GET /remote-healthcare/healthcare/mapping/chatroom/null HTTP/1.1" 400 968
192.168.1.10 - - [17/Mar/2014:01:14:12 +0530] "GET /remote-healthcare/healthcare/mapping/docrequestcheck HTTP/1.1" 200 -
192.168.1.5 - - [17/Mar/2014:01:14:15 +0530] "GET /remote-healthcare/healthcare/mapping/chatroom/null HTTP/1.1" 400 968
192.168.1.10 - - [17/Mar/2014:01:14:17 +0530] "GET /remote-healthcare/healthcare/mapping/docrequestcheck HTTP/1.1" 200 -
192.168.1.5 - - [17/Mar/2014:01:14:18 +0530] "POST /remote-healthcare/healthcare/sendtodoctor/webhealthdetal HTTP/1.1" 424 196
192.168.1.5 - - [17/Mar/2014:01:14:21 +0530] "GET /remote-healthcare/healthcare/mapping/chatroom/null HTTP/1.1" 400 968
192.168.1.10 - - [17/Mar/2014:01:14:22 +0530] "GET /remote-healthcare/healthcare/mapping/docrequestcheck HTTP/1.1" 200 -
192.168.1.5 - - [17/Mar/2014:01:14:26 +0530] "GET /remote-healthcare/healthcare/mapping/chatroom/null HTTP/1.1" 400 968
192.168.1.10 - - [17/Mar/2014:01:14:27 +0530] "GET /remote-healthcare/healthcare/mapping/docrequestcheck HTTP/1.1" 200 -
192.168.1.5 - - [17/Mar/2014:01:14:31 +0530] "GET /remote-healthcare/healthcare/mapping/chatroom/null HTTP/1.1" 400 968
192.168.1.10 - - [17/Mar/2014:01:14:32 +0530] "GET /remote-healthcare/healthcare/mapping/docrequestcheck HTTP/1.1" 200 -
192.168.1.10 - - [17/Mar/2014:01:14:37 +0530] "GET /remote-healthcare/healthcare/mapping/docrequestcheck HTTP/1.1" 200 -
192.168.1.5 - - [17/Mar/2014:01:14:37 +0530] "GET /remote-healthcare/healthcare/mapping/chatroom/null HTTP/1.1" 400 968
192.168.1.10 - - [17/Mar/2014:01:14:42 +0530] "GET /remote-healthcare/healthcare/mapping/docrequestcheck HTTP/1.1" 200 -
192.168.1.5 - - [17/Mar/2014:01:14:42 +0530] "GET /remote-healthcare/healthcare/mapping/chatroom/null HTTP/1.1" 400 968
192.168.1.5 - - [17/Mar/2014:01:14:46 +0530] "POST /remote-healthcare/healthcare/sendtodoctor/webhealthdetal HTTP/1.1" 424 196
192.168.1.10 - - [17/Mar/2014:01:14:47 +0530] "GET /remote-healthcare/healthcare/mapping/docrequestcheck HTTP/1.1" 200 -
192.168.1.10 - - [17/Mar/2014:01:14:52 +0530] "GET /remote-healthcare/healthcare/mapping/docrequestcheck HTTP/1.1" 200 -
192.168.1.10 - - [17/Mar/2014:01:14:57 +0530] "GET /remote-healthcare/healthcare/mapping/docrequestcheck HTTP/1.1" 200 -
192.168.1.5 - - [17/Mar/2014:01:14:58 +0530] "GET /remote-healthcare/healthcare/mapping/chatroom/null HTTP/1.1" 400 968
192.168.1.10 - - [17/Mar/2014:01:15:02 +0530] "GET /remote-healthcare/healthcare/mapping/docrequestcheck HTTP/1.1" 200 -
192.168.1.5 - - [17/Mar/2014:01:15:03 +0530] "GET /remote-healthcare/healthcare/mapping/chatroom/null HTTP/1.1" 400 968
192.168.1.10 - - [17/Mar/2014:01:15:07 +0530] "GET /remote-healthcare/healthcare/mapping/docrequestcheck HTTP/1.1" 200 -
192.168.1.5 - - [17/Mar/2014:01:15:09 +0530] "GET /remote-healthcare/healthcare/mapping/chatroom/null HTTP/1.1" 400 968
192.168.1.10 - - [17/Mar/2014:01:15:12 +0530] "GET /remote-healthcare/healthcare/mapping/docrequestcheck HTTP/1.1" 200 -
192.168.1.5 - - [17/Mar/2014:01:15:14 +0530] "GET /remote-healthcare/healthcare/mapping/chatroom/null HTTP/1.1" 400 968
192.168.1.10 - - [17/Mar/2014:01:15:17 +0530] "GET /remote-healthcare/healthcare/mapping/docrequestcheck HTTP/1.1" 200 -
192.168.1.10 - - [17/Mar/2014:01:15:22 +0530] "GET /remote-healthcare/healthcare/mapping/docrequestcheck HTTP/1.1" 200 -
192.168.1.10 - - [17/Mar/2014:01:15:27 +0530] "GET /remote-healthcare/healthcare/mapping/docrequestcheck HTTP/1.1" 200 -
192.168.1.10 - - [17/Mar/2014:01:15:33 +0530] "GET /remote-healthcare/healthcare/mapping/docrequestcheck HTTP/1.1" 200 -
192.168.1.10 - - [17/Mar/2014:01:15:34 +0530] "GET /ApnaAspatalDoctorWebClient/ApnaAspatalDoctorHome.html HTTP/1.1" 304 -
192.168.1.10 - - [17/Mar/2014:01:15:39 +0530] "GET /remote-healthcare/healthcare/mapping/docrequestcheck HTTP/1.1" 200 -
192.168.1.10 - - [17/Mar/2014:01:15:44 +0530] "GET /remote-healthcare/healthcare/mapping/docrequestcheck HTTP/1.1" 200 -
192.168.1.10 - - [17/Mar/2014:01:15:49 +0530] "GET /remote-healthcare/healthcare/mapping/docrequestcheck HTTP/1.1" 200 -
192.168.1.10 - - [17/Mar/2014:01:15:54 +0530] "GET /remote-healthcare/healthcare/mapping/docrequestcheck HTTP/1.1" 200 -
192.168.1.5 - - [17/Mar/2014:01:15:59 +0530] "GET /remote-healthcare/healthcare/apnaaspatal/boothlogin HTTP/1.1" 401 1061
192.168.1.5 - - [17/Mar/2014:01:15:59 +0530] "GET /remote-healthcare/healthcare/apnaaspatal/boothlogin HTTP/1.1" 200 -
192.168.1.10 - - [17/Mar/2014:01:15:59 +0530] "GET /remote-healthcare/healthcare/mapping/docrequestcheck HTTP/1.1" 200 -
192.168.1.10 - - [17/Mar/2014:01:16:04 +0530] "GET /remote-healthcare/healthcare/mapping/docrequestcheck HTTP/1.1" 200 -
192.168.1.10 - - [17/Mar/2014:01:16:09 +0530] "GET /remote-healthcare/healthcare/mapping/docrequestcheck HTTP/1.1" 200 -
192.168.1.10 - - [17/Mar/2014:01:16:15 +0530] "GET /remote-healthcare/healthcare/mapping/docrequestcheck HTTP/1.1" 200 -
192.168.1.10 - - [17/Mar/2014:01:16:20 +0530] "GET /remote-healthcare/healthcare/mapping/docrequestcheck HTTP/1.1" 200 -
192.168.1.10 - - [17/Mar/2014:01:16:25 +0530] "GET /remote-healthcare/healthcare/mapping/docrequestcheck HTTP/1.1" 200 -
192.168.1.5 - - [17/Mar/2014:01:16:26 +0530] "POST /remote-healthcare/healthcare/patientaddress/addressanddetail/save HTTP/1.1" 200 111
192.168.1.10 - - [17/Mar/2014:01:16:30 +0530] "GET /remote-healthcare/healthcare/mapping/docrequestcheck HTTP/1.1" 200 -
192.168.1.10 - - [17/Mar/2014:01:16:35 +0530] "GET /remote-healthcare/healthcare/mapping/docrequestcheck HTTP/1.1" 200 -
192.168.1.10 - - [17/Mar/2014:01:16:40 +0530] "GET /remote-healthcare/healthcare/mapping/docrequestcheck HTTP/1.1" 200 -
192.168.1.5 - - [17/Mar/2014:01:16:41 +0530] "POST /remote-healthcare/healthcare/doctorfaq/save HTTP/1.1" 500 25504
192.168.1.10 - - [17/Mar/2014:01:16:45 +0530] "GET /remote-healthcare/healthcare/mapping/docrequestcheck HTTP/1.1" 200 -
192.168.1.10 - - [17/Mar/2014:01:16:50 +0530] "GET /remote-healthcare/healthcare/mapping/docrequestcheck HTTP/1.1" 200 -
192.168.1.10 - - [17/Mar/2014:01:16:55 +0530] "GET /remote-healthcare/healthcare/mapping/docrequestcheck HTTP/1.1" 200 -
192.168.1.10 - - [17/Mar/2014:01:17:02 +0530] "GET /remote-healthcare/healthcare/mapping/docrequestcheck HTTP/1.1" 200 -
192.168.1.10 - - [17/Mar/2014:01:17:15 +0530] "GET /remote-healthcare/healthcare/mapping/docrequestcheck HTTP/1.1" 200 -
192.168.1.10 - - [17/Mar/2014:01:17:35 +0530] "GET /remote-healthcare/healthcare/mapping/docrequestcheck HTTP/1.1" 200 -
192.168.1.10 - - [17/Mar/2014:01:17:40 +0530] "GET /remote-healthcare/healthcare/mapping/docrequestcheck HTTP/1.1" 200 -
192.168.1.10 - - [17/Mar/2014:01:17:45 +0530] "GET /remote-healthcare/healthcare/mapping/docrequestcheck HTTP/1.1" 200 -
192.168.1.5 - - [17/Mar/2014:01:17:50 +0530] "POST /remote-healthcare/healthcare/doctorfaq/save HTTP/1.1" 500 25504
192.168.1.10 - - [17/Mar/2014:01:17:50 +0530] "GET /remote-healthcare/healthcare/mapping/docrequestcheck HTTP/1.1" 200 -
192.168.1.10 - - [17/Mar/2014:01:17:56 +0530] "GET /remote-healthcare/healthcare/mapping/docrequestcheck HTTP/1.1" 200 -
192.168.1.10 - - [17/Mar/2014:01:18:01 +0530] "GET /remote-healthcare/healthcare/mapping/docrequestcheck HTTP/1.1" 200 -
192.168.1.10 - - [17/Mar/2014:01:18:06 +0530] "GET /remote-healthcare/healthcare/mapping/docrequestcheck HTTP/1.1" 200 -
192.168.1.10 - - [17/Mar/2014:01:18:11 +0530] "GET /remote-healthcare/healthcare/mapping/docrequestcheck HTTP/1.1" 200 -
192.168.1.10 - - [17/Mar/2014:01:18:16 +0530] "GET /remote-healthcare/healthcare/mapping/docrequestcheck HTTP/1.1" 200 -
192.168.1.10 - - [17/Mar/2014:01:18:21 +0530] "GET /remote-healthcare/healthcare/mapping/docrequestcheck HTTP/1.1" 200 -
192.168.1.10 - - [17/Mar/2014:01:18:26 +0530] "GET /remote-healthcare/healthcare/mapping/docrequestcheck HTTP/1.1" 200 -
192.168.1.10 - - [17/Mar/2014:01:18:31 +0530] "GET /remote-healthcare/healthcare/mapping/docrequestcheck HTTP/1.1" 200 -
192.168.1.10 - - [17/Mar/2014:01:18:36 +0530] "GET /remote-healthcare/healthcare/mapping/docrequestcheck HTTP/1.1" 200 -
192.168.1.10 - - [17/Mar/2014:01:18:42 +0530] "GET /remote-healthcare/healthcare/mapping/docrequestcheck HTTP/1.1" 200 -
192.168.1.7 - - [17/Mar/2014:20:56:39 +0530] "GET /ApnaAspatalBoothWebClient/ApnaAspatalBoothLogin.html HTTP/1.1" 200 3786
192.168.1.7 - - [17/Mar/2014:20:56:39 +0530] "GET /ApnaAspatalBoothWebClient/js/jquery-2.0.3.min.js HTTP/1.1" 200 250978
192.168.1.7 - - [17/Mar/2014:20:56:40 +0530] "GET /ApnaAspatalBoothWebClient/Login.jpg HTTP/1.1" 200 34712
192.168.1.7 - - [17/Mar/2014:20:56:40 +0530] "GET /ApnaAspatalBoothWebClient/apnaaspatal.jpg HTTP/1.1" 200 39731
192.168.1.7 - - [17/Mar/2014:20:56:40 +0530] "GET /favicon.ico HTTP/1.1" 200 21630
192.168.1.9 - - [17/Mar/2014:21:10:04 +0530] "GET /ApnaAspatalDoctorWebClient/ApnaAspatalDoctorLogin.html HTTP/1.1" 200 3851
192.168.1.9 - - [17/Mar/2014:21:10:04 +0530] "GET /ApnaAspatalDoctorWebClient/js/jquery-2.0.3.min.js HTTP/1.1" 200 250978
192.168.1.9 - - [17/Mar/2014:21:10:04 +0530] "GET /ApnaAspatalDoctorWebClient/apnaaspatal.jpg HTTP/1.1" 200 39731
192.168.1.9 - - [17/Mar/2014:21:10:05 +0530] "GET /ApnaAspatalDoctorWebClient/Login.jpg HTTP/1.1" 200 34712
192.168.1.9 - - [17/Mar/2014:21:10:06 +0530] "GET /favicon.ico HTTP/1.1" 200 21630
192.168.1.9 - - [17/Mar/2014:21:10:31 +0530] "GET /remote-healthcare/healthcare/apnaaspatal/doctorlogin HTTP/1.1" 401 1061
192.168.1.7 - - [17/Mar/2014:21:10:36 +0530] "GET /remote-healthcare/healthcare/apnaaspatal/boothlogin HTTP/1.1" 401 1061
192.168.1.7 - - [17/Mar/2014:21:10:47 +0530] "GET /remote-healthcare/healthcare/apnaaspatal/boothlogin HTTP/1.1" 200 -
192.168.1.7 - - [17/Mar/2014:21:10:48 +0530] "GET /ApnaAspatalBoothWebClient/ApnaAspatalBoothHome.html HTTP/1.1" 200 1654
192.168.1.7 - - [17/Mar/2014:21:10:48 +0530] "GET /ApnaAspatalBoothWebClient/Remotecare.jpg HTTP/1.1" 200 7443
192.168.1.9 - - [17/Mar/2014:21:10:48 +0530] "GET /remote-healthcare/healthcare/apnaaspatal/doctorlogin HTTP/1.1" 200 129
192.168.1.7 - - [17/Mar/2014:21:10:48 +0530] "GET /ApnaAspatalBoothWebClient/down-arrow-icon.jpg HTTP/1.1" 200 104195
192.168.1.9 - - [17/Mar/2014:21:10:48 +0530] "GET /ApnaAspatalDoctorWebClient/ApnaAspatalDoctorHome.html HTTP/1.1" 200 6830
192.168.1.9 - - [17/Mar/2014:21:10:48 +0530] "GET /ApnaAspatalDoctorWebClient/Remotecare.jpg HTTP/1.1" 200 7443
192.168.1.7 - - [17/Mar/2014:21:10:52 +0530] "GET /ApnaAspatalBoothWebClient/ApnaAspatalPatientRegistration.html HTTP/1.1" 200 9732
192.168.1.9 - - [17/Mar/2014:21:10:54 +0530] "GET /remote-healthcare/healthcare/mapping/docrequestcheck HTTP/1.1" 200 -
192.168.1.9 - - [17/Mar/2014:21:10:59 +0530] "GET /remote-healthcare/healthcare/mapping/docrequestcheck HTTP/1.1" 200 -
192.168.1.9 - - [17/Mar/2014:21:11:05 +0530] "GET /remote-healthcare/healthcare/mapping/docrequestcheck HTTP/1.1" 200 -
192.168.1.7 - - [17/Mar/2014:21:11:07 +0530] "POST /remote-healthcare/healthcare/patientaddress/addressanddetail/save HTTP/1.1" 200 111
192.168.1.7 - - [17/Mar/2014:21:11:08 +0530] "GET /ApnaAspatalBoothWebClient/ApnaAspatalPrimaryQuestions.html HTTP/1.1" 200 47694
192.168.1.9 - - [17/Mar/2014:21:11:10 +0530] "GET /remote-healthcare/healthcare/mapping/docrequestcheck HTTP/1.1" 200 -
192.168.1.7 - - [17/Mar/2014:21:11:15 +0530] "POST /remote-healthcare/healthcare/doctorfaq/save HTTP/1.1" 200 111
192.168.1.7 - - [17/Mar/2014:21:11:15 +0530] "GET /ApnaAspatalBoothWebClient/ApnaAspatalPrimaryTestParameters.html HTTP/1.1" 200 13740
192.168.1.9 - - [17/Mar/2014:21:11:15 +0530] "GET /remote-healthcare/healthcare/mapping/docrequestcheck HTTP/1.1" 200 -
192.168.1.9 - - [17/Mar/2014:21:11:20 +0530] "GET /remote-healthcare/healthcare/mapping/docrequestcheck HTTP/1.1" 200 -
192.168.1.7 - - [17/Mar/2014:21:11:24 +0530] "GET /remote-healthcare/healthcare/mapping/chatroom/null HTTP/1.1" 400 968
192.168.1.9 - - [17/Mar/2014:21:11:25 +0530] "GET /remote-healthcare/healthcare/mapping/docrequestcheck HTTP/1.1" 200 -
192.168.1.7 - - [17/Mar/2014:21:11:29 +0530] "GET /remote-healthcare/healthcare/mapping/chatroom/null HTTP/1.1" 400 968
192.168.1.9 - - [17/Mar/2014:21:11:30 +0530] "GET /remote-healthcare/healthcare/mapping/docrequestcheck HTTP/1.1" 200 -
192.168.1.7 - - [17/Mar/2014:21:11:35 +0530] "GET /remote-healthcare/healthcare/mapping/chatroom/null HTTP/1.1" 400 968
192.168.1.9 - - [17/Mar/2014:21:11:35 +0530] "GET /remote-healthcare/healthcare/mapping/docrequestcheck HTTP/1.1" 200 -
192.168.1.7 - - [17/Mar/2014:21:11:41 +0530] "GET /remote-healthcare/healthcare/mapping/chatroom/null HTTP/1.1" 400 968
192.168.1.9 - - [17/Mar/2014:21:11:41 +0530] "GET /remote-healthcare/healthcare/mapping/docrequestcheck HTTP/1.1" 200 -
192.168.1.7 - - [17/Mar/2014:21:11:43 +0530] "POST /remote-healthcare/healthcare/sendtodoctor/webhealthdetal HTTP/1.1" 200 193
192.168.1.9 - - [17/Mar/2014:21:11:46 +0530] "GET /remote-healthcare/healthcare/mapping/docrequestcheck HTTP/1.1" 200 294
192.168.1.7 - - [17/Mar/2014:21:11:46 +0530] "GET /remote-healthcare/healthcare/mapping/chatroom/112 HTTP/1.1" 200 82
192.168.1.7 - - [17/Mar/2014:21:11:51 +0530] "GET /remote-healthcare/healthcare/mapping/chatroom/112 HTTP/1.1" 200 82
192.168.1.9 - - [17/Mar/2014:21:11:51 +0530] "GET /remote-healthcare/healthcare/mapping/attended/457 HTTP/1.1" 200 769
192.168.1.9 - - [17/Mar/2014:21:11:52 +0530] "GET /ApnaAspatalDoctorWebClient/ApnaAspatalPatientHealthDetail.html HTTP/1.1" 200 13765
192.168.1.9 - - [17/Mar/2014:21:11:52 +0530] "GET /ApnaAspatalDoctorWebClient/arrow2.jpg HTTP/1.1" 200 3740
192.168.1.9 - - [17/Mar/2014:21:11:52 +0530] "GET /ApnaAspatalDoctorWebClient/Logo-doctor.jpg HTTP/1.1" 200 25115
192.168.1.7 - - [17/Mar/2014:21:11:56 +0530] "GET /remote-healthcare/healthcare/mapping/chatroom/112 HTTP/1.1" 200 82
192.168.1.7 - - [17/Mar/2014:21:12:01 +0530] "GET /remote-healthcare/healthcare/mapping/chatroom/112 HTTP/1.1" 200 82
192.168.1.7 - - [17/Mar/2014:21:12:06 +0530] "GET /remote-healthcare/healthcare/mapping/chatroom/112 HTTP/1.1" 200 82
192.168.1.7 - - [17/Mar/2014:21:12:11 +0530] "GET /remote-healthcare/healthcare/mapping/chatroom/112 HTTP/1.1" 200 82
192.168.1.7 - - [17/Mar/2014:21:12:16 +0530] "GET /remote-healthcare/healthcare/mapping/chatroom/112 HTTP/1.1" 200 82
192.168.1.7 - - [17/Mar/2014:21:12:22 +0530] "GET /remote-healthcare/healthcare/mapping/chatroom/112 HTTP/1.1" 200 82
192.168.1.7 - - [17/Mar/2014:21:12:27 +0530] "GET /remote-healthcare/healthcare/mapping/chatroom/112 HTTP/1.1" 200 82
192.168.1.9 - - [17/Mar/2014:21:12:27 +0530] "GET /remote-healthcare/healthcare/mapping/attended/chat/112 HTTP/1.1" 200 131
192.168.1.7 - - [17/Mar/2014:21:12:32 +0530] "GET /remote-healthcare/healthcare/mapping/chatroom/112 HTTP/1.1" 200 131
192.168.1.7 - - [17/Mar/2014:21:12:37 +0530] "GET /remote-healthcare/healthcare/mapping/chatroom/112 HTTP/1.1" 200 131
192.168.1.7 - - [17/Mar/2014:21:12:42 +0530] "GET /remote-healthcare/healthcare/mapping/chatroom/112 HTTP/1.1" 200 131
192.168.1.7 - - [17/Mar/2014:21:12:47 +0530] "GET /remote-healthcare/healthcare/mapping/chatroom/112 HTTP/1.1" 200 131
192.168.1.7 - - [17/Mar/2014:21:12:52 +0530] "GET /remote-healthcare/healthcare/mapping/chatroom/112 HTTP/1.1" 200 131
