192.168.1.10 - - [20/Mar/2014:19:05:50 +0530] "GET /ApnaAspatalDoctorWebClient/ApnaAspatalDoctorLogin.html HTTP/1.1" 200 3851
192.168.1.10 - - [20/Mar/2014:19:05:50 +0530] "GET /ApnaAspatalDoctorWebClient/js/jquery-2.0.3.min.js HTTP/1.1" 200 250978
192.168.1.10 - - [20/Mar/2014:19:05:51 +0530] "GET /ApnaAspatalDoctorWebClient/apnaaspatal.jpg HTTP/1.1" 200 39731
192.168.1.10 - - [20/Mar/2014:19:05:52 +0530] "GET /ApnaAspatalDoctorWebClient/Login.jpg HTTP/1.1" 200 34712
192.168.1.10 - - [20/Mar/2014:19:05:53 +0530] "GET /favicon.ico HTTP/1.1" 200 21630
192.168.1.3 - - [20/Mar/2014:19:06:06 +0530] "GET /ApnaAspatalBoothWebClient/ApnaAspatalBoothLogin.html HTTP/1.1" 200 3786
192.168.1.3 - - [20/Mar/2014:19:06:08 +0530] "GET /ApnaAspatalBoothWebClient/js/jquery-2.0.3.min.js HTTP/1.1" 200 250978
192.168.1.3 - - [20/Mar/2014:19:06:08 +0530] "GET /ApnaAspatalBoothWebClient/Login.jpg HTTP/1.1" 200 34712
192.168.1.3 - - [20/Mar/2014:19:06:09 +0530] "GET /ApnaAspatalBoothWebClient/apnaaspatal.jpg HTTP/1.1" 200 39731
192.168.1.3 - - [20/Mar/2014:19:06:14 +0530] "GET /favicon.ico HTTP/1.1" 200 21630
192.168.1.10 - - [20/Mar/2014:19:06:44 +0530] "GET /remote-healthcare/healthcare/apnaaspatal/doctorlogin HTTP/1.1" 401 1061
192.168.1.10 - - [20/Mar/2014:19:06:47 +0530] "GET /remote-healthcare/healthcare/apnaaspatal/doctorlogin HTTP/1.1" 200 129
192.168.1.10 - - [20/Mar/2014:19:06:47 +0530] "GET /ApnaAspatalDoctorWebClient/ApnaAspatalDoctorHome.html HTTP/1.1" 200 6830
192.168.1.10 - - [20/Mar/2014:19:06:47 +0530] "GET /ApnaAspatalDoctorWebClient/Remotecare.jpg HTTP/1.1" 200 7443
192.168.1.10 - - [20/Mar/2014:19:06:53 +0530] "GET /remote-healthcare/healthcare/mapping/docrequestcheck HTTP/1.1" 200 -
192.168.1.3 - - [20/Mar/2014:19:06:55 +0530] "GET /remote-healthcare/healthcare/apnaaspatal/boothlogin HTTP/1.1" 401 1061
192.168.1.3 - - [20/Mar/2014:19:06:56 +0530] "GET /remote-healthcare/healthcare/apnaaspatal/boothlogin HTTP/1.1" 200 -
192.168.1.3 - - [20/Mar/2014:19:06:56 +0530] "GET /ApnaAspatalBoothWebClient/ApnaAspatalBoothHome.html HTTP/1.1" 200 1654
192.168.1.3 - - [20/Mar/2014:19:06:56 +0530] "GET /ApnaAspatalBoothWebClient/Remotecare.jpg HTTP/1.1" 200 7443
192.168.1.3 - - [20/Mar/2014:19:06:56 +0530] "GET /ApnaAspatalBoothWebClient/down-arrow-icon.jpg HTTP/1.1" 200 104195
192.168.1.10 - - [20/Mar/2014:19:06:58 +0530] "GET /remote-healthcare/healthcare/mapping/docrequestcheck HTTP/1.1" 200 -
192.168.1.3 - - [20/Mar/2014:19:06:59 +0530] "GET /ApnaAspatalBoothWebClient/ApnaAspatalPatientRegistration.html HTTP/1.1" 200 9732
192.168.1.10 - - [20/Mar/2014:19:07:03 +0530] "GET /remote-healthcare/healthcare/mapping/docrequestcheck HTTP/1.1" 200 -
192.168.1.10 - - [20/Mar/2014:19:07:08 +0530] "GET /remote-healthcare/healthcare/mapping/docrequestcheck HTTP/1.1" 200 -
192.168.1.10 - - [20/Mar/2014:19:07:13 +0530] "GET /remote-healthcare/healthcare/mapping/docrequestcheck HTTP/1.1" 200 -
192.168.1.10 - - [20/Mar/2014:19:07:18 +0530] "GET /remote-healthcare/healthcare/mapping/docrequestcheck HTTP/1.1" 200 -
192.168.1.10 - - [20/Mar/2014:19:07:23 +0530] "GET /remote-healthcare/healthcare/mapping/docrequestcheck HTTP/1.1" 200 -
192.168.1.10 - - [20/Mar/2014:19:07:28 +0530] "GET /remote-healthcare/healthcare/mapping/docrequestcheck HTTP/1.1" 200 -
192.168.1.10 - - [20/Mar/2014:19:07:34 +0530] "GET /remote-healthcare/healthcare/mapping/docrequestcheck HTTP/1.1" 200 -
192.168.1.3 - - [20/Mar/2014:19:07:34 +0530] "POST /remote-healthcare/healthcare/patientaddress/addressanddetail/save HTTP/1.1" 200 111
192.168.1.10 - - [20/Mar/2014:19:07:39 +0530] "GET /remote-healthcare/healthcare/mapping/docrequestcheck HTTP/1.1" 200 -
192.168.1.3 - - [20/Mar/2014:19:07:39 +0530] "GET /ApnaAspatalBoothWebClient/ApnaAspatalPrimaryQuestions.html HTTP/1.1" 200 47694
192.168.1.10 - - [20/Mar/2014:19:07:44 +0530] "GET /remote-healthcare/healthcare/mapping/docrequestcheck HTTP/1.1" 200 -
192.168.1.10 - - [20/Mar/2014:19:07:49 +0530] "GET /remote-healthcare/healthcare/mapping/docrequestcheck HTTP/1.1" 200 -
192.168.1.10 - - [20/Mar/2014:19:07:54 +0530] "GET /remote-healthcare/healthcare/mapping/docrequestcheck HTTP/1.1" 200 -
192.168.1.3 - - [20/Mar/2014:19:07:55 +0530] "POST /remote-healthcare/healthcare/doctorfaq/save HTTP/1.1" 200 111
192.168.1.3 - - [20/Mar/2014:19:07:55 +0530] "GET /ApnaAspatalBoothWebClient/ApnaAspatalPrimaryTestParameters.html HTTP/1.1" 200 14948
192.168.1.10 - - [20/Mar/2014:19:07:59 +0530] "GET /remote-healthcare/healthcare/mapping/docrequestcheck HTTP/1.1" 200 -
192.168.1.10 - - [20/Mar/2014:19:08:04 +0530] "GET /remote-healthcare/healthcare/mapping/docrequestcheck HTTP/1.1" 200 -
192.168.1.3 - - [20/Mar/2014:19:08:06 +0530] "GET /remote-healthcare/healthcare/mapping/chatroom/null HTTP/1.1" 400 968
192.168.1.10 - - [20/Mar/2014:19:08:09 +0530] "GET /remote-healthcare/healthcare/mapping/docrequestcheck HTTP/1.1" 200 -
192.168.1.3 - - [20/Mar/2014:19:08:11 +0530] "GET /remote-healthcare/healthcare/mapping/chatroom/null HTTP/1.1" 400 968
192.168.1.10 - - [20/Mar/2014:19:08:14 +0530] "GET /remote-healthcare/healthcare/mapping/docrequestcheck HTTP/1.1" 200 -
192.168.1.3 - - [20/Mar/2014:19:08:14 +0530] "POST /remote-healthcare/healthcare/sendtodoctor/webhealthdetal HTTP/1.1" 200 193
192.168.1.10 - - [20/Mar/2014:19:08:19 +0530] "GET /remote-healthcare/healthcare/mapping/docrequestcheck HTTP/1.1" 200 294
192.168.1.3 - - [20/Mar/2014:19:08:22 +0530] "GET /remote-healthcare/healthcare/mapping/chatroom/137 HTTP/1.1" 200 82
192.168.1.10 - - [20/Mar/2014:19:08:24 +0530] "GET /remote-healthcare/healthcare/mapping/attended/482 HTTP/1.1" 200 794
192.168.1.10 - - [20/Mar/2014:19:08:24 +0530] "GET /ApnaAspatalDoctorWebClient/ApnaAspatalPatientHealthDetail.html HTTP/1.1" 200 13955
192.168.1.10 - - [20/Mar/2014:19:08:24 +0530] "GET /ApnaAspatalDoctorWebClient/arrow2.jpg HTTP/1.1" 200 3740
192.168.1.10 - - [20/Mar/2014:19:08:24 +0530] "GET /ApnaAspatalDoctorWebClient/Logo-doctor.jpg HTTP/1.1" 200 25115
192.168.1.3 - - [20/Mar/2014:19:08:27 +0530] "GET /remote-healthcare/healthcare/mapping/chatroom/137 HTTP/1.1" 200 82
192.168.1.3 - - [20/Mar/2014:19:08:32 +0530] "GET /remote-healthcare/healthcare/mapping/chatroom/137 HTTP/1.1" 200 82
192.168.1.10 - - [20/Mar/2014:19:08:35 +0530] "GET /remote-healthcare/healthcare/mapping/attended/chat/137 HTTP/1.1" 200 132
192.168.1.3 - - [20/Mar/2014:19:08:37 +0530] "GET /remote-healthcare/healthcare/mapping/chatroom/137 HTTP/1.1" 200 132
192.168.1.10 - - [20/Mar/2014:19:08:37 +0530] "GET /ApnaAspatalDoctorWebClient/ApnaAspatalVideoAudio.html HTTP/1.1" 200 498
192.168.1.3 - - [20/Mar/2014:19:08:46 +0530] "GET /remote-healthcare/healthcare/mapping/chatroom/setnull/137 HTTP/1.1" 200 -
192.168.1.3 - - [20/Mar/2014:19:08:47 +0530] "GET /ApnaAspatalBoothWebClient/ApnaAspatalVideoAudio.html HTTP/1.1" 200 527
192.168.1.3 - - [20/Mar/2014:19:09:59 +0530] "GET /remote-healthcare/healthcare/mapping/chatroom/null HTTP/1.1" 400 968
192.168.1.3 - - [20/Mar/2014:19:10:04 +0530] "GET /remote-healthcare/healthcare/mapping/chatroom/null HTTP/1.1" 400 968
192.168.1.3 - - [20/Mar/2014:19:10:09 +0530] "GET /remote-healthcare/healthcare/mapping/chatroom/null HTTP/1.1" 400 968
192.168.1.3 - - [20/Mar/2014:19:10:14 +0530] "GET /remote-healthcare/healthcare/mapping/chatroom/null HTTP/1.1" 400 968
192.168.1.3 - - [20/Mar/2014:19:10:19 +0530] "GET /remote-healthcare/healthcare/mapping/chatroom/null HTTP/1.1" 400 968
192.168.1.3 - - [20/Mar/2014:19:10:25 +0530] "GET /remote-healthcare/healthcare/mapping/chatroom/null HTTP/1.1" 400 968
192.168.1.3 - - [20/Mar/2014:19:10:30 +0530] "GET /remote-healthcare/healthcare/mapping/chatroom/null HTTP/1.1" 400 968
192.168.1.3 - - [20/Mar/2014:19:10:35 +0530] "GET /remote-healthcare/healthcare/mapping/chatroom/null HTTP/1.1" 400 968
192.168.1.3 - - [20/Mar/2014:19:10:40 +0530] "GET /remote-healthcare/healthcare/mapping/chatroom/null HTTP/1.1" 400 968
192.168.1.3 - - [20/Mar/2014:19:10:45 +0530] "GET /remote-healthcare/healthcare/mapping/chatroom/null HTTP/1.1" 400 968
192.168.1.3 - - [20/Mar/2014:19:10:50 +0530] "GET /remote-healthcare/healthcare/mapping/chatroom/null HTTP/1.1" 400 968
192.168.1.3 - - [20/Mar/2014:19:10:55 +0530] "GET /remote-healthcare/healthcare/mapping/chatroom/null HTTP/1.1" 400 968
192.168.1.3 - - [20/Mar/2014:19:11:00 +0530] "GET /remote-healthcare/healthcare/mapping/chatroom/null HTTP/1.1" 400 968
192.168.1.3 - - [20/Mar/2014:19:11:07 +0530] "GET /remote-healthcare/healthcare/mapping/chatroom/null HTTP/1.1" 400 968
192.168.1.3 - - [20/Mar/2014:19:11:12 +0530] "GET /remote-healthcare/healthcare/mapping/chatroom/null HTTP/1.1" 400 968
192.168.1.3 - - [20/Mar/2014:19:11:17 +0530] "GET /remote-healthcare/healthcare/mapping/chatroom/null HTTP/1.1" 400 968
192.168.1.3 - - [20/Mar/2014:19:11:22 +0530] "GET /remote-healthcare/healthcare/mapping/chatroom/null HTTP/1.1" 400 968
192.168.1.3 - - [20/Mar/2014:19:11:28 +0530] "GET /remote-healthcare/healthcare/mapping/chatroom/null HTTP/1.1" 400 968
192.168.1.3 - - [20/Mar/2014:19:11:34 +0530] "GET /remote-healthcare/healthcare/mapping/chatroom/null HTTP/1.1" 400 968
192.168.1.3 - - [20/Mar/2014:19:11:40 +0530] "GET /remote-healthcare/healthcare/mapping/chatroom/null HTTP/1.1" 400 968
192.168.1.3 - - [20/Mar/2014:19:11:48 +0530] "GET /remote-healthcare/healthcare/mapping/chatroom/null HTTP/1.1" 400 968
192.168.1.3 - - [20/Mar/2014:19:11:54 +0530] "GET /remote-healthcare/healthcare/mapping/chatroom/null HTTP/1.1" 400 968
192.168.1.3 - - [20/Mar/2014:19:12:00 +0530] "GET /remote-healthcare/healthcare/mapping/chatroom/null HTTP/1.1" 400 968
192.168.1.3 - - [20/Mar/2014:19:12:06 +0530] "GET /remote-healthcare/healthcare/mapping/chatroom/null HTTP/1.1" 400 968
192.168.1.3 - - [20/Mar/2014:19:12:12 +0530] "GET /remote-healthcare/healthcare/mapping/chatroom/null HTTP/1.1" 400 968
192.168.1.3 - - [20/Mar/2014:19:12:18 +0530] "GET /remote-healthcare/healthcare/mapping/chatroom/null HTTP/1.1" 400 968
192.168.1.3 - - [20/Mar/2014:19:12:24 +0530] "GET /remote-healthcare/healthcare/mapping/chatroom/null HTTP/1.1" 400 968
192.168.1.3 - - [20/Mar/2014:19:12:30 +0530] "GET /remote-healthcare/healthcare/mapping/chatroom/null HTTP/1.1" 400 968
192.168.1.3 - - [20/Mar/2014:19:12:36 +0530] "GET /remote-healthcare/healthcare/mapping/chatroom/null HTTP/1.1" 400 968
192.168.1.3 - - [20/Mar/2014:19:12:42 +0530] "GET /remote-healthcare/healthcare/mapping/chatroom/null HTTP/1.1" 400 968
192.168.1.3 - - [20/Mar/2014:19:12:48 +0530] "GET /remote-healthcare/healthcare/mapping/chatroom/null HTTP/1.1" 400 968
192.168.1.3 - - [20/Mar/2014:19:12:54 +0530] "GET /remote-healthcare/healthcare/mapping/chatroom/null HTTP/1.1" 400 968
192.168.1.3 - - [20/Mar/2014:19:13:00 +0530] "GET /remote-healthcare/healthcare/mapping/chatroom/null HTTP/1.1" 400 968
192.168.1.3 - - [20/Mar/2014:19:13:06 +0530] "GET /remote-healthcare/healthcare/mapping/chatroom/null HTTP/1.1" 400 968
192.168.1.3 - - [20/Mar/2014:19:13:12 +0530] "GET /remote-healthcare/healthcare/mapping/chatroom/null HTTP/1.1" 400 968
192.168.1.3 - - [20/Mar/2014:19:13:18 +0530] "GET /remote-healthcare/healthcare/mapping/chatroom/null HTTP/1.1" 400 968
192.168.1.3 - - [20/Mar/2014:19:13:24 +0530] "GET /remote-healthcare/healthcare/mapping/chatroom/null HTTP/1.1" 400 968
192.168.1.3 - - [20/Mar/2014:19:13:31 +0530] "GET /remote-healthcare/healthcare/mapping/chatroom/null HTTP/1.1" 400 968
192.168.1.3 - - [20/Mar/2014:19:13:37 +0530] "GET /remote-healthcare/healthcare/mapping/chatroom/null HTTP/1.1" 400 968
192.168.1.3 - - [20/Mar/2014:19:13:44 +0530] "GET /remote-healthcare/healthcare/mapping/chatroom/null HTTP/1.1" 400 968
192.168.1.3 - - [20/Mar/2014:19:13:51 +0530] "GET /remote-healthcare/healthcare/mapping/chatroom/null HTTP/1.1" 400 968
192.168.1.3 - - [20/Mar/2014:19:13:57 +0530] "GET /remote-healthcare/healthcare/mapping/chatroom/null HTTP/1.1" 400 968
192.168.1.3 - - [20/Mar/2014:19:14:04 +0530] "GET /remote-healthcare/healthcare/mapping/chatroom/null HTTP/1.1" 400 968
192.168.1.3 - - [20/Mar/2014:19:14:10 +0530] "GET /remote-healthcare/healthcare/mapping/chatroom/null HTTP/1.1" 400 968
192.168.1.3 - - [20/Mar/2014:19:14:17 +0530] "GET /remote-healthcare/healthcare/mapping/chatroom/null HTTP/1.1" 400 968
192.168.1.3 - - [20/Mar/2014:19:14:24 +0530] "GET /remote-healthcare/healthcare/mapping/chatroom/null HTTP/1.1" 400 968
192.168.1.3 - - [20/Mar/2014:19:14:31 +0530] "GET /remote-healthcare/healthcare/mapping/chatroom/null HTTP/1.1" 400 968
192.168.1.3 - - [20/Mar/2014:19:14:37 +0530] "GET /remote-healthcare/healthcare/mapping/chatroom/null HTTP/1.1" 400 968
192.168.1.3 - - [20/Mar/2014:19:14:43 +0530] "GET /remote-healthcare/healthcare/mapping/chatroom/null HTTP/1.1" 400 968
192.168.1.3 - - [20/Mar/2014:19:14:49 +0530] "GET /remote-healthcare/healthcare/mapping/chatroom/null HTTP/1.1" 400 968
192.168.1.3 - - [20/Mar/2014:19:14:55 +0530] "GET /remote-healthcare/healthcare/mapping/chatroom/null HTTP/1.1" 400 968
192.168.1.3 - - [20/Mar/2014:19:15:01 +0530] "GET /remote-healthcare/healthcare/mapping/chatroom/null HTTP/1.1" 400 968
192.168.1.3 - - [20/Mar/2014:19:15:08 +0530] "GET /remote-healthcare/healthcare/mapping/chatroom/null HTTP/1.1" 400 968
192.168.1.3 - - [20/Mar/2014:19:15:14 +0530] "GET /remote-healthcare/healthcare/mapping/chatroom/null HTTP/1.1" 400 968
192.168.1.3 - - [20/Mar/2014:19:15:20 +0530] "GET /remote-healthcare/healthcare/mapping/chatroom/null HTTP/1.1" 400 968
192.168.1.3 - - [20/Mar/2014:19:15:26 +0530] "GET /remote-healthcare/healthcare/mapping/chatroom/null HTTP/1.1" 400 968
192.168.1.3 - - [20/Mar/2014:19:15:32 +0530] "GET /remote-healthcare/healthcare/mapping/chatroom/null HTTP/1.1" 400 968
192.168.1.3 - - [20/Mar/2014:19:15:38 +0530] "GET /remote-healthcare/healthcare/mapping/chatroom/null HTTP/1.1" 400 968
192.168.1.3 - - [20/Mar/2014:19:15:44 +0530] "GET /remote-healthcare/healthcare/mapping/chatroom/null HTTP/1.1" 400 968
192.168.1.3 - - [20/Mar/2014:19:15:50 +0530] "GET /remote-healthcare/healthcare/mapping/chatroom/null HTTP/1.1" 400 968
192.168.1.3 - - [20/Mar/2014:19:15:56 +0530] "GET /remote-healthcare/healthcare/mapping/chatroom/null HTTP/1.1" 400 968
192.168.1.3 - - [20/Mar/2014:19:16:02 +0530] "GET /remote-healthcare/healthcare/mapping/chatroom/null HTTP/1.1" 400 968
192.168.1.3 - - [20/Mar/2014:19:16:08 +0530] "GET /remote-healthcare/healthcare/mapping/chatroom/null HTTP/1.1" 400 968
192.168.1.3 - - [20/Mar/2014:19:16:14 +0530] "GET /remote-healthcare/healthcare/mapping/chatroom/null HTTP/1.1" 400 968
192.168.1.3 - - [20/Mar/2014:19:16:20 +0530] "GET /remote-healthcare/healthcare/mapping/chatroom/null HTTP/1.1" 400 968
192.168.1.3 - - [20/Mar/2014:19:16:26 +0530] "GET /remote-healthcare/healthcare/mapping/chatroom/null HTTP/1.1" 400 968
192.168.1.3 - - [20/Mar/2014:19:16:32 +0530] "GET /remote-healthcare/healthcare/mapping/chatroom/null HTTP/1.1" 400 968
192.168.1.3 - - [20/Mar/2014:19:16:38 +0530] "GET /remote-healthcare/healthcare/mapping/chatroom/null HTTP/1.1" 400 968
192.168.1.3 - - [20/Mar/2014:19:16:44 +0530] "GET /remote-healthcare/healthcare/mapping/chatroom/null HTTP/1.1" 400 968
192.168.1.3 - - [20/Mar/2014:19:16:50 +0530] "GET /remote-healthcare/healthcare/mapping/chatroom/null HTTP/1.1" 400 968
192.168.1.3 - - [20/Mar/2014:19:16:56 +0530] "GET /remote-healthcare/healthcare/mapping/chatroom/null HTTP/1.1" 400 968
192.168.1.3 - - [20/Mar/2014:19:17:02 +0530] "GET /remote-healthcare/healthcare/mapping/chatroom/null HTTP/1.1" 400 968
192.168.1.3 - - [20/Mar/2014:19:17:08 +0530] "GET /remote-healthcare/healthcare/mapping/chatroom/null HTTP/1.1" 400 968
192.168.1.3 - - [20/Mar/2014:19:17:14 +0530] "GET /remote-healthcare/healthcare/mapping/chatroom/null HTTP/1.1" 400 968
192.168.1.3 - - [20/Mar/2014:19:17:20 +0530] "GET /remote-healthcare/healthcare/mapping/chatroom/null HTTP/1.1" 400 968
192.168.1.3 - - [20/Mar/2014:19:17:26 +0530] "GET /remote-healthcare/healthcare/mapping/chatroom/null HTTP/1.1" 400 968
192.168.1.3 - - [20/Mar/2014:19:17:32 +0530] "GET /remote-healthcare/healthcare/mapping/chatroom/null HTTP/1.1" 400 968
192.168.1.3 - - [20/Mar/2014:19:17:38 +0530] "GET /remote-healthcare/healthcare/mapping/chatroom/null HTTP/1.1" 400 968
192.168.1.3 - - [20/Mar/2014:19:17:44 +0530] "GET /remote-healthcare/healthcare/mapping/chatroom/null HTTP/1.1" 400 968
192.168.1.3 - - [20/Mar/2014:19:17:50 +0530] "GET /remote-healthcare/healthcare/mapping/chatroom/null HTTP/1.1" 400 968
192.168.1.3 - - [20/Mar/2014:19:17:56 +0530] "GET /remote-healthcare/healthcare/mapping/chatroom/null HTTP/1.1" 400 968
192.168.1.3 - - [20/Mar/2014:19:18:02 +0530] "GET /remote-healthcare/healthcare/mapping/chatroom/null HTTP/1.1" 400 968
192.168.1.3 - - [20/Mar/2014:19:18:08 +0530] "GET /remote-healthcare/healthcare/mapping/chatroom/null HTTP/1.1" 400 968
192.168.1.3 - - [20/Mar/2014:19:18:14 +0530] "GET /remote-healthcare/healthcare/mapping/chatroom/null HTTP/1.1" 400 968
192.168.1.3 - - [20/Mar/2014:19:18:20 +0530] "GET /remote-healthcare/healthcare/mapping/chatroom/null HTTP/1.1" 400 968
192.168.1.3 - - [20/Mar/2014:19:18:26 +0530] "GET /remote-healthcare/healthcare/mapping/chatroom/null HTTP/1.1" 400 968
192.168.1.3 - - [20/Mar/2014:19:18:32 +0530] "GET /remote-healthcare/healthcare/mapping/chatroom/null HTTP/1.1" 400 968
192.168.1.3 - - [20/Mar/2014:19:18:38 +0530] "GET /remote-healthcare/healthcare/mapping/chatroom/null HTTP/1.1" 400 968
192.168.1.3 - - [20/Mar/2014:19:18:44 +0530] "GET /remote-healthcare/healthcare/mapping/chatroom/null HTTP/1.1" 400 968
192.168.1.3 - - [20/Mar/2014:19:18:50 +0530] "GET /remote-healthcare/healthcare/mapping/chatroom/null HTTP/1.1" 400 968
192.168.1.3 - - [20/Mar/2014:19:18:56 +0530] "GET /remote-healthcare/healthcare/mapping/chatroom/null HTTP/1.1" 400 968
192.168.1.3 - - [20/Mar/2014:19:19:02 +0530] "GET /remote-healthcare/healthcare/mapping/chatroom/null HTTP/1.1" 400 968
192.168.1.3 - - [20/Mar/2014:19:19:08 +0530] "GET /remote-healthcare/healthcare/mapping/chatroom/null HTTP/1.1" 400 968
192.168.1.3 - - [20/Mar/2014:19:19:14 +0530] "GET /remote-healthcare/healthcare/mapping/chatroom/null HTTP/1.1" 400 968
192.168.1.3 - - [20/Mar/2014:19:19:20 +0530] "GET /remote-healthcare/healthcare/mapping/chatroom/null HTTP/1.1" 400 968
192.168.1.3 - - [20/Mar/2014:19:19:26 +0530] "GET /remote-healthcare/healthcare/mapping/chatroom/null HTTP/1.1" 400 968
192.168.1.3 - - [20/Mar/2014:19:19:32 +0530] "GET /remote-healthcare/healthcare/mapping/chatroom/null HTTP/1.1" 400 968
192.168.1.3 - - [20/Mar/2014:19:19:38 +0530] "GET /remote-healthcare/healthcare/mapping/chatroom/null HTTP/1.1" 400 968
192.168.1.3 - - [20/Mar/2014:19:19:44 +0530] "GET /remote-healthcare/healthcare/mapping/chatroom/null HTTP/1.1" 400 968
192.168.1.3 - - [20/Mar/2014:19:19:50 +0530] "GET /remote-healthcare/healthcare/mapping/chatroom/null HTTP/1.1" 400 968
192.168.1.3 - - [20/Mar/2014:19:19:56 +0530] "GET /remote-healthcare/healthcare/mapping/chatroom/null HTTP/1.1" 400 968
192.168.1.3 - - [20/Mar/2014:19:20:02 +0530] "GET /remote-healthcare/healthcare/mapping/chatroom/null HTTP/1.1" 400 968
192.168.1.3 - - [20/Mar/2014:19:20:08 +0530] "GET /remote-healthcare/healthcare/mapping/chatroom/null HTTP/1.1" 400 968
192.168.1.3 - - [20/Mar/2014:19:20:14 +0530] "GET /remote-healthcare/healthcare/mapping/chatroom/null HTTP/1.1" 400 968
192.168.1.3 - - [20/Mar/2014:19:20:20 +0530] "GET /remote-healthcare/healthcare/mapping/chatroom/null HTTP/1.1" 400 968
192.168.1.3 - - [20/Mar/2014:19:20:26 +0530] "GET /remote-healthcare/healthcare/mapping/chatroom/null HTTP/1.1" 400 968
192.168.1.3 - - [20/Mar/2014:19:20:32 +0530] "GET /remote-healthcare/healthcare/mapping/chatroom/null HTTP/1.1" 400 968
192.168.1.3 - - [20/Mar/2014:19:20:38 +0530] "GET /remote-healthcare/healthcare/mapping/chatroom/null HTTP/1.1" 400 968
192.168.1.3 - - [20/Mar/2014:19:20:44 +0530] "GET /remote-healthcare/healthcare/mapping/chatroom/null HTTP/1.1" 400 968
192.168.1.3 - - [20/Mar/2014:19:20:50 +0530] "GET /remote-healthcare/healthcare/mapping/chatroom/null HTTP/1.1" 400 968
192.168.1.3 - - [20/Mar/2014:19:20:56 +0530] "GET /remote-healthcare/healthcare/mapping/chatroom/null HTTP/1.1" 400 968
192.168.1.3 - - [20/Mar/2014:19:21:02 +0530] "GET /remote-healthcare/healthcare/mapping/chatroom/null HTTP/1.1" 400 968
192.168.1.3 - - [20/Mar/2014:19:21:08 +0530] "GET /remote-healthcare/healthcare/mapping/chatroom/null HTTP/1.1" 400 968
192.168.1.3 - - [20/Mar/2014:19:21:14 +0530] "GET /remote-healthcare/healthcare/mapping/chatroom/null HTTP/1.1" 400 968
192.168.1.3 - - [20/Mar/2014:19:21:20 +0530] "GET /remote-healthcare/healthcare/mapping/chatroom/null HTTP/1.1" 400 968
192.168.1.3 - - [20/Mar/2014:19:21:26 +0530] "GET /remote-healthcare/healthcare/mapping/chatroom/null HTTP/1.1" 400 968
192.168.1.3 - - [20/Mar/2014:19:21:32 +0530] "GET /remote-healthcare/healthcare/mapping/chatroom/null HTTP/1.1" 400 968
192.168.1.3 - - [20/Mar/2014:19:21:38 +0530] "GET /remote-healthcare/healthcare/mapping/chatroom/null HTTP/1.1" 400 968
192.168.1.3 - - [20/Mar/2014:19:21:44 +0530] "GET /remote-healthcare/healthcare/mapping/chatroom/null HTTP/1.1" 400 968
192.168.1.3 - - [20/Mar/2014:19:21:50 +0530] "GET /remote-healthcare/healthcare/mapping/chatroom/null HTTP/1.1" 400 968
192.168.1.3 - - [20/Mar/2014:19:21:56 +0530] "GET /remote-healthcare/healthcare/mapping/chatroom/null HTTP/1.1" 400 968
192.168.1.3 - - [20/Mar/2014:19:22:02 +0530] "GET /remote-healthcare/healthcare/mapping/chatroom/null HTTP/1.1" 400 968
192.168.1.3 - - [20/Mar/2014:19:22:08 +0530] "GET /remote-healthcare/healthcare/mapping/chatroom/null HTTP/1.1" 400 968
192.168.1.3 - - [20/Mar/2014:19:22:14 +0530] "GET /remote-healthcare/healthcare/mapping/chatroom/null HTTP/1.1" 400 968
192.168.1.3 - - [20/Mar/2014:19:24:43 +0530] "GET /remote-healthcare/healthcare/mapping/chatroom/null HTTP/1.1" 400 968
192.168.1.10 - - [20/Mar/2014:19:24:46 +0530] "GET /remote-healthcare/healthcare/mapping/docrequestcheck HTTP/1.1" 200 -
192.168.1.10 - - [20/Mar/2014:19:24:51 +0530] "GET /ApnaAspatalDoctorWebClient/ApnaAspatalDoctorHome.html HTTP/1.1" 304 -
192.168.1.10 - - [20/Mar/2014:19:24:56 +0530] "GET /remote-healthcare/healthcare/mapping/docrequestcheck HTTP/1.1" 200 -
192.168.1.3 - - [20/Mar/2014:19:24:59 +0530] "POST /remote-healthcare/healthcare/patientaddress/addressanddetail/save HTTP/1.1" 200 111
192.168.1.10 - - [20/Mar/2014:19:25:01 +0530] "GET /remote-healthcare/healthcare/mapping/docrequestcheck HTTP/1.1" 200 -
192.168.1.3 - - [20/Mar/2014:19:25:01 +0530] "GET /ApnaAspatalBoothWebClient/ApnaAspatalPrimaryQuestions.html HTTP/1.1" 304 -
192.168.1.10 - - [20/Mar/2014:19:25:06 +0530] "GET /remote-healthcare/healthcare/mapping/docrequestcheck HTTP/1.1" 200 -
192.168.1.10 - - [20/Mar/2014:19:25:11 +0530] "GET /remote-healthcare/healthcare/mapping/docrequestcheck HTTP/1.1" 200 -
192.168.1.3 - - [20/Mar/2014:19:25:14 +0530] "POST /remote-healthcare/healthcare/doctorfaq/save HTTP/1.1" 200 111
192.168.1.3 - - [20/Mar/2014:19:25:15 +0530] "GET /ApnaAspatalBoothWebClient/ApnaAspatalPrimaryTestParameters.html HTTP/1.1" 304 -
192.168.1.10 - - [20/Mar/2014:19:25:16 +0530] "GET /remote-healthcare/healthcare/mapping/docrequestcheck HTTP/1.1" 200 -
192.168.1.10 - - [20/Mar/2014:19:25:21 +0530] "GET /remote-healthcare/healthcare/mapping/docrequestcheck HTTP/1.1" 200 -
192.168.1.3 - - [20/Mar/2014:19:25:24 +0530] "GET /remote-healthcare/healthcare/mapping/chatroom/null HTTP/1.1" 400 968
192.168.1.10 - - [20/Mar/2014:19:25:26 +0530] "GET /remote-healthcare/healthcare/mapping/docrequestcheck HTTP/1.1" 200 -
192.168.1.3 - - [20/Mar/2014:19:25:30 +0530] "GET /remote-healthcare/healthcare/mapping/chatroom/null HTTP/1.1" 400 968
192.168.1.10 - - [20/Mar/2014:19:25:31 +0530] "GET /remote-healthcare/healthcare/mapping/docrequestcheck HTTP/1.1" 200 -
192.168.1.3 - - [20/Mar/2014:19:25:34 +0530] "POST /remote-healthcare/healthcare/sendtodoctor/webhealthdetal HTTP/1.1" 200 193
192.168.1.3 - - [20/Mar/2014:19:25:36 +0530] "GET /remote-healthcare/healthcare/mapping/chatroom/138 HTTP/1.1" 200 82
192.168.1.10 - - [20/Mar/2014:19:25:37 +0530] "GET /remote-healthcare/healthcare/mapping/docrequestcheck HTTP/1.1" 200 294
192.168.1.3 - - [20/Mar/2014:19:25:42 +0530] "GET /remote-healthcare/healthcare/mapping/chatroom/138 HTTP/1.1" 200 82
192.168.1.10 - - [20/Mar/2014:19:25:42 +0530] "GET /remote-healthcare/healthcare/mapping/attended/483 HTTP/1.1" 200 786
192.168.1.10 - - [20/Mar/2014:19:25:42 +0530] "GET /ApnaAspatalDoctorWebClient/ApnaAspatalPatientHealthDetail.html HTTP/1.1" 304 -
192.168.1.3 - - [20/Mar/2014:19:25:47 +0530] "GET /remote-healthcare/healthcare/mapping/chatroom/138 HTTP/1.1" 200 82
192.168.1.3 - - [20/Mar/2014:19:25:52 +0530] "GET /remote-healthcare/healthcare/mapping/chatroom/138 HTTP/1.1" 200 82
192.168.1.10 - - [20/Mar/2014:19:25:53 +0530] "GET /remote-healthcare/healthcare/mapping/attended/chat/138 HTTP/1.1" 200 131
192.168.1.3 - - [20/Mar/2014:19:25:57 +0530] "GET /remote-healthcare/healthcare/mapping/chatroom/138 HTTP/1.1" 200 131
192.168.1.3 - - [20/Mar/2014:19:26:07 +0530] "GET /remote-healthcare/healthcare/mapping/chatroom/setnull/138 HTTP/1.1" 200 -
192.168.1.3 - - [20/Mar/2014:19:29:38 +0530] "GET /ApnaAspatalBoothWebClient/ApnaAspatalBoothLogin.html HTTP/1.1" 304 -
192.168.1.10 - - [20/Mar/2014:19:29:44 +0530] "GET /ApnaAspatalDoctorWebClient/ApnaAspatalDoctorLogin.html HTTP/1.1" 304 -
192.168.1.3 - - [20/Mar/2014:19:29:52 +0530] "GET /remote-healthcare/healthcare/apnaaspatal/boothlogin HTTP/1.1" 401 1061
192.168.1.3 - - [20/Mar/2014:19:29:53 +0530] "GET /remote-healthcare/healthcare/apnaaspatal/boothlogin HTTP/1.1" 200 -
192.168.1.3 - - [20/Mar/2014:19:29:53 +0530] "GET /ApnaAspatalBoothWebClient/ApnaAspatalBoothHome.html HTTP/1.1" 304 -
192.168.1.10 - - [20/Mar/2014:19:29:55 +0530] "GET /ApnaAspatalDoctorWebClient/ApnaAspatalDoctorLogin.html HTTP/1.1" 304 -
192.168.1.10 - - [20/Mar/2014:19:30:07 +0530] "GET /remote-healthcare/healthcare/apnaaspatal/doctorlogin HTTP/1.1" 401 1061
192.168.1.10 - - [20/Mar/2014:19:30:08 +0530] "GET /remote-healthcare/healthcare/apnaaspatal/doctorlogin HTTP/1.1" 200 129
192.168.1.10 - - [20/Mar/2014:19:30:08 +0530] "GET /ApnaAspatalDoctorWebClient/ApnaAspatalDoctorHome.html HTTP/1.1" 304 -
192.168.1.3 - - [20/Mar/2014:19:30:10 +0530] "GET /ApnaAspatalBoothWebClient/ApnaAspatalPatientRegistration.html HTTP/1.1" 304 -
192.168.1.10 - - [20/Mar/2014:19:30:13 +0530] "GET /remote-healthcare/healthcare/mapping/docrequestcheck HTTP/1.1" 200 -
192.168.1.10 - - [20/Mar/2014:19:30:18 +0530] "GET /remote-healthcare/healthcare/mapping/docrequestcheck HTTP/1.1" 200 -
192.168.1.3 - - [20/Mar/2014:19:30:23 +0530] "POST /remote-healthcare/healthcare/patientaddress/addressanddetail/save HTTP/1.1" 200 111
192.168.1.10 - - [20/Mar/2014:19:30:23 +0530] "GET /remote-healthcare/healthcare/mapping/docrequestcheck HTTP/1.1" 200 -
192.168.1.3 - - [20/Mar/2014:19:30:25 +0530] "GET /ApnaAspatalBoothWebClient/ApnaAspatalPrimaryQuestions.html HTTP/1.1" 304 -
192.168.1.10 - - [20/Mar/2014:19:30:28 +0530] "GET /remote-healthcare/healthcare/mapping/docrequestcheck HTTP/1.1" 200 -
192.168.1.10 - - [20/Mar/2014:19:30:33 +0530] "GET /remote-healthcare/healthcare/mapping/docrequestcheck HTTP/1.1" 200 -
192.168.1.3 - - [20/Mar/2014:19:30:38 +0530] "POST /remote-healthcare/healthcare/doctorfaq/save HTTP/1.1" 200 111
192.168.1.3 - - [20/Mar/2014:19:30:38 +0530] "GET /ApnaAspatalBoothWebClient/ApnaAspatalPrimaryTestParameters.html HTTP/1.1" 200 15040
192.168.1.10 - - [20/Mar/2014:19:30:39 +0530] "GET /remote-healthcare/healthcare/mapping/docrequestcheck HTTP/1.1" 200 -
192.168.1.3 - - [20/Mar/2014:19:30:43 +0530] "GET /remote-healthcare/healthcare/mapping/chatroom/null HTTP/1.1" 400 968
192.168.1.10 - - [20/Mar/2014:19:30:44 +0530] "GET /remote-healthcare/healthcare/mapping/docrequestcheck HTTP/1.1" 200 -
192.168.1.3 - - [20/Mar/2014:19:30:47 +0530] "POST /remote-healthcare/healthcare/sendtodoctor/webhealthdetal HTTP/1.1" 200 193
192.168.1.10 - - [20/Mar/2014:19:30:49 +0530] "GET /remote-healthcare/healthcare/mapping/docrequestcheck HTTP/1.1" 200 294
192.168.1.3 - - [20/Mar/2014:19:30:50 +0530] "GET /remote-healthcare/healthcare/mapping/chatroom/139 HTTP/1.1" 200 82
192.168.1.10 - - [20/Mar/2014:19:30:53 +0530] "GET /remote-healthcare/healthcare/mapping/attended/484 HTTP/1.1" 200 791
192.168.1.10 - - [20/Mar/2014:19:30:53 +0530] "GET /ApnaAspatalDoctorWebClient/ApnaAspatalPatientHealthDetail.html HTTP/1.1" 200 14046
192.168.1.3 - - [20/Mar/2014:19:30:55 +0530] "GET /remote-healthcare/healthcare/mapping/chatroom/139 HTTP/1.1" 200 82
192.168.1.10 - - [20/Mar/2014:19:31:00 +0530] "GET /remote-healthcare/healthcare/mapping/attended/chat/139 HTTP/1.1" 200 131
192.168.1.3 - - [20/Mar/2014:19:31:00 +0530] "GET /remote-healthcare/healthcare/mapping/chatroom/139 HTTP/1.1" 200 131
192.168.1.3 - - [20/Mar/2014:19:31:11 +0530] "GET /remote-healthcare/healthcare/mapping/chatroom/setnull/139 HTTP/1.1" 200 -
192.168.1.3 - - [20/Mar/2014:19:31:20 +0530] "GET /remote-healthcare/healthcare/mapping/chatroom/139 HTTP/1.1" 200 112
192.168.1.3 - - [20/Mar/2014:19:31:25 +0530] "GET /remote-healthcare/healthcare/mapping/chatroom/139 HTTP/1.1" 200 112
192.168.1.3 - - [20/Mar/2014:19:31:30 +0530] "GET /remote-healthcare/healthcare/mapping/chatroom/139 HTTP/1.1" 200 112
192.168.1.3 - - [20/Mar/2014:19:31:35 +0530] "GET /remote-healthcare/healthcare/mapping/chatroom/139 HTTP/1.1" 200 112
192.168.1.3 - - [20/Mar/2014:19:31:40 +0530] "GET /remote-healthcare/healthcare/mapping/chatroom/139 HTTP/1.1" 200 112
192.168.1.3 - - [20/Mar/2014:19:31:45 +0530] "GET /remote-healthcare/healthcare/mapping/chatroom/139 HTTP/1.1" 200 112
192.168.1.3 - - [20/Mar/2014:19:31:50 +0530] "GET /remote-healthcare/healthcare/mapping/chatroom/139 HTTP/1.1" 200 112
192.168.1.3 - - [20/Mar/2014:19:31:55 +0530] "GET /remote-healthcare/healthcare/mapping/chatroom/139 HTTP/1.1" 200 112
192.168.1.10 - - [20/Mar/2014:19:31:58 +0530] "GET /remote-healthcare/healthcare/mapping/attended/chat/139 HTTP/1.1" 200 132
192.168.1.3 - - [20/Mar/2014:19:32:00 +0530] "GET /remote-healthcare/healthcare/mapping/chatroom/139 HTTP/1.1" 200 132
192.168.1.3 - - [20/Mar/2014:19:32:11 +0530] "GET /remote-healthcare/healthcare/mapping/chatroom/setnull/139 HTTP/1.1" 200 -
192.168.1.3 - - [20/Mar/2014:19:32:21 +0530] "GET /remote-healthcare/healthcare/mapping/chatroom/139 HTTP/1.1" 200 112
192.168.1.3 - - [20/Mar/2014:19:32:26 +0530] "GET /remote-healthcare/healthcare/mapping/chatroom/139 HTTP/1.1" 200 112
192.168.1.3 - - [20/Mar/2014:19:32:31 +0530] "GET /remote-healthcare/healthcare/mapping/chatroom/139 HTTP/1.1" 200 112
192.168.1.3 - - [20/Mar/2014:19:32:36 +0530] "GET /remote-healthcare/healthcare/mapping/chatroom/139 HTTP/1.1" 200 112
192.168.1.3 - - [20/Mar/2014:19:32:41 +0530] "GET /remote-healthcare/healthcare/mapping/chatroom/139 HTTP/1.1" 200 112
192.168.1.3 - - [20/Mar/2014:19:32:46 +0530] "GET /remote-healthcare/healthcare/mapping/chatroom/139 HTTP/1.1" 200 112
192.168.1.3 - - [20/Mar/2014:19:32:51 +0530] "GET /remote-healthcare/healthcare/mapping/chatroom/139 HTTP/1.1" 200 112
192.168.1.3 - - [20/Mar/2014:19:32:56 +0530] "GET /remote-healthcare/healthcare/mapping/chatroom/139 HTTP/1.1" 200 112
192.168.1.3 - - [20/Mar/2014:19:33:01 +0530] "GET /remote-healthcare/healthcare/mapping/chatroom/139 HTTP/1.1" 200 112
192.168.1.3 - - [20/Mar/2014:19:33:06 +0530] "GET /remote-healthcare/healthcare/mapping/chatroom/139 HTTP/1.1" 200 112
192.168.1.3 - - [20/Mar/2014:19:33:11 +0530] "GET /remote-healthcare/healthcare/mapping/chatroom/139 HTTP/1.1" 200 112
192.168.1.3 - - [20/Mar/2014:19:33:16 +0530] "GET /remote-healthcare/healthcare/mapping/chatroom/139 HTTP/1.1" 200 112
192.168.1.3 - - [20/Mar/2014:19:33:21 +0530] "GET /remote-healthcare/healthcare/mapping/chatroom/139 HTTP/1.1" 200 112
192.168.1.3 - - [20/Mar/2014:19:33:27 +0530] "GET /remote-healthcare/healthcare/mapping/chatroom/139 HTTP/1.1" 200 112
192.168.1.3 - - [20/Mar/2014:19:33:32 +0530] "GET /remote-healthcare/healthcare/mapping/chatroom/139 HTTP/1.1" 200 112
192.168.1.3 - - [20/Mar/2014:19:33:37 +0530] "GET /remote-healthcare/healthcare/mapping/chatroom/139 HTTP/1.1" 200 112
192.168.1.3 - - [20/Mar/2014:19:33:42 +0530] "GET /remote-healthcare/healthcare/mapping/chatroom/139 HTTP/1.1" 200 112
192.168.1.3 - - [20/Mar/2014:19:33:47 +0530] "GET /remote-healthcare/healthcare/mapping/chatroom/139 HTTP/1.1" 200 112
192.168.1.3 - - [20/Mar/2014:19:33:52 +0530] "GET /remote-healthcare/healthcare/mapping/chatroom/139 HTTP/1.1" 200 112
192.168.1.3 - - [20/Mar/2014:19:33:57 +0530] "GET /remote-healthcare/healthcare/mapping/chatroom/139 HTTP/1.1" 200 112
192.168.1.3 - - [20/Mar/2014:19:34:02 +0530] "GET /remote-healthcare/healthcare/mapping/chatroom/139 HTTP/1.1" 200 112
192.168.1.3 - - [20/Mar/2014:19:34:07 +0530] "GET /remote-healthcare/healthcare/mapping/chatroom/139 HTTP/1.1" 200 112
192.168.1.3 - - [20/Mar/2014:19:34:12 +0530] "GET /remote-healthcare/healthcare/mapping/chatroom/139 HTTP/1.1" 200 112
192.168.1.3 - - [20/Mar/2014:19:34:17 +0530] "GET /remote-healthcare/healthcare/mapping/chatroom/139 HTTP/1.1" 200 112
192.168.1.3 - - [20/Mar/2014:19:34:22 +0530] "GET /remote-healthcare/healthcare/mapping/chatroom/139 HTTP/1.1" 200 112
192.168.1.3 - - [20/Mar/2014:19:34:27 +0530] "GET /remote-healthcare/healthcare/mapping/chatroom/139 HTTP/1.1" 200 112
192.168.1.3 - - [20/Mar/2014:19:34:32 +0530] "GET /remote-healthcare/healthcare/mapping/chatroom/139 HTTP/1.1" 200 112
192.168.1.3 - - [20/Mar/2014:19:34:37 +0530] "GET /remote-healthcare/healthcare/mapping/chatroom/139 HTTP/1.1" 200 112
192.168.1.3 - - [20/Mar/2014:19:34:42 +0530] "GET /remote-healthcare/healthcare/mapping/chatroom/139 HTTP/1.1" 200 112
192.168.1.3 - - [20/Mar/2014:19:34:47 +0530] "GET /remote-healthcare/healthcare/mapping/chatroom/139 HTTP/1.1" 200 112
192.168.1.3 - - [20/Mar/2014:19:34:52 +0530] "GET /remote-healthcare/healthcare/mapping/chatroom/139 HTTP/1.1" 200 112
192.168.1.3 - - [20/Mar/2014:19:34:57 +0530] "GET /remote-healthcare/healthcare/mapping/chatroom/139 HTTP/1.1" 200 112
192.168.1.3 - - [20/Mar/2014:19:35:02 +0530] "GET /remote-healthcare/healthcare/mapping/chatroom/139 HTTP/1.1" 200 112
192.168.1.3 - - [20/Mar/2014:19:35:07 +0530] "GET /remote-healthcare/healthcare/mapping/chatroom/139 HTTP/1.1" 200 112
192.168.1.3 - - [20/Mar/2014:19:35:13 +0530] "GET /remote-healthcare/healthcare/mapping/chatroom/139 HTTP/1.1" 200 112
192.168.1.3 - - [20/Mar/2014:19:35:18 +0530] "GET /remote-healthcare/healthcare/mapping/chatroom/139 HTTP/1.1" 200 112
192.168.1.3 - - [20/Mar/2014:20:18:09 +0530] "GET /remote-healthcare/healthcare/mapping/chatroom/null HTTP/1.1" 401 1061
192.168.1.3 - - [20/Mar/2014:20:18:09 +0530] "GET /remote-healthcare/healthcare/mapping/chatroom/null HTTP/1.1" 400 968
192.168.1.3 - - [20/Mar/2014:20:18:14 +0530] "GET /remote-healthcare/healthcare/mapping/chatroom/null HTTP/1.1" 400 968
192.168.1.3 - - [20/Mar/2014:20:18:20 +0530] "GET /remote-healthcare/healthcare/mapping/chatroom/null HTTP/1.1" 400 968
192.168.1.3 - - [20/Mar/2014:20:18:26 +0530] "GET /remote-healthcare/healthcare/mapping/chatroom/null HTTP/1.1" 400 968
192.168.1.3 - - [20/Mar/2014:20:18:32 +0530] "GET /remote-healthcare/healthcare/mapping/chatroom/null HTTP/1.1" 400 968
192.168.1.3 - - [20/Mar/2014:20:18:38 +0530] "GET /remote-healthcare/healthcare/mapping/chatroom/null HTTP/1.1" 400 968
192.168.1.10 - - [20/Mar/2014:20:19:23 +0530] "GET /ApnaAspatalDoctorWebClient/ApnaAspatalDoctorLogin.html HTTP/1.1" 304 -
192.168.1.3 - - [20/Mar/2014:20:19:37 +0530] "GET /ApnaAspatalBoothWebClient/ApnaAspatalBoothLogin.html HTTP/1.1" 304 -
192.168.1.3 - - [20/Mar/2014:20:19:55 +0530] "GET /remote-healthcare/healthcare/apnaaspatal/boothlogin HTTP/1.1" 401 1061
192.168.1.3 - - [20/Mar/2014:20:19:56 +0530] "GET /remote-healthcare/healthcare/apnaaspatal/boothlogin HTTP/1.1" 200 -
192.168.1.3 - - [20/Mar/2014:20:19:56 +0530] "GET /ApnaAspatalBoothWebClient/ApnaAspatalBoothHome.html HTTP/1.1" 304 -
192.168.1.10 - - [20/Mar/2014:20:20:05 +0530] "GET /remote-healthcare/healthcare/apnaaspatal/doctorlogin HTTP/1.1" 401 1061
192.168.1.10 - - [20/Mar/2014:20:20:05 +0530] "GET /remote-healthcare/healthcare/apnaaspatal/doctorlogin HTTP/1.1" 200 129
192.168.1.10 - - [20/Mar/2014:20:20:05 +0530] "GET /ApnaAspatalDoctorWebClient/ApnaAspatalDoctorHome.html HTTP/1.1" 304 -
192.168.1.3 - - [20/Mar/2014:20:20:07 +0530] "GET /ApnaAspatalBoothWebClient/ApnaAspatalPatientRegistration.html HTTP/1.1" 304 -
192.168.1.10 - - [20/Mar/2014:20:20:10 +0530] "GET /remote-healthcare/healthcare/mapping/docrequestcheck HTTP/1.1" 200 -
192.168.1.10 - - [20/Mar/2014:20:20:15 +0530] "GET /remote-healthcare/healthcare/mapping/docrequestcheck HTTP/1.1" 200 -
192.168.1.10 - - [20/Mar/2014:20:20:21 +0530] "GET /remote-healthcare/healthcare/mapping/docrequestcheck HTTP/1.1" 200 -
192.168.1.10 - - [20/Mar/2014:20:20:26 +0530] "GET /remote-healthcare/healthcare/mapping/docrequestcheck HTTP/1.1" 200 -
192.168.1.10 - - [20/Mar/2014:20:20:31 +0530] "GET /remote-healthcare/healthcare/mapping/docrequestcheck HTTP/1.1" 200 -
192.168.1.10 - - [20/Mar/2014:20:20:36 +0530] "GET /remote-healthcare/healthcare/mapping/docrequestcheck HTTP/1.1" 200 -
192.168.1.3 - - [20/Mar/2014:20:20:36 +0530] "POST /remote-healthcare/healthcare/patientaddress/addressanddetail/save HTTP/1.1" 200 111
192.168.1.3 - - [20/Mar/2014:20:20:38 +0530] "GET /ApnaAspatalBoothWebClient/ApnaAspatalPrimaryQuestions.html HTTP/1.1" 304 -
192.168.1.10 - - [20/Mar/2014:20:20:41 +0530] "GET /remote-healthcare/healthcare/mapping/docrequestcheck HTTP/1.1" 200 -
192.168.1.10 - - [20/Mar/2014:20:20:46 +0530] "GET /remote-healthcare/healthcare/mapping/docrequestcheck HTTP/1.1" 200 -
192.168.1.10 - - [20/Mar/2014:20:20:51 +0530] "GET /remote-healthcare/healthcare/mapping/docrequestcheck HTTP/1.1" 200 -
192.168.1.3 - - [20/Mar/2014:20:20:51 +0530] "POST /remote-healthcare/healthcare/doctorfaq/save HTTP/1.1" 200 111
192.168.1.3 - - [20/Mar/2014:20:20:51 +0530] "GET /ApnaAspatalBoothWebClient/ApnaAspatalPrimaryTestParameters.html HTTP/1.1" 200 9242
192.168.1.10 - - [20/Mar/2014:20:20:56 +0530] "GET /remote-healthcare/healthcare/mapping/docrequestcheck HTTP/1.1" 200 -
192.168.1.3 - - [20/Mar/2014:20:20:57 +0530] "GET /remote-healthcare/healthcare/mapping/chatroom/null HTTP/1.1" 400 968
192.168.1.3 - - [20/Mar/2014:20:21:01 +0530] "POST /remote-healthcare/healthcare/sendtodoctor/webhealthdetal HTTP/1.1" 200 193
192.168.1.10 - - [20/Mar/2014:20:21:01 +0530] "GET /remote-healthcare/healthcare/mapping/docrequestcheck HTTP/1.1" 200 294
192.168.1.3 - - [20/Mar/2014:20:23:01 +0530] "GET /remote-healthcare/healthcare/mapping/chatroom/140 HTTP/1.1" 200 82
192.168.1.3 - - [20/Mar/2014:20:23:06 +0530] "GET /remote-healthcare/healthcare/mapping/chatroom/140 HTTP/1.1" 200 82
192.168.1.3 - - [20/Mar/2014:20:23:11 +0530] "GET /remote-healthcare/healthcare/mapping/chatroom/140 HTTP/1.1" 200 82
192.168.1.3 - - [20/Mar/2014:20:23:16 +0530] "GET /remote-healthcare/healthcare/mapping/chatroom/140 HTTP/1.1" 200 82
192.168.1.10 - - [20/Mar/2014:20:23:19 +0530] "GET /remote-healthcare/healthcare/mapping/attended/485 HTTP/1.1" 200 792
192.168.1.10 - - [20/Mar/2014:20:23:19 +0530] "GET /ApnaAspatalDoctorWebClient/ApnaAspatalPatientHealthDetail.html HTTP/1.1" 200 14945
192.168.1.3 - - [20/Mar/2014:20:23:21 +0530] "GET /remote-healthcare/healthcare/mapping/chatroom/140 HTTP/1.1" 200 82
192.168.1.3 - - [20/Mar/2014:20:23:26 +0530] "GET /remote-healthcare/healthcare/mapping/chatroom/140 HTTP/1.1" 200 82
192.168.1.3 - - [20/Mar/2014:20:23:31 +0530] "GET /remote-healthcare/healthcare/mapping/chatroom/140 HTTP/1.1" 200 82
192.168.1.3 - - [20/Mar/2014:20:23:36 +0530] "GET /remote-healthcare/healthcare/mapping/chatroom/140 HTTP/1.1" 200 82
192.168.1.3 - - [20/Mar/2014:20:23:41 +0530] "GET /remote-healthcare/healthcare/mapping/chatroom/140 HTTP/1.1" 200 82
192.168.1.3 - - [20/Mar/2014:20:23:46 +0530] "GET /remote-healthcare/healthcare/mapping/chatroom/140 HTTP/1.1" 200 82
192.168.1.3 - - [20/Mar/2014:20:23:51 +0530] "GET /remote-healthcare/healthcare/mapping/chatroom/140 HTTP/1.1" 200 82
192.168.1.3 - - [20/Mar/2014:20:23:56 +0530] "GET /remote-healthcare/healthcare/mapping/chatroom/140 HTTP/1.1" 200 82
192.168.1.3 - - [20/Mar/2014:20:24:01 +0530] "GET /remote-healthcare/healthcare/mapping/chatroom/140 HTTP/1.1" 200 82
192.168.1.10 - - [20/Mar/2014:20:24:02 +0530] "GET /remote-healthcare/healthcare/mapping/attended/chat/140 HTTP/1.1" 200 132
192.168.1.3 - - [20/Mar/2014:20:24:06 +0530] "GET /remote-healthcare/healthcare/mapping/chatroom/140 HTTP/1.1" 200 132
192.168.1.3 - - [20/Mar/2014:20:24:10 +0530] "GET /remote-healthcare/healthcare/mapping/chatroom/setnull/140 HTTP/1.1" 200 -
192.168.1.3 - - [20/Mar/2014:20:24:18 +0530] "GET /remote-healthcare/healthcare/mapping/chatroom/140 HTTP/1.1" 200 112
192.168.1.3 - - [20/Mar/2014:20:24:23 +0530] "GET /remote-healthcare/healthcare/mapping/chatroom/140 HTTP/1.1" 200 112
192.168.1.3 - - [20/Mar/2014:20:24:28 +0530] "GET /remote-healthcare/healthcare/mapping/chatroom/140 HTTP/1.1" 200 112
192.168.1.3 - - [20/Mar/2014:20:24:33 +0530] "GET /remote-healthcare/healthcare/mapping/chatroom/140 HTTP/1.1" 200 112
192.168.1.3 - - [20/Mar/2014:20:24:39 +0530] "GET /remote-healthcare/healthcare/mapping/chatroom/140 HTTP/1.1" 200 112
192.168.1.3 - - [20/Mar/2014:20:24:44 +0530] "GET /remote-healthcare/healthcare/mapping/chatroom/140 HTTP/1.1" 200 112
192.168.1.3 - - [20/Mar/2014:20:24:49 +0530] "GET /remote-healthcare/healthcare/mapping/chatroom/140 HTTP/1.1" 200 112
192.168.1.3 - - [20/Mar/2014:20:24:54 +0530] "GET /remote-healthcare/healthcare/mapping/chatroom/140 HTTP/1.1" 200 112
192.168.1.3 - - [20/Mar/2014:20:24:59 +0530] "GET /remote-healthcare/healthcare/mapping/chatroom/140 HTTP/1.1" 200 112
192.168.1.3 - - [20/Mar/2014:20:25:04 +0530] "GET /remote-healthcare/healthcare/mapping/chatroom/140 HTTP/1.1" 200 112
192.168.1.3 - - [20/Mar/2014:20:25:09 +0530] "GET /remote-healthcare/healthcare/mapping/chatroom/140 HTTP/1.1" 200 112
192.168.1.3 - - [20/Mar/2014:20:25:14 +0530] "GET /remote-healthcare/healthcare/mapping/chatroom/140 HTTP/1.1" 200 112
192.168.1.3 - - [20/Mar/2014:20:25:19 +0530] "GET /remote-healthcare/healthcare/mapping/chatroom/140 HTTP/1.1" 200 112
192.168.1.3 - - [20/Mar/2014:20:25:24 +0530] "GET /remote-healthcare/healthcare/mapping/chatroom/140 HTTP/1.1" 200 112
192.168.1.3 - - [20/Mar/2014:20:25:29 +0530] "GET /remote-healthcare/healthcare/mapping/chatroom/140 HTTP/1.1" 200 112
192.168.1.3 - - [20/Mar/2014:20:25:34 +0530] "GET /remote-healthcare/healthcare/mapping/chatroom/140 HTTP/1.1" 200 112
192.168.1.3 - - [20/Mar/2014:20:25:39 +0530] "GET /remote-healthcare/healthcare/mapping/chatroom/140 HTTP/1.1" 200 112
192.168.1.3 - - [20/Mar/2014:20:25:44 +0530] "GET /remote-healthcare/healthcare/mapping/chatroom/140 HTTP/1.1" 200 112
192.168.1.3 - - [20/Mar/2014:20:25:49 +0530] "GET /remote-healthcare/healthcare/mapping/chatroom/140 HTTP/1.1" 200 112
192.168.1.3 - - [20/Mar/2014:20:25:54 +0530] "GET /remote-healthcare/healthcare/mapping/chatroom/140 HTTP/1.1" 200 112
192.168.1.3 - - [20/Mar/2014:20:25:59 +0530] "GET /remote-healthcare/healthcare/mapping/chatroom/140 HTTP/1.1" 200 112
192.168.1.3 - - [20/Mar/2014:20:26:04 +0530] "GET /remote-healthcare/healthcare/mapping/chatroom/140 HTTP/1.1" 200 112
192.168.1.3 - - [20/Mar/2014:20:26:09 +0530] "GET /remote-healthcare/healthcare/mapping/chatroom/140 HTTP/1.1" 200 112
192.168.1.3 - - [20/Mar/2014:20:26:15 +0530] "GET /remote-healthcare/healthcare/mapping/chatroom/140 HTTP/1.1" 200 112
192.168.1.3 - - [20/Mar/2014:20:26:20 +0530] "GET /remote-healthcare/healthcare/mapping/chatroom/140 HTTP/1.1" 200 112
192.168.1.3 - - [20/Mar/2014:20:26:25 +0530] "GET /remote-healthcare/healthcare/mapping/chatroom/140 HTTP/1.1" 200 112
192.168.1.3 - - [20/Mar/2014:20:26:30 +0530] "GET /remote-healthcare/healthcare/mapping/chatroom/140 HTTP/1.1" 200 112
192.168.1.3 - - [20/Mar/2014:20:26:35 +0530] "GET /remote-healthcare/healthcare/mapping/chatroom/140 HTTP/1.1" 200 112
192.168.1.3 - - [20/Mar/2014:20:26:40 +0530] "GET /remote-healthcare/healthcare/mapping/chatroom/140 HTTP/1.1" 200 112
192.168.1.3 - - [20/Mar/2014:20:26:45 +0530] "GET /remote-healthcare/healthcare/mapping/chatroom/140 HTTP/1.1" 200 112
192.168.1.3 - - [20/Mar/2014:20:26:50 +0530] "GET /remote-healthcare/healthcare/mapping/chatroom/140 HTTP/1.1" 200 112
192.168.1.3 - - [20/Mar/2014:20:26:55 +0530] "GET /remote-healthcare/healthcare/mapping/chatroom/140 HTTP/1.1" 200 112
192.168.1.3 - - [20/Mar/2014:20:27:00 +0530] "GET /remote-healthcare/healthcare/mapping/chatroom/140 HTTP/1.1" 200 112
192.168.1.3 - - [20/Mar/2014:20:27:05 +0530] "GET /remote-healthcare/healthcare/mapping/chatroom/140 HTTP/1.1" 200 112
192.168.1.3 - - [20/Mar/2014:20:27:10 +0530] "GET /remote-healthcare/healthcare/mapping/chatroom/140 HTTP/1.1" 200 112
192.168.1.3 - - [20/Mar/2014:20:27:15 +0530] "GET /remote-healthcare/healthcare/mapping/chatroom/140 HTTP/1.1" 200 112
192.168.1.3 - - [20/Mar/2014:20:29:08 +0530] "GET /ApnaAspatalBoothWebClient/ApnaAspatalBoothHome.html HTTP/1.1" 304 -
192.168.1.10 - - [20/Mar/2014:20:29:30 +0530] "GET /remote-healthcare/healthcare/apnaaspatal/doctorlogin HTTP/1.1" 200 129
192.168.1.10 - - [20/Mar/2014:20:29:30 +0530] "GET /ApnaAspatalDoctorWebClient/ApnaAspatalDoctorHome.html HTTP/1.1" 304 -
192.168.1.10 - - [20/Mar/2014:20:29:35 +0530] "GET /remote-healthcare/healthcare/mapping/docrequestcheck HTTP/1.1" 200 -
192.168.1.3 - - [20/Mar/2014:20:29:37 +0530] "GET /ApnaAspatalBoothWebClient/ApnaAspatalPatientRegistration.html HTTP/1.1" 304 -
192.168.1.10 - - [20/Mar/2014:20:29:40 +0530] "GET /remote-healthcare/healthcare/mapping/docrequestcheck HTTP/1.1" 200 -
192.168.1.10 - - [20/Mar/2014:20:29:45 +0530] "GET /remote-healthcare/healthcare/mapping/docrequestcheck HTTP/1.1" 200 -
192.168.1.10 - - [20/Mar/2014:20:29:50 +0530] "GET /remote-healthcare/healthcare/mapping/docrequestcheck HTTP/1.1" 200 -
192.168.1.10 - - [20/Mar/2014:20:29:55 +0530] "GET /remote-healthcare/healthcare/mapping/docrequestcheck HTTP/1.1" 200 -
192.168.1.10 - - [20/Mar/2014:20:30:00 +0530] "GET /remote-healthcare/healthcare/mapping/docrequestcheck HTTP/1.1" 200 -
192.168.1.3 - - [20/Mar/2014:20:30:02 +0530] "POST /remote-healthcare/healthcare/patientaddress/addressanddetail/save HTTP/1.1" 200 111
192.168.1.10 - - [20/Mar/2014:20:30:06 +0530] "GET /remote-healthcare/healthcare/mapping/docrequestcheck HTTP/1.1" 200 -
192.168.1.10 - - [20/Mar/2014:20:30:11 +0530] "GET /remote-healthcare/healthcare/mapping/docrequestcheck HTTP/1.1" 200 -
192.168.1.10 - - [20/Mar/2014:20:30:16 +0530] "GET /remote-healthcare/healthcare/mapping/docrequestcheck HTTP/1.1" 200 -
192.168.1.3 - - [20/Mar/2014:20:30:18 +0530] "GET /ApnaAspatalBoothWebClient/ApnaAspatalPrimaryQuestions.html HTTP/1.1" 304 -
192.168.1.10 - - [20/Mar/2014:20:30:21 +0530] "GET /remote-healthcare/healthcare/mapping/docrequestcheck HTTP/1.1" 200 -
192.168.1.10 - - [20/Mar/2014:20:30:26 +0530] "GET /remote-healthcare/healthcare/mapping/docrequestcheck HTTP/1.1" 200 -
192.168.1.10 - - [20/Mar/2014:20:30:31 +0530] "GET /remote-healthcare/healthcare/mapping/docrequestcheck HTTP/1.1" 200 -
192.168.1.10 - - [20/Mar/2014:20:30:36 +0530] "GET /remote-healthcare/healthcare/mapping/docrequestcheck HTTP/1.1" 200 -
192.168.1.10 - - [20/Mar/2014:20:30:41 +0530] "GET /remote-healthcare/healthcare/mapping/docrequestcheck HTTP/1.1" 200 -
192.168.1.10 - - [20/Mar/2014:20:30:46 +0530] "GET /remote-healthcare/healthcare/mapping/docrequestcheck HTTP/1.1" 200 -
192.168.1.10 - - [20/Mar/2014:20:30:51 +0530] "GET /remote-healthcare/healthcare/mapping/docrequestcheck HTTP/1.1" 200 -
192.168.1.10 - - [20/Mar/2014:20:30:56 +0530] "GET /remote-healthcare/healthcare/mapping/docrequestcheck HTTP/1.1" 200 -
192.168.1.3 - - [20/Mar/2014:20:30:57 +0530] "POST /remote-healthcare/healthcare/doctorfaq/save HTTP/1.1" 200 111
192.168.1.3 - - [20/Mar/2014:20:30:57 +0530] "GET /ApnaAspatalBoothWebClient/ApnaAspatalPrimaryTestParameters.html HTTP/1.1" 304 -
192.168.1.10 - - [20/Mar/2014:20:31:01 +0530] "GET /remote-healthcare/healthcare/mapping/docrequestcheck HTTP/1.1" 200 -
192.168.1.3 - - [20/Mar/2014:20:31:02 +0530] "GET /remote-healthcare/healthcare/mapping/chatroom/null HTTP/1.1" 400 968
192.168.1.3 - - [20/Mar/2014:20:31:06 +0530] "POST /remote-healthcare/healthcare/sendtodoctor/webhealthdetal HTTP/1.1" 200 193
192.168.1.10 - - [20/Mar/2014:20:31:06 +0530] "GET /remote-healthcare/healthcare/mapping/docrequestcheck HTTP/1.1" 200 294
192.168.1.3 - - [20/Mar/2014:20:31:09 +0530] "GET /remote-healthcare/healthcare/mapping/chatroom/141 HTTP/1.1" 200 82
192.168.1.3 - - [20/Mar/2014:20:31:14 +0530] "GET /remote-healthcare/healthcare/mapping/chatroom/141 HTTP/1.1" 200 82
192.168.1.10 - - [20/Mar/2014:20:31:15 +0530] "GET /remote-healthcare/healthcare/mapping/attended/486 HTTP/1.1" 200 787
192.168.1.10 - - [20/Mar/2014:20:31:15 +0530] "GET /ApnaAspatalDoctorWebClient/ApnaAspatalPatientHealthDetail.html HTTP/1.1" 200 14846
192.168.1.3 - - [20/Mar/2014:20:31:19 +0530] "GET /remote-healthcare/healthcare/mapping/chatroom/141 HTTP/1.1" 200 82
192.168.1.10 - - [20/Mar/2014:20:31:22 +0530] "GET /remote-healthcare/healthcare/mapping/attended/chat/141 HTTP/1.1" 200 131
192.168.1.3 - - [20/Mar/2014:20:31:24 +0530] "GET /remote-healthcare/healthcare/mapping/chatroom/141 HTTP/1.1" 200 131
192.168.1.3 - - [20/Mar/2014:20:31:30 +0530] "GET /remote-healthcare/healthcare/mapping/chatroom/setnull/141 HTTP/1.1" 200 -
192.168.1.3 - - [20/Mar/2014:20:31:40 +0530] "GET /remote-healthcare/healthcare/mapping/chatroom/141 HTTP/1.1" 200 112
192.168.1.3 - - [20/Mar/2014:20:31:45 +0530] "GET /remote-healthcare/healthcare/mapping/chatroom/141 HTTP/1.1" 200 112
192.168.1.3 - - [20/Mar/2014:20:32:54 +0530] "GET /ApnaAspatalBoothWebClient/ApnaAspatalBoothLogin.html HTTP/1.1" 304 -
