192.168.1.5 - - [17/Mar/2014:00:00:04 +0530] "GET /remote-healthcare/healthcare/mapping/chatroom/102 HTTP/1.1" 200 82
192.168.1.5 - - [17/Mar/2014:00:00:09 +0530] "GET /remote-healthcare/healthcare/mapping/chatroom/102 HTTP/1.1" 200 82
192.168.1.5 - - [17/Mar/2014:00:00:18 +0530] "GET /ApnaAspatalDoctorWebClient/ApnaAspatalPatientHealthDetail.html HTTP/1.1" 304 -
192.168.1.5 - - [17/Mar/2014:00:00:19 +0530] "GET /ApnaAspatalDoctorWebClient/js/jquery-2.0.3.min.js HTTP/1.1" 200 250978
192.168.1.5 - - [17/Mar/2014:00:00:19 +0530] "GET /ApnaAspatalDoctorWebClient/apnaaspatal.jpg HTTP/1.1" 200 39731
192.168.1.5 - - [17/Mar/2014:00:00:19 +0530] "GET /ApnaAspatalDoctorWebClient/arrow2.jpg HTTP/1.1" 200 3740
192.168.1.5 - - [17/Mar/2014:00:00:19 +0530] "GET /ApnaAspatalDoctorWebClient/Logo-doctor.jpg HTTP/1.1" 200 25115
192.168.1.5 - - [17/Mar/2014:00:03:52 +0530] "GET /ApnaAspatalBoothWebClient/ApnaAspatalBoothLogin.html HTTP/1.1" 200 3786
192.168.1.5 - - [17/Mar/2014:00:03:52 +0530] "GET /ApnaAspatalBoothWebClient/apnaaspatal.jpg HTTP/1.1" 200 39731
192.168.1.5 - - [17/Mar/2014:00:03:53 +0530] "GET /ApnaAspatalBoothWebClient/js/jquery-2.0.3.min.js HTTP/1.1" 200 250978
192.168.1.5 - - [17/Mar/2014:00:03:53 +0530] "GET /ApnaAspatalBoothWebClient/Login.jpg HTTP/1.1" 200 34712
192.168.1.5 - - [17/Mar/2014:00:04:00 +0530] "GET /remote-healthcare/healthcare/apnaaspatal/boothlogin HTTP/1.1" 401 1061
192.168.1.5 - - [17/Mar/2014:00:04:02 +0530] "GET /remote-healthcare/healthcare/apnaaspatal/boothlogin HTTP/1.1" 200 -
192.168.1.5 - - [17/Mar/2014:00:04:02 +0530] "GET /ApnaAspatalBoothWebClient/ApnaAspatalBoothHome.html HTTP/1.1" 200 1654
192.168.1.5 - - [17/Mar/2014:00:04:02 +0530] "GET /ApnaAspatalBoothWebClient/Remotecare.jpg HTTP/1.1" 200 7443
192.168.1.5 - - [17/Mar/2014:00:04:02 +0530] "GET /ApnaAspatalBoothWebClient/down-arrow-icon.jpg HTTP/1.1" 200 104195
192.168.1.10 - - [17/Mar/2014:00:06:05 +0530] "GET /ApnaAspatalDoctorWebClient/ApnaAspatalDoctorLogin.html HTTP/1.1" 200 3851
192.168.1.10 - - [17/Mar/2014:00:06:05 +0530] "GET /ApnaAspatalDoctorWebClient/js/jquery-2.0.3.min.js HTTP/1.1" 200 250978
192.168.1.10 - - [17/Mar/2014:00:06:06 +0530] "GET /ApnaAspatalDoctorWebClient/apnaaspatal.jpg HTTP/1.1" 200 39731
192.168.1.10 - - [17/Mar/2014:00:06:07 +0530] "GET /ApnaAspatalDoctorWebClient/Login.jpg HTTP/1.1" 200 34712
192.168.1.10 - - [17/Mar/2014:00:06:09 +0530] "GET /favicon.ico HTTP/1.1" 200 21630
192.168.1.10 - - [17/Mar/2014:00:06:18 +0530] "GET /remote-healthcare/healthcare/apnaaspatal/doctorlogin HTTP/1.1" 401 1061
192.168.1.10 - - [17/Mar/2014:00:06:18 +0530] "GET /remote-healthcare/healthcare/apnaaspatal/doctorlogin HTTP/1.1" 200 129
192.168.1.10 - - [17/Mar/2014:00:06:18 +0530] "GET /ApnaAspatalDoctorWebClient/ApnaAspatalDoctorHome.html HTTP/1.1" 200 6830
192.168.1.10 - - [17/Mar/2014:00:06:18 +0530] "GET /ApnaAspatalDoctorWebClient/Remotecare.jpg HTTP/1.1" 200 7443
192.168.1.5 - - [17/Mar/2014:00:06:21 +0530] "GET /ApnaAspatalBoothWebClient/ApnaAspatalPatientRegistration.html HTTP/1.1" 200 9732
192.168.1.10 - - [17/Mar/2014:00:06:23 +0530] "GET /remote-healthcare/healthcare/mapping/docrequestcheck HTTP/1.1" 200 -
192.168.1.10 - - [17/Mar/2014:00:06:28 +0530] "GET /remote-healthcare/healthcare/mapping/docrequestcheck HTTP/1.1" 200 -
192.168.1.10 - - [17/Mar/2014:00:06:33 +0530] "GET /remote-healthcare/healthcare/mapping/docrequestcheck HTTP/1.1" 200 -
192.168.1.5 - - [17/Mar/2014:00:06:36 +0530] "POST /remote-healthcare/healthcare/patientaddress/addressanddetail/save HTTP/1.1" 200 111
192.168.1.5 - - [17/Mar/2014:00:06:37 +0530] "GET /ApnaAspatalBoothWebClient/ApnaAspatalPrimaryQuestions.html HTTP/1.1" 200 47694
192.168.1.10 - - [17/Mar/2014:00:06:39 +0530] "GET /remote-healthcare/healthcare/mapping/docrequestcheck HTTP/1.1" 200 -
192.168.1.10 - - [17/Mar/2014:00:06:48 +0530] "GET /remote-healthcare/healthcare/mapping/docrequestcheck HTTP/1.1" 200 -
192.168.1.10 - - [17/Mar/2014:00:06:53 +0530] "GET /remote-healthcare/healthcare/mapping/docrequestcheck HTTP/1.1" 200 -
192.168.1.5 - - [17/Mar/2014:00:06:55 +0530] "POST /remote-healthcare/healthcare/doctorfaq/save HTTP/1.1" 200 111
192.168.1.5 - - [17/Mar/2014:00:06:55 +0530] "GET /ApnaAspatalBoothWebClient/ApnaAspatalPrimaryTestParameters.html HTTP/1.1" 200 13781
192.168.1.10 - - [17/Mar/2014:00:06:58 +0530] "GET /remote-healthcare/healthcare/mapping/docrequestcheck HTTP/1.1" 200 -
192.168.1.5 - - [17/Mar/2014:00:07:01 +0530] "GET /remote-healthcare/healthcare/mapping/chatroom/null HTTP/1.1" 400 968
192.168.1.10 - - [17/Mar/2014:00:07:03 +0530] "GET /remote-healthcare/healthcare/mapping/docrequestcheck HTTP/1.1" 200 -
192.168.1.10 - - [17/Mar/2014:00:07:08 +0530] "GET /remote-healthcare/healthcare/mapping/docrequestcheck HTTP/1.1" 200 -
192.168.1.5 - - [17/Mar/2014:00:07:10 +0530] "GET /remote-healthcare/healthcare/mapping/chatroom/null HTTP/1.1" 400 968
192.168.1.10 - - [17/Mar/2014:00:07:13 +0530] "GET /remote-healthcare/healthcare/mapping/docrequestcheck HTTP/1.1" 200 -
192.168.1.5 - - [17/Mar/2014:00:07:15 +0530] "GET /remote-healthcare/healthcare/mapping/chatroom/null HTTP/1.1" 400 968
192.168.1.5 - - [17/Mar/2014:00:07:17 +0530] "POST /remote-healthcare/healthcare/sendtodoctor/webhealthdetal HTTP/1.1" 200 193
192.168.1.10 - - [17/Mar/2014:00:07:18 +0530] "GET /remote-healthcare/healthcare/mapping/docrequestcheck HTTP/1.1" 200 294
192.168.1.5 - - [17/Mar/2014:00:07:22 +0530] "GET /remote-healthcare/healthcare/mapping/chatroom/103 HTTP/1.1" 200 82
192.168.1.10 - - [17/Mar/2014:00:07:23 +0530] "GET /remote-healthcare/healthcare/mapping/attended/445 HTTP/1.1" 200 782
192.168.1.10 - - [17/Mar/2014:00:07:23 +0530] "GET /ApnaAspatalDoctorWebClient/ApnaAspatalPatientHealthDetail.html HTTP/1.1" 200 14010
192.168.1.10 - - [17/Mar/2014:00:07:23 +0530] "GET /ApnaAspatalDoctorWebClient/arrow2.jpg HTTP/1.1" 200 3740
192.168.1.10 - - [17/Mar/2014:00:07:23 +0530] "GET /ApnaAspatalDoctorWebClient/Logo-doctor.jpg HTTP/1.1" 200 25115
192.168.1.5 - - [17/Mar/2014:00:07:28 +0530] "GET /remote-healthcare/healthcare/mapping/chatroom/103 HTTP/1.1" 200 82
192.168.1.5 - - [17/Mar/2014:00:07:33 +0530] "GET /remote-healthcare/healthcare/mapping/chatroom/103 HTTP/1.1" 200 82
192.168.1.5 - - [17/Mar/2014:00:07:38 +0530] "GET /remote-healthcare/healthcare/mapping/chatroom/103 HTTP/1.1" 200 82
192.168.1.5 - - [17/Mar/2014:00:07:43 +0530] "GET /remote-healthcare/healthcare/mapping/chatroom/103 HTTP/1.1" 200 82
192.168.1.5 - - [17/Mar/2014:00:07:48 +0530] "GET /remote-healthcare/healthcare/mapping/chatroom/103 HTTP/1.1" 200 82
192.168.1.5 - - [17/Mar/2014:00:07:53 +0530] "GET /remote-healthcare/healthcare/mapping/chatroom/103 HTTP/1.1" 200 82
192.168.1.5 - - [17/Mar/2014:00:07:58 +0530] "GET /remote-healthcare/healthcare/mapping/chatroom/103 HTTP/1.1" 200 82
192.168.1.5 - - [17/Mar/2014:00:08:03 +0530] "GET /remote-healthcare/healthcare/mapping/chatroom/103 HTTP/1.1" 200 82
192.168.1.5 - - [17/Mar/2014:00:08:08 +0530] "GET /remote-healthcare/healthcare/mapping/chatroom/103 HTTP/1.1" 200 82
192.168.1.5 - - [17/Mar/2014:00:08:13 +0530] "GET /remote-healthcare/healthcare/mapping/chatroom/103 HTTP/1.1" 200 82
192.168.1.5 - - [17/Mar/2014:00:08:18 +0530] "GET /remote-healthcare/healthcare/mapping/chatroom/103 HTTP/1.1" 200 82
192.168.1.5 - - [17/Mar/2014:00:08:23 +0530] "GET /remote-healthcare/healthcare/mapping/chatroom/103 HTTP/1.1" 200 82
192.168.1.5 - - [17/Mar/2014:00:08:28 +0530] "GET /remote-healthcare/healthcare/mapping/chatroom/103 HTTP/1.1" 200 82
192.168.1.5 - - [17/Mar/2014:00:08:33 +0530] "GET /remote-healthcare/healthcare/mapping/chatroom/103 HTTP/1.1" 200 82
192.168.1.5 - - [17/Mar/2014:00:08:38 +0530] "GET /remote-healthcare/healthcare/mapping/chatroom/103 HTTP/1.1" 200 82
192.168.1.5 - - [17/Mar/2014:00:08:43 +0530] "GET /remote-healthcare/healthcare/mapping/chatroom/103 HTTP/1.1" 200 82
192.168.1.5 - - [17/Mar/2014:00:08:48 +0530] "GET /remote-healthcare/healthcare/mapping/chatroom/103 HTTP/1.1" 200 82
192.168.1.5 - - [17/Mar/2014:00:08:54 +0530] "GET /remote-healthcare/healthcare/mapping/chatroom/103 HTTP/1.1" 200 82
192.168.1.5 - - [17/Mar/2014:00:08:59 +0530] "GET /remote-healthcare/healthcare/mapping/chatroom/103 HTTP/1.1" 200 82
192.168.1.5 - - [17/Mar/2014:00:09:04 +0530] "GET /remote-healthcare/healthcare/mapping/chatroom/103 HTTP/1.1" 200 82
192.168.1.5 - - [17/Mar/2014:00:09:09 +0530] "GET /remote-healthcare/healthcare/mapping/chatroom/103 HTTP/1.1" 200 82
192.168.1.5 - - [17/Mar/2014:00:09:14 +0530] "GET /remote-healthcare/healthcare/mapping/chatroom/103 HTTP/1.1" 200 82
192.168.1.5 - - [17/Mar/2014:00:09:19 +0530] "GET /remote-healthcare/healthcare/mapping/chatroom/103 HTTP/1.1" 200 82
192.168.1.5 - - [17/Mar/2014:00:09:24 +0530] "GET /remote-healthcare/healthcare/mapping/chatroom/103 HTTP/1.1" 200 82
192.168.1.5 - - [17/Mar/2014:00:09:29 +0530] "GET /remote-healthcare/healthcare/mapping/chatroom/103 HTTP/1.1" 200 82
192.168.1.5 - - [17/Mar/2014:00:09:34 +0530] "GET /remote-healthcare/healthcare/mapping/chatroom/103 HTTP/1.1" 200 82
192.168.1.5 - - [17/Mar/2014:00:09:39 +0530] "GET /remote-healthcare/healthcare/mapping/chatroom/103 HTTP/1.1" 200 82
192.168.1.5 - - [17/Mar/2014:00:09:44 +0530] "GET /remote-healthcare/healthcare/mapping/chatroom/103 HTTP/1.1" 200 82
192.168.1.5 - - [17/Mar/2014:00:09:49 +0530] "GET /remote-healthcare/healthcare/mapping/chatroom/103 HTTP/1.1" 200 82
192.168.1.5 - - [17/Mar/2014:00:09:54 +0530] "GET /remote-healthcare/healthcare/mapping/chatroom/103 HTTP/1.1" 200 82
192.168.1.5 - - [17/Mar/2014:00:09:59 +0530] "GET /remote-healthcare/healthcare/mapping/chatroom/103 HTTP/1.1" 200 82
192.168.1.5 - - [17/Mar/2014:00:10:04 +0530] "GET /remote-healthcare/healthcare/mapping/chatroom/103 HTTP/1.1" 200 82
192.168.1.10 - - [17/Mar/2014:00:12:02 +0530] "GET /remote-healthcare/healthcare/mapping/docrequestcheck HTTP/1.1" 200 -
192.168.1.10 - - [17/Mar/2014:00:12:02 +0530] "GET /ApnaAspatalDoctorWebClient/ApnaAspatalDoctorHome.html HTTP/1.1" 304 -
192.168.1.10 - - [17/Mar/2014:00:12:08 +0530] "GET /remote-healthcare/healthcare/mapping/docrequestcheck HTTP/1.1" 200 -
192.168.1.10 - - [17/Mar/2014:00:12:08 +0530] "GET /ApnaAspatalDoctorWebClient/ApnaAspatalDoctorHome.html HTTP/1.1" 304 -
192.168.1.10 - - [17/Mar/2014:00:12:13 +0530] "GET /remote-healthcare/healthcare/mapping/docrequestcheck HTTP/1.1" 200 -
192.168.1.5 - - [17/Mar/2014:00:12:15 +0530] "POST /remote-healthcare/healthcare/patientaddress/addressanddetail/save HTTP/1.1" 200 111
192.168.1.10 - - [17/Mar/2014:00:12:18 +0530] "GET /remote-healthcare/healthcare/mapping/docrequestcheck HTTP/1.1" 200 -
192.168.1.10 - - [17/Mar/2014:00:12:23 +0530] "GET /remote-healthcare/healthcare/mapping/docrequestcheck HTTP/1.1" 200 -
192.168.1.5 - - [17/Mar/2014:00:12:25 +0530] "POST /remote-healthcare/healthcare/doctorfaq/save HTTP/1.1" 200 111
192.168.1.10 - - [17/Mar/2014:00:12:28 +0530] "GET /remote-healthcare/healthcare/mapping/docrequestcheck HTTP/1.1" 200 -
192.168.1.10 - - [17/Mar/2014:00:12:33 +0530] "GET /remote-healthcare/healthcare/mapping/docrequestcheck HTTP/1.1" 200 -
192.168.1.5 - - [17/Mar/2014:00:12:35 +0530] "GET /remote-healthcare/healthcare/mapping/chatroom/null HTTP/1.1" 400 968
192.168.1.10 - - [17/Mar/2014:00:12:39 +0530] "GET /remote-healthcare/healthcare/mapping/docrequestcheck HTTP/1.1" 200 -
192.168.1.5 - - [17/Mar/2014:00:12:42 +0530] "GET /remote-healthcare/healthcare/mapping/chatroom/null HTTP/1.1" 400 968
192.168.1.10 - - [17/Mar/2014:00:12:44 +0530] "GET /remote-healthcare/healthcare/mapping/docrequestcheck HTTP/1.1" 200 -
192.168.1.5 - - [17/Mar/2014:00:12:47 +0530] "POST /remote-healthcare/healthcare/sendtodoctor/webhealthdetal HTTP/1.1" 200 193
192.168.1.10 - - [17/Mar/2014:00:12:49 +0530] "GET /remote-healthcare/healthcare/mapping/docrequestcheck HTTP/1.1" 200 294
192.168.1.5 - - [17/Mar/2014:00:12:49 +0530] "GET /remote-healthcare/healthcare/mapping/chatroom/104 HTTP/1.1" 200 82
192.168.1.10 - - [17/Mar/2014:00:12:53 +0530] "GET /remote-healthcare/healthcare/mapping/attended/446 HTTP/1.1" 200 774
192.168.1.10 - - [17/Mar/2014:00:12:53 +0530] "GET /ApnaAspatalDoctorWebClient/ApnaAspatalPatientHealthDetail.html HTTP/1.1" 200 13765
192.168.1.5 - - [17/Mar/2014:00:12:54 +0530] "GET /remote-healthcare/healthcare/mapping/chatroom/104 HTTP/1.1" 200 82
192.168.1.5 - - [17/Mar/2014:00:13:00 +0530] "GET /remote-healthcare/healthcare/mapping/chatroom/104 HTTP/1.1" 200 82
192.168.1.5 - - [17/Mar/2014:00:13:05 +0530] "GET /remote-healthcare/healthcare/mapping/chatroom/104 HTTP/1.1" 200 82
192.168.1.10 - - [17/Mar/2014:00:13:08 +0530] "GET /remote-healthcare/healthcare/mapping/attended/chat/104 HTTP/1.1" 200 132
192.168.1.5 - - [17/Mar/2014:00:13:10 +0530] "GET /remote-healthcare/healthcare/mapping/chatroom/104 HTTP/1.1" 200 132
192.168.1.5 - - [17/Mar/2014:00:13:15 +0530] "GET /remote-healthcare/healthcare/mapping/chatroom/104 HTTP/1.1" 200 132
192.168.1.5 - - [17/Mar/2014:00:13:20 +0530] "GET /remote-healthcare/healthcare/mapping/chatroom/104 HTTP/1.1" 200 132
192.168.1.5 - - [17/Mar/2014:00:13:25 +0530] "GET /remote-healthcare/healthcare/mapping/chatroom/104 HTTP/1.1" 200 132
192.168.1.5 - - [17/Mar/2014:00:13:30 +0530] "GET /remote-healthcare/healthcare/mapping/chatroom/104 HTTP/1.1" 200 132
192.168.1.5 - - [17/Mar/2014:00:13:35 +0530] "GET /remote-healthcare/healthcare/mapping/chatroom/104 HTTP/1.1" 200 132
192.168.1.5 - - [17/Mar/2014:00:13:40 +0530] "GET /remote-healthcare/healthcare/mapping/chatroom/104 HTTP/1.1" 200 132
192.168.1.5 - - [17/Mar/2014:00:13:45 +0530] "GET /remote-healthcare/healthcare/mapping/chatroom/104 HTTP/1.1" 200 132
192.168.1.5 - - [17/Mar/2014:00:13:50 +0530] "GET /remote-healthcare/healthcare/mapping/chatroom/104 HTTP/1.1" 200 132
192.168.1.5 - - [17/Mar/2014:00:13:55 +0530] "GET /remote-healthcare/healthcare/mapping/chatroom/104 HTTP/1.1" 200 132
192.168.1.5 - - [17/Mar/2014:00:14:00 +0530] "GET /remote-healthcare/healthcare/mapping/chatroom/104 HTTP/1.1" 200 132
192.168.1.5 - - [17/Mar/2014:00:14:05 +0530] "GET /remote-healthcare/healthcare/mapping/chatroom/104 HTTP/1.1" 200 132
192.168.1.5 - - [17/Mar/2014:00:14:10 +0530] "GET /remote-healthcare/healthcare/mapping/chatroom/104 HTTP/1.1" 200 132
192.168.1.5 - - [17/Mar/2014:00:14:16 +0530] "GET /remote-healthcare/healthcare/mapping/chatroom/104 HTTP/1.1" 200 132
192.168.1.5 - - [17/Mar/2014:00:14:21 +0530] "GET /remote-healthcare/healthcare/mapping/chatroom/104 HTTP/1.1" 200 132
192.168.1.5 - - [17/Mar/2014:00:14:26 +0530] "GET /remote-healthcare/healthcare/mapping/chatroom/104 HTTP/1.1" 200 132
192.168.1.5 - - [17/Mar/2014:00:14:31 +0530] "GET /remote-healthcare/healthcare/mapping/chatroom/104 HTTP/1.1" 200 132
192.168.1.5 - - [17/Mar/2014:00:14:36 +0530] "GET /remote-healthcare/healthcare/mapping/chatroom/104 HTTP/1.1" 200 132
192.168.1.5 - - [17/Mar/2014:00:14:41 +0530] "GET /remote-healthcare/healthcare/mapping/chatroom/104 HTTP/1.1" 200 132
192.168.1.5 - - [17/Mar/2014:00:14:46 +0530] "GET /remote-healthcare/healthcare/mapping/chatroom/104 HTTP/1.1" 200 132
192.168.1.5 - - [17/Mar/2014:00:14:51 +0530] "GET /remote-healthcare/healthcare/mapping/chatroom/104 HTTP/1.1" 200 132
192.168.1.5 - - [17/Mar/2014:00:14:56 +0530] "GET /remote-healthcare/healthcare/mapping/chatroom/104 HTTP/1.1" 200 132
192.168.1.5 - - [17/Mar/2014:00:15:01 +0530] "GET /remote-healthcare/healthcare/mapping/chatroom/104 HTTP/1.1" 200 132
192.168.1.5 - - [17/Mar/2014:00:15:06 +0530] "GET /remote-healthcare/healthcare/mapping/chatroom/104 HTTP/1.1" 200 132
192.168.1.5 - - [17/Mar/2014:00:15:11 +0530] "GET /remote-healthcare/healthcare/mapping/chatroom/104 HTTP/1.1" 200 132
192.168.1.5 - - [17/Mar/2014:00:15:16 +0530] "GET /remote-healthcare/healthcare/mapping/chatroom/104 HTTP/1.1" 200 132
192.168.1.5 - - [17/Mar/2014:00:15:21 +0530] "GET /remote-healthcare/healthcare/mapping/chatroom/104 HTTP/1.1" 200 132
192.168.1.5 - - [17/Mar/2014:00:15:26 +0530] "GET /remote-healthcare/healthcare/mapping/chatroom/104 HTTP/1.1" 200 132
192.168.1.5 - - [17/Mar/2014:00:15:31 +0530] "GET /remote-healthcare/healthcare/mapping/chatroom/104 HTTP/1.1" 200 132
192.168.1.5 - - [17/Mar/2014:00:15:36 +0530] "GET /remote-healthcare/healthcare/mapping/chatroom/104 HTTP/1.1" 200 132
192.168.1.5 - - [17/Mar/2014:00:15:41 +0530] "GET /remote-healthcare/healthcare/mapping/chatroom/104 HTTP/1.1" 200 132
192.168.1.5 - - [17/Mar/2014:00:15:46 +0530] "GET /remote-healthcare/healthcare/mapping/chatroom/104 HTTP/1.1" 200 132
192.168.1.5 - - [17/Mar/2014:00:17:10 +0530] "GET /remote-healthcare/healthcare/mapping/chatroom/104 HTTP/1.1" 200 132
192.168.1.10 - - [17/Mar/2014:00:17:10 +0530] "GET /remote-healthcare/healthcare/mapping/docrequestcheck HTTP/1.1" 200 -
192.168.1.10 - - [17/Mar/2014:00:17:11 +0530] "GET /ApnaAspatalDoctorWebClient/ApnaAspatalDoctorHome.html HTTP/1.1" 304 -
192.168.1.5 - - [17/Mar/2014:00:17:16 +0530] "GET /remote-healthcare/healthcare/mapping/chatroom/104 HTTP/1.1" 200 132
192.168.1.10 - - [17/Mar/2014:00:17:16 +0530] "GET /remote-healthcare/healthcare/mapping/docrequestcheck HTTP/1.1" 200 -
192.168.1.10 - - [17/Mar/2014:00:17:21 +0530] "GET /remote-healthcare/healthcare/mapping/docrequestcheck HTTP/1.1" 200 -
192.168.1.5 - - [17/Mar/2014:00:17:26 +0530] "POST /remote-healthcare/healthcare/patientaddress/addressanddetail/save HTTP/1.1" 200 111
192.168.1.10 - - [17/Mar/2014:00:17:27 +0530] "GET /remote-healthcare/healthcare/mapping/docrequestcheck HTTP/1.1" 200 -
192.168.1.10 - - [17/Mar/2014:00:17:32 +0530] "GET /remote-healthcare/healthcare/mapping/docrequestcheck HTTP/1.1" 200 -
192.168.1.5 - - [17/Mar/2014:00:17:34 +0530] "POST /remote-healthcare/healthcare/doctorfaq/save HTTP/1.1" 200 111
192.168.1.5 - - [17/Mar/2014:00:17:34 +0530] "GET /ApnaAspatalBoothWebClient/ApnaAspatalPrimaryTestParameters.html HTTP/1.1" 200 13972
192.168.1.10 - - [17/Mar/2014:00:17:37 +0530] "GET /remote-healthcare/healthcare/mapping/docrequestcheck HTTP/1.1" 200 -
192.168.1.5 - - [17/Mar/2014:00:17:39 +0530] "GET /remote-healthcare/healthcare/mapping/chatroom/null HTTP/1.1" 400 968
192.168.1.10 - - [17/Mar/2014:00:17:42 +0530] "GET /remote-healthcare/healthcare/mapping/docrequestcheck HTTP/1.1" 200 -
192.168.1.5 - - [17/Mar/2014:00:17:45 +0530] "GET /remote-healthcare/healthcare/mapping/chatroom/null HTTP/1.1" 400 968
192.168.1.10 - - [17/Mar/2014:00:17:47 +0530] "GET /remote-healthcare/healthcare/mapping/docrequestcheck HTTP/1.1" 200 -
192.168.1.5 - - [17/Mar/2014:00:17:50 +0530] "GET /remote-healthcare/healthcare/mapping/chatroom/null HTTP/1.1" 400 968
192.168.1.10 - - [17/Mar/2014:00:17:52 +0530] "GET /remote-healthcare/healthcare/mapping/docrequestcheck HTTP/1.1" 200 -
192.168.1.5 - - [17/Mar/2014:00:17:54 +0530] "POST /remote-healthcare/healthcare/sendtodoctor/webhealthdetal HTTP/1.1" 200 193
192.168.1.5 - - [17/Mar/2014:00:17:57 +0530] "GET /remote-healthcare/healthcare/mapping/chatroom/105 HTTP/1.1" 200 82
192.168.1.10 - - [17/Mar/2014:00:17:57 +0530] "GET /remote-healthcare/healthcare/mapping/docrequestcheck HTTP/1.1" 200 294
192.168.1.10 - - [17/Mar/2014:00:18:02 +0530] "GET /remote-healthcare/healthcare/mapping/attended/447 HTTP/1.1" 200 766
192.168.1.10 - - [17/Mar/2014:00:18:02 +0530] "GET /ApnaAspatalDoctorWebClient/ApnaAspatalPatientHealthDetail.html HTTP/1.1" 304 -
192.168.1.5 - - [17/Mar/2014:00:18:17 +0530] "GET /remote-healthcare/healthcare/mapping/chatroom/105 HTTP/1.1" 200 82
192.168.1.10 - - [17/Mar/2014:00:18:23 +0530] "GET /remote-healthcare/healthcare/mapping/attended/chat/105 HTTP/1.1" 200 131
192.168.1.5 - - [17/Mar/2014:00:18:43 +0530] "GET /remote-healthcare/healthcare/mapping/chatroom/105 HTTP/1.1" 200 131
192.168.1.5 - - [17/Mar/2014:00:18:50 +0530] "GET /remote-healthcare/healthcare/mapping/chatroom/105 HTTP/1.1" 200 131
192.168.1.5 - - [17/Mar/2014:00:19:25 +0530] "GET /remote-healthcare/healthcare/mapping/chatroom/105 HTTP/1.1" 200 131
192.168.1.5 - - [17/Mar/2014:00:19:33 +0530] "GET /remote-healthcare/healthcare/mapping/chatroom/105 HTTP/1.1" 200 131
192.168.1.5 - - [17/Mar/2014:00:19:39 +0530] "GET /remote-healthcare/healthcare/mapping/chatroom/105 HTTP/1.1" 200 131
192.168.1.5 - - [17/Mar/2014:00:19:44 +0530] "GET /ApnaAspatalBoothWebClient/ApnaAspatalPrimaryTestParameters. HTTP/1.1" 404 1069
192.168.1.5 - - [17/Mar/2014:00:20:59 +0530] "GET /ApnaAspatalBoothWebClient/ApnaAspatalPrimaryTestParameters.html HTTP/1.1" 304 -
192.168.1.5 - - [17/Mar/2014:00:21:05 +0530] "GET /remote-healthcare/healthcare/mapping/chatroom/null HTTP/1.1" 400 968
192.168.1.10 - - [17/Mar/2014:00:21:06 +0530] "GET /remote-healthcare/healthcare/mapping/attended/chat/105 HTTP/1.1" 200 132
192.168.1.5 - - [17/Mar/2014:00:21:10 +0530] "GET /remote-healthcare/healthcare/mapping/chatroom/null HTTP/1.1" 400 968
192.168.1.5 - - [17/Mar/2014:00:21:15 +0530] "GET /remote-healthcare/healthcare/mapping/chatroom/null HTTP/1.1" 400 968
192.168.1.5 - - [17/Mar/2014:00:21:20 +0530] "GET /remote-healthcare/healthcare/mapping/chatroom/null HTTP/1.1" 400 968
192.168.1.5 - - [17/Mar/2014:00:21:22 +0530] "POST /remote-healthcare/healthcare/sendtodoctor/webhealthdetal HTTP/1.1" 200 193
192.168.1.5 - - [17/Mar/2014:00:21:26 +0530] "GET /remote-healthcare/healthcare/mapping/chatroom/106 HTTP/1.1" 200 82
192.168.1.10 - - [17/Mar/2014:00:21:38 +0530] "GET /remote-healthcare/healthcare/mapping/docrequestcheck HTTP/1.1" 200 294
192.168.1.5 - - [17/Mar/2014:00:21:41 +0530] "GET /ApnaAspatalBoothWebClient/ApnaAspatalPrimaryTestParameters.htm HTTP/1.1" 404 1075
192.168.1.10 - - [17/Mar/2014:00:21:57 +0530] "GET /remote-healthcare/healthcare/mapping/attended/448 HTTP/1.1" 200 760
192.168.1.10 - - [17/Mar/2014:00:21:57 +0530] "GET /ApnaAspatalDoctorWebClient/ApnaAspatalPatientHealthDetail.html HTTP/1.1" 304 -
192.168.1.5 - - [17/Mar/2014:00:22:07 +0530] "GET /ApnaAspatalBoothWebClient/ApnaAspatalPrimaryTestParameters.html HTTP/1.1" 304 -
192.168.1.5 - - [17/Mar/2014:00:22:12 +0530] "GET /remote-healthcare/healthcare/mapping/chatroom/null HTTP/1.1" 400 968
192.168.1.10 - - [17/Mar/2014:00:22:14 +0530] "GET /remote-healthcare/healthcare/mapping/attended/chat/106 HTTP/1.1" 200 131
192.168.1.5 - - [17/Mar/2014:00:22:17 +0530] "GET /remote-healthcare/healthcare/mapping/chatroom/null HTTP/1.1" 400 968
192.168.1.5 - - [17/Mar/2014:00:22:23 +0530] "GET /remote-healthcare/healthcare/mapping/chatroom/null HTTP/1.1" 400 968
192.168.1.5 - - [17/Mar/2014:00:22:28 +0530] "GET /remote-healthcare/healthcare/mapping/chatroom/null HTTP/1.1" 400 968
192.168.1.10 - - [17/Mar/2014:00:22:32 +0530] "GET /ApnaAspatalDoctorWebClient/ApnaAspatalDoctorHome.html HTTP/1.1" 304 -
192.168.1.5 - - [17/Mar/2014:00:22:33 +0530] "GET /remote-healthcare/healthcare/mapping/chatroom/null HTTP/1.1" 400 968
192.168.1.10 - - [17/Mar/2014:00:22:37 +0530] "GET /remote-healthcare/healthcare/mapping/docrequestcheck HTTP/1.1" 200 -
192.168.1.5 - - [17/Mar/2014:00:22:38 +0530] "GET /remote-healthcare/healthcare/mapping/chatroom/null HTTP/1.1" 400 968
192.168.1.10 - - [17/Mar/2014:00:22:42 +0530] "GET /remote-healthcare/healthcare/mapping/docrequestcheck HTTP/1.1" 200 -
192.168.1.5 - - [17/Mar/2014:00:22:43 +0530] "GET /remote-healthcare/healthcare/mapping/chatroom/null HTTP/1.1" 400 968
192.168.1.10 - - [17/Mar/2014:00:22:47 +0530] "GET /remote-healthcare/healthcare/mapping/docrequestcheck HTTP/1.1" 200 -
192.168.1.5 - - [17/Mar/2014:00:22:48 +0530] "GET /remote-healthcare/healthcare/mapping/chatroom/null HTTP/1.1" 400 968
192.168.1.10 - - [17/Mar/2014:00:22:52 +0530] "GET /remote-healthcare/healthcare/mapping/docrequestcheck HTTP/1.1" 200 -
192.168.1.5 - - [17/Mar/2014:00:22:53 +0530] "GET /remote-healthcare/healthcare/mapping/chatroom/null HTTP/1.1" 400 968
192.168.1.10 - - [17/Mar/2014:00:22:57 +0530] "GET /remote-healthcare/healthcare/mapping/docrequestcheck HTTP/1.1" 200 -
192.168.1.5 - - [17/Mar/2014:00:22:58 +0530] "GET /remote-healthcare/healthcare/mapping/chatroom/null HTTP/1.1" 400 968
192.168.1.10 - - [17/Mar/2014:00:23:02 +0530] "GET /remote-healthcare/healthcare/mapping/docrequestcheck HTTP/1.1" 200 -
192.168.1.5 - - [17/Mar/2014:00:23:03 +0530] "GET /remote-healthcare/healthcare/mapping/chatroom/null HTTP/1.1" 400 968
192.168.1.10 - - [17/Mar/2014:00:23:07 +0530] "GET /remote-healthcare/healthcare/mapping/docrequestcheck HTTP/1.1" 200 -
192.168.1.5 - - [17/Mar/2014:00:23:08 +0530] "GET /remote-healthcare/healthcare/mapping/chatroom/null HTTP/1.1" 400 968
192.168.1.10 - - [17/Mar/2014:00:23:12 +0530] "GET /remote-healthcare/healthcare/mapping/docrequestcheck HTTP/1.1" 200 -
192.168.1.5 - - [17/Mar/2014:00:23:13 +0530] "GET /remote-healthcare/healthcare/mapping/chatroom/null HTTP/1.1" 400 968
192.168.1.10 - - [17/Mar/2014:00:23:17 +0530] "GET /remote-healthcare/healthcare/mapping/docrequestcheck HTTP/1.1" 200 -
192.168.1.5 - - [17/Mar/2014:00:23:18 +0530] "GET /remote-healthcare/healthcare/mapping/chatroom/null HTTP/1.1" 400 968
192.168.1.10 - - [17/Mar/2014:00:23:22 +0530] "GET /remote-healthcare/healthcare/mapping/docrequestcheck HTTP/1.1" 200 -
192.168.1.5 - - [17/Mar/2014:00:23:23 +0530] "GET /remote-healthcare/healthcare/mapping/chatroom/null HTTP/1.1" 400 968
192.168.1.10 - - [17/Mar/2014:00:23:27 +0530] "GET /remote-healthcare/healthcare/mapping/docrequestcheck HTTP/1.1" 200 -
192.168.1.5 - - [17/Mar/2014:00:23:28 +0530] "GET /remote-healthcare/healthcare/mapping/chatroom/null HTTP/1.1" 400 968
192.168.1.10 - - [17/Mar/2014:00:23:32 +0530] "GET /remote-healthcare/healthcare/mapping/docrequestcheck HTTP/1.1" 200 -
192.168.1.5 - - [17/Mar/2014:00:23:33 +0530] "GET /remote-healthcare/healthcare/mapping/chatroom/null HTTP/1.1" 400 968
192.168.1.10 - - [17/Mar/2014:00:23:37 +0530] "GET /remote-healthcare/healthcare/mapping/docrequestcheck HTTP/1.1" 200 -
192.168.1.5 - - [17/Mar/2014:00:23:38 +0530] "GET /remote-healthcare/healthcare/mapping/chatroom/null HTTP/1.1" 400 968
192.168.1.10 - - [17/Mar/2014:00:25:16 +0530] "GET /remote-healthcare/healthcare/mapping/docrequestcheck HTTP/1.1" 200 -
192.168.1.10 - - [17/Mar/2014:00:25:16 +0530] "GET /ApnaAspatalDoctorWebClient/ApnaAspatalDoctorHome.html HTTP/1.1" 304 -
192.168.1.5 - - [17/Mar/2014:00:25:21 +0530] "POST /remote-healthcare/healthcare/patientaddress/addressanddetail/save HTTP/1.1" 200 111
192.168.1.10 - - [17/Mar/2014:00:25:21 +0530] "GET /remote-healthcare/healthcare/mapping/docrequestcheck HTTP/1.1" 200 -
192.168.1.10 - - [17/Mar/2014:00:25:27 +0530] "GET /remote-healthcare/healthcare/mapping/docrequestcheck HTTP/1.1" 200 -
192.168.1.10 - - [17/Mar/2014:00:25:32 +0530] "GET /remote-healthcare/healthcare/mapping/docrequestcheck HTTP/1.1" 200 -
192.168.1.5 - - [17/Mar/2014:00:25:33 +0530] "POST /remote-healthcare/healthcare/doctorfaq/save HTTP/1.1" 200 111
192.168.1.5 - - [17/Mar/2014:00:25:33 +0530] "GET /ApnaAspatalBoothWebClient/ApnaAspatalPrimaryTestParameters.html HTTP/1.1" 200 13982
192.168.1.10 - - [17/Mar/2014:00:25:37 +0530] "GET /remote-healthcare/healthcare/mapping/docrequestcheck HTTP/1.1" 200 -
192.168.1.5 - - [17/Mar/2014:00:25:41 +0530] "GET /remote-healthcare/healthcare/mapping/chatroom/null HTTP/1.1" 400 968
192.168.1.10 - - [17/Mar/2014:00:25:42 +0530] "GET /remote-healthcare/healthcare/mapping/docrequestcheck HTTP/1.1" 200 -
192.168.1.5 - - [17/Mar/2014:00:25:46 +0530] "GET /remote-healthcare/healthcare/mapping/chatroom/null HTTP/1.1" 400 968
192.168.1.10 - - [17/Mar/2014:00:25:47 +0530] "GET /remote-healthcare/healthcare/mapping/docrequestcheck HTTP/1.1" 200 -
192.168.1.5 - - [17/Mar/2014:00:25:51 +0530] "GET /remote-healthcare/healthcare/mapping/chatroom/null HTTP/1.1" 400 968
192.168.1.10 - - [17/Mar/2014:00:25:52 +0530] "GET /remote-healthcare/healthcare/mapping/docrequestcheck HTTP/1.1" 200 -
192.168.1.5 - - [17/Mar/2014:00:25:55 +0530] "POST /remote-healthcare/healthcare/sendtodoctor/webhealthdetal HTTP/1.1" 200 193
192.168.1.5 - - [17/Mar/2014:00:25:57 +0530] "GET /remote-healthcare/healthcare/mapping/chatroom/107 HTTP/1.1" 200 82
192.168.1.10 - - [17/Mar/2014:00:25:57 +0530] "GET /remote-healthcare/healthcare/mapping/docrequestcheck HTTP/1.1" 200 294
192.168.1.10 - - [17/Mar/2014:00:26:02 +0530] "GET /remote-healthcare/healthcare/mapping/attended/449 HTTP/1.1" 200 770
192.168.1.10 - - [17/Mar/2014:00:26:02 +0530] "GET /ApnaAspatalDoctorWebClient/ApnaAspatalPatientHealthDetail.html HTTP/1.1" 304 -
192.168.1.5 - - [17/Mar/2014:00:26:09 +0530] "GET /remote-healthcare/healthcare/mapping/chatroom/107 HTTP/1.1" 200 82
192.168.1.5 - - [17/Mar/2014:00:26:20 +0530] "GET /remote-healthcare/healthcare/mapping/chatroom/107 HTTP/1.1" 200 82
192.168.1.5 - - [17/Mar/2014:00:26:28 +0530] "GET /remote-healthcare/healthcare/mapping/chatroom/107 HTTP/1.1" 200 82
192.168.1.5 - - [17/Mar/2014:00:26:35 +0530] "GET /remote-healthcare/healthcare/mapping/chatroom/107 HTTP/1.1" 200 82
192.168.1.10 - - [17/Mar/2014:00:26:42 +0530] "GET /remote-healthcare/healthcare/mapping/attended/chat/107 HTTP/1.1" 200 132
192.168.1.5 - - [17/Mar/2014:00:26:44 +0530] "GET /remote-healthcare/healthcare/mapping/chatroom/107 HTTP/1.1" 200 132
192.168.1.5 - - [17/Mar/2014:00:26:51 +0530] "GET /remote-healthcare/healthcare/mapping/chatroom/107 HTTP/1.1" 200 132
192.168.1.5 - - [17/Mar/2014:00:26:58 +0530] "GET /remote-healthcare/healthcare/mapping/chatroom/107 HTTP/1.1" 200 132
192.168.1.5 - - [17/Mar/2014:00:27:17 +0530] "GET /remote-healthcare/healthcare/mapping/chatroom/107 HTTP/1.1" 200 132
192.168.1.5 - - [17/Mar/2014:00:27:32 +0530] "GET /remote-healthcare/healthcare/mapping/chatroom/107 HTTP/1.1" 200 132
192.168.1.5 - - [17/Mar/2014:00:27:40 +0530] "GET /remote-healthcare/healthcare/mapping/chatroom/107 HTTP/1.1" 200 132
192.168.1.5 - - [17/Mar/2014:00:27:48 +0530] "GET /remote-healthcare/healthcare/mapping/chatroom/107 HTTP/1.1" 200 132
192.168.1.5 - - [17/Mar/2014:00:27:58 +0530] "GET /remote-healthcare/healthcare/mapping/chatroom/107 HTTP/1.1" 200 132
192.168.1.10 - - [17/Mar/2014:00:27:59 +0530] "GET /remote-healthcare/healthcare/mapping/attended/chat/107 HTTP/1.1" 200 131
192.168.1.5 - - [17/Mar/2014:00:28:11 +0530] "GET /remote-healthcare/healthcare/mapping/chatroom/107 HTTP/1.1" 200 131
192.168.1.5 - - [17/Mar/2014:00:28:18 +0530] "GET /remote-healthcare/healthcare/mapping/chatroom/107 HTTP/1.1" 200 131
192.168.1.5 - - [17/Mar/2014:00:28:25 +0530] "GET /remote-healthcare/healthcare/mapping/chatroom/107 HTTP/1.1" 200 131
192.168.1.5 - - [17/Mar/2014:00:28:34 +0530] "GET /remote-healthcare/healthcare/mapping/chatroom/107 HTTP/1.1" 200 131
192.168.1.5 - - [17/Mar/2014:00:28:40 +0530] "GET /ApnaAspatalBoothWebClient/ApnaAspatalPrimaryTestParameters.htm HTTP/1.1" 404 1075
192.168.1.10 - - [17/Mar/2014:00:34:44 +0530] "GET /ApnaAspatalDoctorWebClient/ApnaAspatalDoctorHome.html HTTP/1.1" 304 -
192.168.1.10 - - [17/Mar/2014:00:34:50 +0530] "GET /remote-healthcare/healthcare/mapping/docrequestcheck HTTP/1.1" 200 -
192.168.1.10 - - [17/Mar/2014:00:34:55 +0530] "GET /remote-healthcare/healthcare/mapping/docrequestcheck HTTP/1.1" 200 -
192.168.1.5 - - [17/Mar/2014:00:35:00 +0530] "POST /remote-healthcare/healthcare/patientaddress/addressanddetail/save HTTP/1.1" 200 111
192.168.1.10 - - [17/Mar/2014:00:35:00 +0530] "GET /remote-healthcare/healthcare/mapping/docrequestcheck HTTP/1.1" 200 -
192.168.1.10 - - [17/Mar/2014:00:35:06 +0530] "GET /remote-healthcare/healthcare/mapping/docrequestcheck HTTP/1.1" 200 -
192.168.1.10 - - [17/Mar/2014:00:35:11 +0530] "GET /remote-healthcare/healthcare/mapping/docrequestcheck HTTP/1.1" 200 -
192.168.1.5 - - [17/Mar/2014:00:35:15 +0530] "POST /remote-healthcare/healthcare/doctorfaq/save HTTP/1.1" 200 111
192.168.1.5 - - [17/Mar/2014:00:35:15 +0530] "GET /ApnaAspatalBoothWebClient/ApnaAspatalPrimaryTestParameters.html HTTP/1.1" 200 13982
192.168.1.10 - - [17/Mar/2014:00:35:16 +0530] "GET /remote-healthcare/healthcare/mapping/docrequestcheck HTTP/1.1" 200 -
192.168.1.10 - - [17/Mar/2014:00:35:21 +0530] "GET /remote-healthcare/healthcare/mapping/docrequestcheck HTTP/1.1" 200 -
192.168.1.10 - - [17/Mar/2014:00:35:26 +0530] "GET /remote-healthcare/healthcare/mapping/docrequestcheck HTTP/1.1" 200 -
192.168.1.5 - - [17/Mar/2014:00:35:30 +0530] "GET /remote-healthcare/healthcare/mapping/chatroom/null HTTP/1.1" 400 968
192.168.1.10 - - [17/Mar/2014:00:35:31 +0530] "GET /remote-healthcare/healthcare/mapping/docrequestcheck HTTP/1.1" 200 -
192.168.1.5 - - [17/Mar/2014:00:35:35 +0530] "GET /remote-healthcare/healthcare/mapping/chatroom/null HTTP/1.1" 400 968
192.168.1.10 - - [17/Mar/2014:00:35:36 +0530] "GET /remote-healthcare/healthcare/mapping/docrequestcheck HTTP/1.1" 200 -
192.168.1.5 - - [17/Mar/2014:00:35:40 +0530] "GET /remote-healthcare/healthcare/mapping/chatroom/null HTTP/1.1" 400 968
192.168.1.10 - - [17/Mar/2014:00:35:41 +0530] "GET /remote-healthcare/healthcare/mapping/docrequestcheck HTTP/1.1" 200 -
192.168.1.5 - - [17/Mar/2014:00:35:42 +0530] "POST /remote-healthcare/healthcare/sendtodoctor/webhealthdetal HTTP/1.1" 200 193
192.168.1.10 - - [17/Mar/2014:00:35:47 +0530] "GET /remote-healthcare/healthcare/mapping/docrequestcheck HTTP/1.1" 200 294
192.168.1.5 - - [17/Mar/2014:00:35:47 +0530] "GET /remote-healthcare/healthcare/mapping/chatroom/108 HTTP/1.1" 200 82
192.168.1.10 - - [17/Mar/2014:00:35:50 +0530] "GET /remote-healthcare/healthcare/mapping/attended/450 HTTP/1.1" 200 767
192.168.1.10 - - [17/Mar/2014:00:35:50 +0530] "GET /ApnaAspatalDoctorWebClient/ApnaAspatalPatientHealthDetail.html HTTP/1.1" 304 -
192.168.1.5 - - [17/Mar/2014:00:35:52 +0530] "GET /remote-healthcare/healthcare/mapping/chatroom/108 HTTP/1.1" 200 82
192.168.1.5 - - [17/Mar/2014:00:35:57 +0530] "GET /remote-healthcare/healthcare/mapping/chatroom/108 HTTP/1.1" 200 82
192.168.1.5 - - [17/Mar/2014:00:36:02 +0530] "GET /remote-healthcare/healthcare/mapping/chatroom/108 HTTP/1.1" 200 82
192.168.1.10 - - [17/Mar/2014:00:36:05 +0530] "GET /remote-healthcare/healthcare/mapping/attended/chat/108 HTTP/1.1" 200 132
192.168.1.5 - - [17/Mar/2014:00:36:07 +0530] "GET /remote-healthcare/healthcare/mapping/chatroom/108 HTTP/1.1" 200 132
192.168.1.5 - - [17/Mar/2014:00:36:12 +0530] "GET /remote-healthcare/healthcare/mapping/chatroom/108 HTTP/1.1" 200 132
192.168.1.5 - - [17/Mar/2014:00:36:18 +0530] "GET /remote-healthcare/healthcare/mapping/chatroom/108 HTTP/1.1" 200 132
192.168.1.5 - - [17/Mar/2014:00:36:23 +0530] "GET /remote-healthcare/healthcare/mapping/chatroom/108 HTTP/1.1" 200 132
192.168.1.5 - - [17/Mar/2014:00:36:28 +0530] "GET /remote-healthcare/healthcare/mapping/chatroom/108 HTTP/1.1" 200 132
192.168.1.5 - - [17/Mar/2014:00:36:33 +0530] "GET /remote-healthcare/healthcare/mapping/chatroom/108 HTTP/1.1" 200 132
192.168.1.5 - - [17/Mar/2014:00:36:38 +0530] "GET /remote-healthcare/healthcare/mapping/chatroom/108 HTTP/1.1" 200 132
192.168.1.5 - - [17/Mar/2014:00:36:43 +0530] "GET /remote-healthcare/healthcare/mapping/chatroom/108 HTTP/1.1" 200 132
192.168.1.5 - - [17/Mar/2014:00:36:48 +0530] "GET /remote-healthcare/healthcare/mapping/chatroom/108 HTTP/1.1" 200 132
192.168.1.5 - - [17/Mar/2014:00:36:53 +0530] "GET /remote-healthcare/healthcare/mapping/chatroom/108 HTTP/1.1" 200 132
192.168.1.5 - - [17/Mar/2014:00:36:58 +0530] "GET /remote-healthcare/healthcare/mapping/chatroom/108 HTTP/1.1" 200 132
192.168.1.5 - - [17/Mar/2014:00:37:03 +0530] "GET /remote-healthcare/healthcare/mapping/chatroom/108 HTTP/1.1" 200 132
192.168.1.5 - - [17/Mar/2014:00:37:09 +0530] "GET /remote-healthcare/healthcare/mapping/chatroom/108 HTTP/1.1" 200 132
192.168.1.5 - - [17/Mar/2014:00:37:14 +0530] "GET /remote-healthcare/healthcare/mapping/chatroom/108 HTTP/1.1" 200 132
192.168.1.5 - - [17/Mar/2014:00:37:19 +0530] "GET /remote-healthcare/healthcare/mapping/chatroom/108 HTTP/1.1" 200 132
192.168.1.5 - - [17/Mar/2014:00:37:24 +0530] "GET /remote-healthcare/healthcare/mapping/chatroom/108 HTTP/1.1" 200 132
192.168.1.5 - - [17/Mar/2014:00:37:29 +0530] "GET /remote-healthcare/healthcare/mapping/chatroom/108 HTTP/1.1" 200 132
192.168.1.5 - - [17/Mar/2014:00:37:34 +0530] "GET /remote-healthcare/healthcare/mapping/chatroom/108 HTTP/1.1" 200 132
192.168.1.5 - - [17/Mar/2014:00:37:39 +0530] "GET /remote-healthcare/healthcare/mapping/chatroom/108 HTTP/1.1" 200 132
192.168.1.5 - - [17/Mar/2014:00:37:44 +0530] "GET /remote-healthcare/healthcare/mapping/chatroom/108 HTTP/1.1" 200 132
192.168.1.5 - - [17/Mar/2014:00:37:49 +0530] "GET /remote-healthcare/healthcare/mapping/chatroom/108 HTTP/1.1" 200 132
192.168.1.5 - - [17/Mar/2014:00:37:54 +0530] "GET /remote-healthcare/healthcare/mapping/chatroom/108 HTTP/1.1" 200 132
192.168.1.5 - - [17/Mar/2014:00:37:59 +0530] "GET /remote-healthcare/healthcare/mapping/chatroom/108 HTTP/1.1" 200 132
192.168.1.5 - - [17/Mar/2014:00:38:04 +0530] "GET /remote-healthcare/healthcare/mapping/chatroom/108 HTTP/1.1" 200 132
192.168.1.5 - - [17/Mar/2014:00:38:09 +0530] "GET /remote-healthcare/healthcare/mapping/chatroom/108 HTTP/1.1" 200 132
192.168.1.5 - - [17/Mar/2014:00:38:14 +0530] "GET /remote-healthcare/healthcare/mapping/chatroom/108 HTTP/1.1" 200 132
192.168.1.5 - - [17/Mar/2014:00:38:19 +0530] "GET /remote-healthcare/healthcare/mapping/chatroom/108 HTTP/1.1" 200 132
192.168.1.5 - - [17/Mar/2014:00:38:24 +0530] "GET /remote-healthcare/healthcare/mapping/chatroom/108 HTTP/1.1" 200 132
192.168.1.5 - - [17/Mar/2014:00:38:29 +0530] "GET /remote-healthcare/healthcare/mapping/chatroom/108 HTTP/1.1" 200 132
192.168.1.5 - - [17/Mar/2014:00:38:34 +0530] "GET /remote-healthcare/healthcare/mapping/chatroom/108 HTTP/1.1" 200 132
192.168.1.5 - - [17/Mar/2014:00:38:39 +0530] "GET /remote-healthcare/healthcare/mapping/chatroom/108 HTTP/1.1" 200 132
192.168.1.5 - - [17/Mar/2014:00:38:44 +0530] "GET /remote-healthcare/healthcare/mapping/chatroom/108 HTTP/1.1" 200 132
192.168.1.5 - - [17/Mar/2014:00:38:50 +0530] "GET /remote-healthcare/healthcare/mapping/chatroom/108 HTTP/1.1" 200 132
192.168.1.5 - - [17/Mar/2014:00:38:55 +0530] "GET /remote-healthcare/healthcare/mapping/chatroom/108 HTTP/1.1" 200 132
192.168.1.5 - - [17/Mar/2014:00:39:00 +0530] "GET /remote-healthcare/healthcare/mapping/chatroom/108 HTTP/1.1" 200 132
192.168.1.5 - - [17/Mar/2014:00:39:05 +0530] "GET /remote-healthcare/healthcare/mapping/chatroom/108 HTTP/1.1" 200 132
192.168.1.5 - - [17/Mar/2014:00:39:10 +0530] "GET /remote-healthcare/healthcare/mapping/chatroom/108 HTTP/1.1" 200 132
192.168.1.5 - - [17/Mar/2014:00:39:15 +0530] "GET /remote-healthcare/healthcare/mapping/chatroom/108 HTTP/1.1" 200 132
192.168.1.5 - - [17/Mar/2014:00:39:20 +0530] "GET /remote-healthcare/healthcare/mapping/chatroom/108 HTTP/1.1" 200 132
192.168.1.5 - - [17/Mar/2014:00:39:25 +0530] "GET /remote-healthcare/healthcare/mapping/chatroom/108 HTTP/1.1" 200 132
192.168.1.5 - - [17/Mar/2014:00:39:30 +0530] "GET /remote-healthcare/healthcare/mapping/chatroom/108 HTTP/1.1" 200 132
192.168.1.5 - - [17/Mar/2014:00:39:35 +0530] "GET /remote-healthcare/healthcare/mapping/chatroom/108 HTTP/1.1" 200 132
192.168.1.5 - - [17/Mar/2014:00:39:40 +0530] "GET /remote-healthcare/healthcare/mapping/chatroom/108 HTTP/1.1" 200 132
192.168.1.5 - - [17/Mar/2014:00:39:45 +0530] "GET /remote-healthcare/healthcare/mapping/chatroom/108 HTTP/1.1" 200 132
192.168.1.5 - - [17/Mar/2014:00:39:50 +0530] "GET /remote-healthcare/healthcare/mapping/chatroom/108 HTTP/1.1" 200 132
192.168.1.5 - - [17/Mar/2014:00:39:55 +0530] "GET /remote-healthcare/healthcare/mapping/chatroom/108 HTTP/1.1" 200 132
192.168.1.5 - - [17/Mar/2014:00:40:00 +0530] "GET /remote-healthcare/healthcare/mapping/chatroom/108 HTTP/1.1" 200 132
192.168.1.5 - - [17/Mar/2014:00:40:05 +0530] "GET /remote-healthcare/healthcare/mapping/chatroom/108 HTTP/1.1" 200 132
192.168.1.5 - - [17/Mar/2014:00:40:10 +0530] "GET /remote-healthcare/healthcare/mapping/chatroom/108 HTTP/1.1" 200 132
192.168.1.5 - - [17/Mar/2014:00:40:15 +0530] "GET /remote-healthcare/healthcare/mapping/chatroom/108 HTTP/1.1" 200 132
192.168.1.5 - - [17/Mar/2014:00:40:20 +0530] "GET /remote-healthcare/healthcare/mapping/chatroom/108 HTTP/1.1" 200 132
192.168.1.5 - - [17/Mar/2014:00:40:25 +0530] "GET /remote-healthcare/healthcare/mapping/chatroom/108 HTTP/1.1" 200 132
192.168.1.5 - - [17/Mar/2014:00:40:31 +0530] "GET /remote-healthcare/healthcare/mapping/chatroom/108 HTTP/1.1" 200 132
192.168.1.5 - - [17/Mar/2014:00:40:36 +0530] "GET /remote-healthcare/healthcare/mapping/chatroom/108 HTTP/1.1" 200 132
192.168.1.5 - - [17/Mar/2014:00:40:41 +0530] "GET /remote-healthcare/healthcare/mapping/chatroom/108 HTTP/1.1" 200 132
192.168.1.5 - - [17/Mar/2014:00:40:46 +0530] "GET /remote-healthcare/healthcare/mapping/chatroom/108 HTTP/1.1" 200 132
192.168.1.5 - - [17/Mar/2014:00:40:51 +0530] "GET /remote-healthcare/healthcare/mapping/chatroom/108 HTTP/1.1" 200 132
192.168.1.5 - - [17/Mar/2014:00:40:56 +0530] "GET /remote-healthcare/healthcare/mapping/chatroom/108 HTTP/1.1" 200 132
192.168.1.5 - - [17/Mar/2014:00:41:01 +0530] "GET /remote-healthcare/healthcare/mapping/chatroom/108 HTTP/1.1" 200 132
192.168.1.5 - - [17/Mar/2014:00:41:06 +0530] "GET /remote-healthcare/healthcare/mapping/chatroom/108 HTTP/1.1" 200 132
192.168.1.5 - - [17/Mar/2014:00:41:11 +0530] "GET /remote-healthcare/healthcare/mapping/chatroom/108 HTTP/1.1" 200 132
192.168.1.5 - - [17/Mar/2014:00:41:16 +0530] "GET /remote-healthcare/healthcare/mapping/chatroom/108 HTTP/1.1" 200 132
192.168.1.5 - - [17/Mar/2014:00:41:21 +0530] "GET /remote-healthcare/healthcare/mapping/chatroom/108 HTTP/1.1" 200 132
192.168.1.5 - - [17/Mar/2014:00:41:26 +0530] "GET /remote-healthcare/healthcare/mapping/chatroom/108 HTTP/1.1" 200 132
192.168.1.5 - - [17/Mar/2014:00:41:31 +0530] "GET /remote-healthcare/healthcare/mapping/chatroom/108 HTTP/1.1" 200 132
192.168.1.5 - - [17/Mar/2014:00:41:36 +0530] "GET /remote-healthcare/healthcare/mapping/chatroom/108 HTTP/1.1" 200 132
192.168.1.5 - - [17/Mar/2014:00:41:41 +0530] "GET /remote-healthcare/healthcare/mapping/chatroom/108 HTTP/1.1" 200 132
192.168.1.5 - - [17/Mar/2014:00:41:46 +0530] "GET /remote-healthcare/healthcare/mapping/chatroom/108 HTTP/1.1" 200 132
192.168.1.5 - - [17/Mar/2014:00:41:51 +0530] "GET /remote-healthcare/healthcare/mapping/chatroom/108 HTTP/1.1" 200 132
192.168.1.5 - - [17/Mar/2014:00:41:56 +0530] "GET /remote-healthcare/healthcare/mapping/chatroom/108 HTTP/1.1" 200 132
192.168.1.5 - - [17/Mar/2014:00:42:01 +0530] "GET /remote-healthcare/healthcare/mapping/chatroom/108 HTTP/1.1" 200 132
192.168.1.5 - - [17/Mar/2014:00:42:06 +0530] "GET /remote-healthcare/healthcare/mapping/chatroom/108 HTTP/1.1" 200 132
192.168.1.5 - - [17/Mar/2014:00:42:12 +0530] "GET /remote-healthcare/healthcare/mapping/chatroom/108 HTTP/1.1" 200 132
192.168.1.5 - - [17/Mar/2014:00:42:17 +0530] "GET /remote-healthcare/healthcare/mapping/chatroom/108 HTTP/1.1" 200 132
192.168.1.5 - - [17/Mar/2014:00:42:22 +0530] "GET /remote-healthcare/healthcare/mapping/chatroom/108 HTTP/1.1" 200 132
192.168.1.5 - - [17/Mar/2014:00:42:27 +0530] "GET /remote-healthcare/healthcare/mapping/chatroom/108 HTTP/1.1" 200 132
192.168.1.5 - - [17/Mar/2014:00:42:32 +0530] "GET /remote-healthcare/healthcare/mapping/chatroom/108 HTTP/1.1" 200 132
192.168.1.5 - - [17/Mar/2014:00:42:37 +0530] "GET /remote-healthcare/healthcare/mapping/chatroom/108 HTTP/1.1" 200 132
192.168.1.5 - - [17/Mar/2014:00:42:42 +0530] "GET /remote-healthcare/healthcare/mapping/chatroom/108 HTTP/1.1" 200 132
192.168.1.5 - - [17/Mar/2014:00:42:47 +0530] "GET /remote-healthcare/healthcare/mapping/chatroom/108 HTTP/1.1" 200 132
192.168.1.5 - - [17/Mar/2014:00:42:52 +0530] "GET /remote-healthcare/healthcare/mapping/chatroom/108 HTTP/1.1" 200 132
192.168.1.5 - - [17/Mar/2014:00:42:57 +0530] "GET /remote-healthcare/healthcare/mapping/chatroom/108 HTTP/1.1" 200 132
192.168.1.5 - - [17/Mar/2014:00:43:02 +0530] "GET /remote-healthcare/healthcare/mapping/chatroom/108 HTTP/1.1" 200 132
192.168.1.5 - - [17/Mar/2014:00:43:04 +0530] "GET /ApnaAspatalBoothWebClient/ApnaAspatalPrimaryTestParameters.html HTTP/1.1" 304 -
192.168.1.5 - - [17/Mar/2014:00:43:05 +0530] "GET /ApnaAspatalBoothWebClient/apnaaspatal.jpg HTTP/1.1" 304 -
192.168.1.5 - - [17/Mar/2014:00:43:06 +0530] "GET /ApnaAspatalBoothWebClient/js/jquery-2.0.3.min.js HTTP/1.1" 304 -
192.168.1.5 - - [17/Mar/2014:00:43:19 +0530] "GET /remote-healthcare/healthcare/mapping/chatroom/null HTTP/1.1" 400 968
192.168.1.5 - - [17/Mar/2014:00:43:24 +0530] "GET /remote-healthcare/healthcare/mapping/chatroom/null HTTP/1.1" 400 968
192.168.1.5 - - [17/Mar/2014:00:43:29 +0530] "GET /remote-healthcare/healthcare/mapping/chatroom/null HTTP/1.1" 400 968
192.168.1.5 - - [17/Mar/2014:00:43:34 +0530] "GET /remote-healthcare/healthcare/mapping/chatroom/null HTTP/1.1" 400 968
192.168.1.5 - - [17/Mar/2014:00:43:39 +0530] "GET /remote-healthcare/healthcare/mapping/chatroom/null HTTP/1.1" 400 968
192.168.1.5 - - [17/Mar/2014:00:43:44 +0530] "GET /remote-healthcare/healthcare/mapping/chatroom/null HTTP/1.1" 400 968
192.168.1.5 - - [17/Mar/2014:00:43:49 +0530] "GET /remote-healthcare/healthcare/mapping/chatroom/null HTTP/1.1" 400 968
192.168.1.5 - - [17/Mar/2014:00:43:54 +0530] "GET /remote-healthcare/healthcare/mapping/chatroom/null HTTP/1.1" 400 968
192.168.1.5 - - [17/Mar/2014:00:43:59 +0530] "GET /remote-healthcare/healthcare/mapping/chatroom/null HTTP/1.1" 400 968
192.168.1.5 - - [17/Mar/2014:00:44:04 +0530] "GET /remote-healthcare/healthcare/mapping/chatroom/null HTTP/1.1" 400 968
192.168.1.5 - - [17/Mar/2014:00:44:10 +0530] "GET /remote-healthcare/healthcare/mapping/chatroom/null HTTP/1.1" 400 968
192.168.1.5 - - [17/Mar/2014:00:44:23 +0530] "POST /remote-healthcare/healthcare/patientaddress/addressanddetail/save HTTP/1.1" 200 111
192.168.1.10 - - [17/Mar/2014:00:44:28 +0530] "GET /ApnaAspatalDoctorWebClient/ApnaAspatalDoctorHome.html HTTP/1.1" 304 -
192.168.1.10 - - [17/Mar/2014:00:44:33 +0530] "GET /remote-healthcare/healthcare/mapping/docrequestcheck HTTP/1.1" 200 -
192.168.1.10 - - [17/Mar/2014:00:44:38 +0530] "GET /remote-healthcare/healthcare/mapping/docrequestcheck HTTP/1.1" 200 -
192.168.1.10 - - [17/Mar/2014:00:44:43 +0530] "GET /remote-healthcare/healthcare/mapping/docrequestcheck HTTP/1.1" 200 -
192.168.1.5 - - [17/Mar/2014:00:44:43 +0530] "POST /remote-healthcare/healthcare/doctorfaq/save HTTP/1.1" 200 111
192.168.1.5 - - [17/Mar/2014:00:44:43 +0530] "GET /ApnaAspatalBoothWebClient/ApnaAspatalPrimaryTestParameters.html HTTP/1.1" 304 -
192.168.1.10 - - [17/Mar/2014:00:44:48 +0530] "GET /remote-healthcare/healthcare/mapping/docrequestcheck HTTP/1.1" 200 -
192.168.1.5 - - [17/Mar/2014:00:44:51 +0530] "GET /remote-healthcare/healthcare/mapping/chatroom/null HTTP/1.1" 400 968
192.168.1.10 - - [17/Mar/2014:00:44:53 +0530] "GET /remote-healthcare/healthcare/mapping/docrequestcheck HTTP/1.1" 200 -
192.168.1.5 - - [17/Mar/2014:00:44:56 +0530] "GET /remote-healthcare/healthcare/mapping/chatroom/null HTTP/1.1" 400 968
192.168.1.10 - - [17/Mar/2014:00:44:58 +0530] "GET /remote-healthcare/healthcare/mapping/docrequestcheck HTTP/1.1" 200 -
192.168.1.5 - - [17/Mar/2014:00:45:01 +0530] "GET /remote-healthcare/healthcare/mapping/chatroom/null HTTP/1.1" 400 968
192.168.1.10 - - [17/Mar/2014:00:45:03 +0530] "GET /remote-healthcare/healthcare/mapping/docrequestcheck HTTP/1.1" 200 -
192.168.1.5 - - [17/Mar/2014:00:45:06 +0530] "GET /remote-healthcare/healthcare/mapping/chatroom/null HTTP/1.1" 400 968
192.168.1.10 - - [17/Mar/2014:00:45:08 +0530] "GET /remote-healthcare/healthcare/mapping/docrequestcheck HTTP/1.1" 200 -
192.168.1.5 - - [17/Mar/2014:00:45:11 +0530] "GET /remote-healthcare/healthcare/mapping/chatroom/null HTTP/1.1" 400 968
192.168.1.10 - - [17/Mar/2014:00:45:13 +0530] "GET /remote-healthcare/healthcare/mapping/docrequestcheck HTTP/1.1" 200 -
192.168.1.5 - - [17/Mar/2014:00:45:16 +0530] "GET /remote-healthcare/healthcare/mapping/chatroom/null HTTP/1.1" 400 968
192.168.1.10 - - [17/Mar/2014:00:45:18 +0530] "GET /remote-healthcare/healthcare/mapping/docrequestcheck HTTP/1.1" 200 -
192.168.1.5 - - [17/Mar/2014:00:45:19 +0530] "POST /remote-healthcare/healthcare/sendtodoctor/webhealthdetal HTTP/1.1" 200 193
192.168.1.5 - - [17/Mar/2014:00:45:23 +0530] "GET /remote-healthcare/healthcare/mapping/chatroom/109 HTTP/1.1" 200 82
192.168.1.10 - - [17/Mar/2014:00:45:24 +0530] "GET /remote-healthcare/healthcare/mapping/docrequestcheck HTTP/1.1" 200 294
192.168.1.5 - - [17/Mar/2014:00:45:28 +0530] "GET /remote-healthcare/healthcare/mapping/chatroom/109 HTTP/1.1" 200 82
192.168.1.10 - - [17/Mar/2014:00:45:29 +0530] "GET /remote-healthcare/healthcare/mapping/attended/451 HTTP/1.1" 200 778
192.168.1.10 - - [17/Mar/2014:00:45:29 +0530] "GET /ApnaAspatalDoctorWebClient/ApnaAspatalPatientHealthDetail.html HTTP/1.1" 304 -
192.168.1.5 - - [17/Mar/2014:00:45:33 +0530] "GET /remote-healthcare/healthcare/mapping/chatroom/109 HTTP/1.1" 200 82
192.168.1.5 - - [17/Mar/2014:00:45:39 +0530] "GET /remote-healthcare/healthcare/mapping/chatroom/109 HTTP/1.1" 200 82
192.168.1.5 - - [17/Mar/2014:00:45:44 +0530] "GET /remote-healthcare/healthcare/mapping/chatroom/109 HTTP/1.1" 200 82
192.168.1.5 - - [17/Mar/2014:00:45:49 +0530] "GET /remote-healthcare/healthcare/mapping/chatroom/109 HTTP/1.1" 200 82
192.168.1.5 - - [17/Mar/2014:00:45:55 +0530] "GET /remote-healthcare/healthcare/mapping/chatroom/109 HTTP/1.1" 200 82
192.168.1.5 - - [17/Mar/2014:00:46:00 +0530] "GET /remote-healthcare/healthcare/mapping/chatroom/109 HTTP/1.1" 200 82
192.168.1.5 - - [17/Mar/2014:00:46:05 +0530] "GET /remote-healthcare/healthcare/mapping/chatroom/109 HTTP/1.1" 200 82
192.168.1.5 - - [17/Mar/2014:00:46:10 +0530] "GET /remote-healthcare/healthcare/mapping/chatroom/109 HTTP/1.1" 200 82
192.168.1.5 - - [17/Mar/2014:00:46:15 +0530] "GET /remote-healthcare/healthcare/mapping/chatroom/109 HTTP/1.1" 200 82
192.168.1.5 - - [17/Mar/2014:00:46:21 +0530] "GET /remote-healthcare/healthcare/mapping/chatroom/109 HTTP/1.1" 200 82
192.168.1.5 - - [17/Mar/2014:00:46:26 +0530] "GET /remote-healthcare/healthcare/mapping/chatroom/109 HTTP/1.1" 200 82
